Archive member included to satisfy reference by file (symbol)

c:/progra~2/gnutoo~1/92019-~1/bin/../lib/gcc/arm-none-eabi/9.2.1/../../../../arm-none-eabi/lib/thumb/v7e-m/nofp\libstdc++.a(class_type_info.o)
                              CMakeFiles/FOC_SMC_BLDC.elf.dir/Ctrl/Sensor/Encoder/encoder_base.cpp.obj (vtable for __cxxabiv1::__class_type_info)
c:/progra~2/gnutoo~1/92019-~1/bin/../lib/gcc/arm-none-eabi/9.2.1/../../../../arm-none-eabi/lib/thumb/v7e-m/nofp\libstdc++.a(del_ops.o)
                              c:/progra~2/gnutoo~1/92019-~1/bin/../lib/gcc/arm-none-eabi/9.2.1/../../../../arm-none-eabi/lib/thumb/v7e-m/nofp\libstdc++.a(class_type_info.o) (operator delete(void*, unsigned int))
c:/progra~2/gnutoo~1/92019-~1/bin/../lib/gcc/arm-none-eabi/9.2.1/../../../../arm-none-eabi/lib/thumb/v7e-m/nofp\libstdc++.a(guard.o)
                              CMakeFiles/FOC_SMC_BLDC.elf.dir/Ctrl/Sensor/Encoder/Instances/encoder_as5047.cpp.obj (__cxa_guard_acquire)
c:/progra~2/gnutoo~1/92019-~1/bin/../lib/gcc/arm-none-eabi/9.2.1/../../../../arm-none-eabi/lib/thumb/v7e-m/nofp\libstdc++.a(guard_error.o)
                              c:/progra~2/gnutoo~1/92019-~1/bin/../lib/gcc/arm-none-eabi/9.2.1/../../../../arm-none-eabi/lib/thumb/v7e-m/nofp\libstdc++.a(guard.o) (__gnu_cxx::recursive_init_error::~recursive_init_error())
c:/progra~2/gnutoo~1/92019-~1/bin/../lib/gcc/arm-none-eabi/9.2.1/../../../../arm-none-eabi/lib/thumb/v7e-m/nofp\libstdc++.a(pure.o)
                              CMakeFiles/FOC_SMC_BLDC.elf.dir/Ctrl/Sensor/Encoder/Instances/encoder_as5047.cpp.obj (__cxa_pure_virtual)
c:/progra~2/gnutoo~1/92019-~1/bin/../lib/gcc/arm-none-eabi/9.2.1/../../../../arm-none-eabi/lib/thumb/v7e-m/nofp\libstdc++.a(si_class_type_info.o)
                              CMakeFiles/FOC_SMC_BLDC.elf.dir/Ctrl/Sensor/Encoder/Instances/encoder_as5047.cpp.obj (vtable for __cxxabiv1::__si_class_type_info)
c:/progra~2/gnutoo~1/92019-~1/bin/../lib/gcc/arm-none-eabi/9.2.1/../../../../arm-none-eabi/lib/thumb/v7e-m/nofp\libstdc++.a(tinfo.o)
                              c:/progra~2/gnutoo~1/92019-~1/bin/../lib/gcc/arm-none-eabi/9.2.1/../../../../arm-none-eabi/lib/thumb/v7e-m/nofp\libstdc++.a(class_type_info.o) (std::type_info::~type_info())
c:/progra~2/gnutoo~1/92019-~1/bin/../lib/gcc/arm-none-eabi/9.2.1/../../../../arm-none-eabi/lib/thumb/v7e-m/nofp\libstdc++.a(del_op.o)
                              c:/progra~2/gnutoo~1/92019-~1/bin/../lib/gcc/arm-none-eabi/9.2.1/../../../../arm-none-eabi/lib/thumb/v7e-m/nofp\libstdc++.a(del_ops.o) (operator delete(void*))
c:/progra~2/gnutoo~1/92019-~1/bin/../lib/gcc/arm-none-eabi/9.2.1/../../../../arm-none-eabi/lib/thumb/v7e-m/nofp\libstdc++.a(eh_alloc.o)
                              c:/progra~2/gnutoo~1/92019-~1/bin/../lib/gcc/arm-none-eabi/9.2.1/../../../../arm-none-eabi/lib/thumb/v7e-m/nofp\libstdc++.a(guard.o) (__cxa_allocate_exception)
c:/progra~2/gnutoo~1/92019-~1/bin/../lib/gcc/arm-none-eabi/9.2.1/../../../../arm-none-eabi/lib/thumb/v7e-m/nofp\libstdc++.a(eh_exception.o)
                              c:/progra~2/gnutoo~1/92019-~1/bin/../lib/gcc/arm-none-eabi/9.2.1/../../../../arm-none-eabi/lib/thumb/v7e-m/nofp\libstdc++.a(guard_error.o) (std::exception::~exception())
c:/progra~2/gnutoo~1/92019-~1/bin/../lib/gcc/arm-none-eabi/9.2.1/../../../../arm-none-eabi/lib/thumb/v7e-m/nofp\libstdc++.a(eh_terminate.o)
                              c:/progra~2/gnutoo~1/92019-~1/bin/../lib/gcc/arm-none-eabi/9.2.1/../../../../arm-none-eabi/lib/thumb/v7e-m/nofp\libstdc++.a(pure.o) (std::terminate())
c:/progra~2/gnutoo~1/92019-~1/bin/../lib/gcc/arm-none-eabi/9.2.1/../../../../arm-none-eabi/lib/thumb/v7e-m/nofp\libstdc++.a(eh_throw.o)
                              c:/progra~2/gnutoo~1/92019-~1/bin/../lib/gcc/arm-none-eabi/9.2.1/../../../../arm-none-eabi/lib/thumb/v7e-m/nofp\libstdc++.a(guard.o) (__cxa_throw)
c:/progra~2/gnutoo~1/92019-~1/bin/../lib/gcc/arm-none-eabi/9.2.1/../../../../arm-none-eabi/lib/thumb/v7e-m/nofp\libstdc++.a(eh_unex_handler.o)
                              c:/progra~2/gnutoo~1/92019-~1/bin/../lib/gcc/arm-none-eabi/9.2.1/../../../../arm-none-eabi/lib/thumb/v7e-m/nofp\libstdc++.a(eh_terminate.o) (__cxxabiv1::__unexpected_handler)
c:/progra~2/gnutoo~1/92019-~1/bin/../lib/gcc/arm-none-eabi/9.2.1/../../../../arm-none-eabi/lib/thumb/v7e-m/nofp\libstdc++.a(vterminate.o)
                              c:/progra~2/gnutoo~1/92019-~1/bin/../lib/gcc/arm-none-eabi/9.2.1/../../../../arm-none-eabi/lib/thumb/v7e-m/nofp\libstdc++.a(eh_terminate.o) (__gnu_cxx::__verbose_terminate_handler())
c:/progra~2/gnutoo~1/92019-~1/bin/../lib/gcc/arm-none-eabi/9.2.1/../../../../arm-none-eabi/lib/thumb/v7e-m/nofp\libstdc++.a(cp-demangle.o)
                              c:/progra~2/gnutoo~1/92019-~1/bin/../lib/gcc/arm-none-eabi/9.2.1/../../../../arm-none-eabi/lib/thumb/v7e-m/nofp\libstdc++.a(vterminate.o) (__cxa_demangle)
[...]
Memory Configuration

Name             Origin             Length             Attributes
RAM              0x20000000         0x00020000         xrw
CCMRAM           0x10000000         0x00010000         xrw
FLASH            0x08000000         0x00100000         xr
*default*        0x00000000         0xffffffff

Linker script and memory map

LOAD c:/progra~2/gnutoo~1/92019-~1/bin/../lib/gcc/arm-none-eabi/9.2.1/thumb/v7e-m/nofp/crti.o
LOAD c:/progra~2/gnutoo~1/92019-~1/bin/../lib/gcc/arm-none-eabi/9.2.1/thumb/v7e-m/nofp/crtbegin.o
LOAD c:/progra~2/gnutoo~1/92019-~1/bin/../lib/gcc/arm-none-eabi/9.2.1/../../../../arm-none-eabi/lib/thumb/v7e-m/nofp/crt0.o
LOAD CMakeFiles/FOC_SMC_BLDC.elf.dir/Core/Src/adc.c.obj
LOAD CMakeFiles/FOC_SMC_BLDC.elf.dir/Core/Src/can.c.obj
LOAD CMakeFiles/FOC_SMC_BLDC.elf.dir/Core/Src/dma.c.obj
LOAD CMakeFiles/FOC_SMC_BLDC.elf.dir/Core/Src/gpio.c.obj
LOAD CMakeFiles/FOC_SMC_BLDC.elf.dir/Core/Src/main.c.obj
LOAD CMakeFiles/FOC_SMC_BLDC.elf.dir/Core/Src/spi.c.obj
LOAD CMakeFiles/FOC_SMC_BLDC.elf.dir/Core/Src/stm32f4xx_hal_msp.c.obj
LOAD CMakeFiles/FOC_SMC_BLDC.elf.dir/Core/Src/stm32f4xx_it.c.obj
LOAD CMakeFiles/FOC_SMC_BLDC.elf.dir/Core/Src/syscalls.c.obj
LOAD CMakeFiles/FOC_SMC_BLDC.elf.dir/Core/Src/system_stm32f4xx.c.obj
LOAD CMakeFiles/FOC_SMC_BLDC.elf.dir/Core/Src/tim.c.obj
LOAD CMakeFiles/FOC_SMC_BLDC.elf.dir/Core/Src/usart.c.obj
LOAD CMakeFiles/FOC_SMC_BLDC.elf.dir/Ctrl/Sensor/Encoder/Instances/encoder_as5047.cpp.obj
LOAD CMakeFiles/FOC_SMC_BLDC.elf.dir/Ctrl/Sensor/Encoder/encoder_base.cpp.obj
LOAD CMakeFiles/FOC_SMC_BLDC.elf.dir/Ctrl/Signal/button_base.cpp.obj
LOAD CMakeFiles/FOC_SMC_BLDC.elf.dir/Ctrl/Signal/io_signal_base.cpp.obj
LOAD CMakeFiles/FOC_SMC_BLDC.elf.dir/Ctrl/Utils/foc_utils.cpp.obj
LOAD CMakeFiles/FOC_SMC_BLDC.elf.dir/Ctrl/Utils/lowpass_filter.cpp.obj
LOAD CMakeFiles/FOC_SMC_BLDC.elf.dir/Ctrl/Utils/pid.cpp.obj
LOAD CMakeFiles/FOC_SMC_BLDC.elf.dir/Drivers/STM32F4xx_HAL_Driver/Src/stm32f4xx_hal.c.obj
LOAD CMakeFiles/FOC_SMC_BLDC.elf.dir/Drivers/STM32F4xx_HAL_Driver/Src/stm32f4xx_hal_adc.c.obj
LOAD CMakeFiles/FOC_SMC_BLDC.elf.dir/Drivers/STM32F4xx_HAL_Driver/Src/stm32f4xx_hal_adc_ex.c.obj
LOAD CMakeFiles/FOC_SMC_BLDC.elf.dir/Drivers/STM32F4xx_HAL_Driver/Src/stm32f4xx_hal_can.c.obj
LOAD CMakeFiles/FOC_SMC_BLDC.elf.dir/Drivers/STM32F4xx_HAL_Driver/Src/stm32f4xx_hal_cortex.c.obj
LOAD CMakeFiles/FOC_SMC_BLDC.elf.dir/Drivers/STM32F4xx_HAL_Driver/Src/stm32f4xx_hal_dma.c.obj
LOAD CMakeFiles/FOC_SMC_BLDC.elf.dir/Drivers/STM32F4xx_HAL_Driver/Src/stm32f4xx_hal_dma_ex.c.obj
LOAD CMakeFiles/FOC_SMC_BLDC.elf.dir/Drivers/STM32F4xx_HAL_Driver/Src/stm32f4xx_hal_exti.c.obj
LOAD CMakeFiles/FOC_SMC_BLDC.elf.dir/Drivers/STM32F4xx_HAL_Driver/Src/stm32f4xx_hal_flash.c.obj
LOAD CMakeFiles/FOC_SMC_BLDC.elf.dir/Drivers/STM32F4xx_HAL_Driver/Src/stm32f4xx_hal_flash_ex.c.obj
LOAD CMakeFiles/FOC_SMC_BLDC.elf.dir/Drivers/STM32F4xx_HAL_Driver/Src/stm32f4xx_hal_flash_ramfunc.c.obj
LOAD CMakeFiles/FOC_SMC_BLDC.elf.dir/Drivers/STM32F4xx_HAL_Driver/Src/stm32f4xx_hal_gpio.c.obj
LOAD CMakeFiles/FOC_SMC_BLDC.elf.dir/Drivers/STM32F4xx_HAL_Driver/Src/stm32f4xx_hal_pwr.c.obj
LOAD CMakeFiles/FOC_SMC_BLDC.elf.dir/Drivers/STM32F4xx_HAL_Driver/Src/stm32f4xx_hal_pwr_ex.c.obj
LOAD CMakeFiles/FOC_SMC_BLDC.elf.dir/Drivers/STM32F4xx_HAL_Driver/Src/stm32f4xx_hal_rcc.c.obj
LOAD CMakeFiles/FOC_SMC_BLDC.elf.dir/Drivers/STM32F4xx_HAL_Driver/Src/stm32f4xx_hal_rcc_ex.c.obj
LOAD CMakeFiles/FOC_SMC_BLDC.elf.dir/Drivers/STM32F4xx_HAL_Driver/Src/stm32f4xx_hal_spi.c.obj
LOAD CMakeFiles/FOC_SMC_BLDC.elf.dir/Drivers/STM32F4xx_HAL_Driver/Src/stm32f4xx_hal_tim.c.obj
LOAD CMakeFiles/FOC_SMC_BLDC.elf.dir/Drivers/STM32F4xx_HAL_Driver/Src/stm32f4xx_hal_tim_ex.c.obj
LOAD CMakeFiles/FOC_SMC_BLDC.elf.dir/Drivers/STM32F4xx_HAL_Driver/Src/stm32f4xx_hal_uart.c.obj
LOAD CMakeFiles/FOC_SMC_BLDC.elf.dir/Drivers/STM32F4xx_HAL_Driver/Src/stm32f4xx_ll_adc.c.obj
LOAD CMakeFiles/FOC_SMC_BLDC.elf.dir/Hardware/i2c_software.c.obj
LOAD CMakeFiles/FOC_SMC_BLDC.elf.dir/Hardware/spi3.c.obj
LOAD CMakeFiles/FOC_SMC_BLDC.elf.dir/Platform/Sensor/Encoder/encoder_as5047_stm32.cpp.obj
LOAD CMakeFiles/FOC_SMC_BLDC.elf.dir/Platform/Signal/button_stm32.cpp.obj
LOAD CMakeFiles/FOC_SMC_BLDC.elf.dir/Platform/Utils/Memory/emulated_eeprom.cpp.obj
LOAD CMakeFiles/FOC_SMC_BLDC.elf.dir/Platform/Utils/retarget.c.obj
LOAD CMakeFiles/FOC_SMC_BLDC.elf.dir/Platform/Utils/st_hardware.c.obj
LOAD CMakeFiles/FOC_SMC_BLDC.elf.dir/Platform/Utils/time_utils.cpp.obj
LOAD CMakeFiles/FOC_SMC_BLDC.elf.dir/SimpleFOC/BLDCMotor.c.obj
LOAD CMakeFiles/FOC_SMC_BLDC.elf.dir/SimpleFOC/CurrentSense.c.obj
LOAD CMakeFiles/FOC_SMC_BLDC.elf.dir/SimpleFOC/Encoder.c.obj
LOAD CMakeFiles/FOC_SMC_BLDC.elf.dir/SimpleFOC/FOCMotor.c.obj
LOAD CMakeFiles/FOC_SMC_BLDC.elf.dir/SimpleFOC/MagneticSensorI2C.c.obj
LOAD CMakeFiles/FOC_SMC_BLDC.elf.dir/SimpleFOC/MagneticSensorSPI.c.obj
LOAD CMakeFiles/FOC_SMC_BLDC.elf.dir/SimpleFOC/Sensor.c.obj
LOAD CMakeFiles/FOC_SMC_BLDC.elf.dir/SimpleFOC/lowpass_filter.c.obj
LOAD CMakeFiles/FOC_SMC_BLDC.elf.dir/SimpleFOC/lowsideCurrentSense.c.obj
LOAD CMakeFiles/FOC_SMC_BLDC.elf.dir/SimpleFOC/motor_base.cpp.obj
LOAD CMakeFiles/FOC_SMC_BLDC.elf.dir/SimpleFOC/pid.c.obj
LOAD CMakeFiles/FOC_SMC_BLDC.elf.dir/UserApp/main.cpp.obj
LOAD CMakeFiles/FOC_SMC_BLDC.elf.dir/UserApp/protocols/interface_can.cpp.obj
LOAD CMakeFiles/FOC_SMC_BLDC.elf.dir/UserApp/protocols/interface_uart.cpp.obj
LOAD CMakeFiles/FOC_SMC_BLDC.elf.dir/startup/startup_stm32f405xx.s.obj
LOAD c:/progra~2/gnutoo~1/92019-~1/bin/../lib/gcc/arm-none-eabi/9.2.1/../../../../arm-none-eabi/lib/thumb/v7e-m/nofp\libstdc++.a
LOAD c:/progra~2/gnutoo~1/92019-~1/bin/../lib/gcc/arm-none-eabi/9.2.1/../../../../arm-none-eabi/lib/thumb/v7e-m/nofp\libm.a
START GROUP
LOAD c:/progra~2/gnutoo~1/92019-~1/bin/../lib/gcc/arm-none-eabi/9.2.1/thumb/v7e-m/nofp\libgcc.a
LOAD c:/progra~2/gnutoo~1/92019-~1/bin/../lib/gcc/arm-none-eabi/9.2.1/../../../../arm-none-eabi/lib/thumb/v7e-m/nofp\libg.a
LOAD c:/progra~2/gnutoo~1/92019-~1/bin/../lib/gcc/arm-none-eabi/9.2.1/../../../../arm-none-eabi/lib/thumb/v7e-m/nofp\libc.a
END GROUP
LOAD c:/progra~2/gnutoo~1/92019-~1/bin/../lib/gcc/arm-none-eabi/9.2.1/thumb/v7e-m/nofp/crtend.o
LOAD c:/progra~2/gnutoo~1/92019-~1/bin/../lib/gcc/arm-none-eabi/9.2.1/thumb/v7e-m/nofp/crtn.o
                0x20020000                _estack = 0x20020000
                0x00000200                _Min_Heap_Size = 0x200
                0x00000400                _Min_Stack_Size = 0x400

.isr_vector     0x08000000      0x188
                0x08000000                . = ALIGN (0x4)
 *(.isr_vector)
 .isr_vector    0x08000000      0x188 CMakeFiles/FOC_SMC_BLDC.elf.dir/startup/startup_stm32f405xx.s.obj
                0x08000000                g_pfnVectors
                0x08000188                . = ALIGN (0x4)

.text           0x080001c0    0x17008
                0x080001c0                . = ALIGN (0x4)
 *(.text)
 .text          0x080001c0       0x40 c:/progra~2/gnutoo~1/92019-~1/bin/../lib/gcc/arm-none-eabi/9.2.1/thumb/v7e-m/nofp/crtbegin.o
 .text          0x08000200     0x6d2c c:/progra~2/gnutoo~1/92019-~1/bin/../lib/gcc/arm-none-eabi/9.2.1/../../../../arm-none-eabi/lib/thumb/v7e-m/nofp\libstdc++.a(cp-demangle.o)
                0x08006e44                __cxa_demangle
                0x08006f08                __gcclibcxx_demangle_callback
 .text          0x08006f2c      0x378 c:/progra~2/gnutoo~1/92019-~1/bin/../lib/gcc/arm-none-eabi/9.2.1/thumb/v7e-m/nofp\libgcc.a(_arm_addsubdf3.o)
                0x08006f2c                __aeabi_drsub
                0x08006f34                __aeabi_dsub
                0x08006f34                __subdf3
                0x08006f38                __aeabi_dadd
                0x08006f38                __adddf3
                0x080071b0                __floatunsidf
                0x080071b0                __aeabi_ui2d
                0x080071d0                __floatsidf
                0x080071d0                __aeabi_i2d
                0x080071f4                __aeabi_f2d
                0x080071f4                __extendsfdf2
                0x08007238                __floatundidf
                0x08007238                __aeabi_ul2d
                0x08007248                __floatdidf
                0x08007248                __aeabi_l2d
 .text          0x080072a4      0x424 c:/progra~2/gnutoo~1/92019-~1/bin/../lib/gcc/arm-none-eabi/9.2.1/thumb/v7e-m/nofp\libgcc.a(_arm_muldivdf3.o)
                0x080072a4                __aeabi_dmul
                0x080072a4                __muldf3
                0x080074f8                __divdf3
                0x080074f8                __aeabi_ddiv
 .text          0x080076c8      0x110 c:/progra~2/gnutoo~1/92019-~1/bin/../lib/gcc/arm-none-eabi/9.2.1/thumb/v7e-m/nofp\libgcc.a(_arm_cmpdf2.o)
                0x080076c8                __gtdf2
                0x080076c8                __gedf2
                0x080076d0                __ltdf2
                0x080076d0                __ledf2
                0x080076d8                __nedf2
                0x080076d8                __eqdf2
                0x080076d8                __cmpdf2
                0x08007754                __aeabi_cdrcmple
                0x08007764                __aeabi_cdcmpeq
                0x08007764                __aeabi_cdcmple
                0x08007774                __aeabi_dcmpeq
                0x08007788                __aeabi_dcmplt
                0x0800779c                __aeabi_dcmple
                0x080077b0                __aeabi_dcmpge
                0x080077c4                __aeabi_dcmpgt
 .text          0x080077d8       0x2c c:/progra~2/gnutoo~1/92019-~1/bin/../lib/gcc/arm-none-eabi/9.2.1/thumb/v7e-m/nofp\libgcc.a(_arm_unorddf2.o)
                0x080077d8                __unorddf2
                0x080077d8                __aeabi_dcmpun
 .text          0x08007804       0xa0 c:/progra~2/gnutoo~1/92019-~1/bin/../lib/gcc/arm-none-eabi/9.2.1/thumb/v7e-m/nofp\libgcc.a(_arm_truncdfsf2.o)
                0x08007804                __truncdfsf2
                0x08007804                __aeabi_d2f
 .text          0x080078a4      0x21c c:/progra~2/gnutoo~1/92019-~1/bin/../lib/gcc/arm-none-eabi/9.2.1/thumb/v7e-m/nofp\libgcc.a(_arm_addsubsf3.o)
                0x080078a4                __aeabi_frsub
                0x080078ac                __subsf3
                0x080078ac                __aeabi_fsub
                0x080078b0                __aeabi_fadd
                0x080078b0                __addsf3
                0x08007a10                __aeabi_ui2f
                0x08007a10                __floatunsisf
                0x08007a18                __aeabi_i2f
                0x08007a18                __floatsisf
                0x08007a34                __aeabi_ul2f
                0x08007a34                __floatundisf
                0x08007a44                __aeabi_l2f
                0x08007a44                __floatdisf
 .text          0x08007ac0      0x2a0 c:/progra~2/gnutoo~1/92019-~1/bin/../lib/gcc/arm-none-eabi/9.2.1/thumb/v7e-m/nofp\libgcc.a(_arm_muldivsf3.o)
                0x08007ac0                __mulsf3
                0x08007ac0                __aeabi_fmul
                0x08007c28                __aeabi_fdiv
                0x08007c28                __divsf3
 .text          0x08007d60       0xec c:/progra~2/gnutoo~1/92019-~1/bin/../lib/gcc/arm-none-eabi/9.2.1/thumb/v7e-m/nofp\libgcc.a(_arm_cmpsf2.o)
                0x08007d60                __gesf2
                0x08007d60                __gtsf2
                0x08007d68                __lesf2
                0x08007d68                __ltsf2
                0x08007d70                __nesf2
                0x08007d70                __eqsf2
                0x08007d70                __cmpsf2
                0x08007dd0                __aeabi_cfrcmple
                0x08007dd8                __aeabi_cfcmpeq
                0x08007dd8                __aeabi_cfcmple
                0x08007de8                __aeabi_fcmpeq
                0x08007dfc                __aeabi_fcmplt
                0x08007e10                __aeabi_fcmple
                0x08007e24                __aeabi_fcmpge
                0x08007e38                __aeabi_fcmpgt
 .text          0x08007e4c       0x4c c:/progra~2/gnutoo~1/92019-~1/bin/../lib/gcc/arm-none-eabi/9.2.1/thumb/v7e-m/nofp\libgcc.a(_arm_fixsfsi.o)
                0x08007e4c                __aeabi_f2iz
                0x08007e4c                __fixsfsi
 .text          0x08007e98       0x40 c:/progra~2/gnutoo~1/92019-~1/bin/../lib/gcc/arm-none-eabi/9.2.1/thumb/v7e-m/nofp\libgcc.a(_arm_fixunssfsi.o)
                0x08007e98                __fixunssfsi
                0x08007e98                __aeabi_f2uiz
 .text          0x08007ed8       0x30 c:/progra~2/gnutoo~1/92019-~1/bin/../lib/gcc/arm-none-eabi/9.2.1/thumb/v7e-m/nofp\libgcc.a(_aeabi_uldivmod.o)
                0x08007ed8                __aeabi_uldivmod
 .text          0x08007f08      0x2c0 c:/progra~2/gnutoo~1/92019-~1/bin/../lib/gcc/arm-none-eabi/9.2.1/thumb/v7e-m/nofp\libgcc.a(_udivmoddi4.o)
                0x08007f08                __udivmoddi4
 .text          0x080081c8      0x9b8 c:/progra~2/gnutoo~1/92019-~1/bin/../lib/gcc/arm-none-eabi/9.2.1/thumb/v7e-m/nofp\libgcc.a(unwind-arm.o)
                0x08008470                _Unwind_GetCFA
                0x08008474                __gnu_Unwind_RaiseException
                0x080084d4                __gnu_Unwind_ForcedUnwind
                0x080084e8                __gnu_Unwind_Resume
                0x0800852c                __gnu_Unwind_Resume_or_Rethrow
                0x0800853c                _Unwind_Complete
                0x08008540                _Unwind_DeleteException
                0x0800854c                _Unwind_VRS_Get
                0x08008594                _Unwind_VRS_Set
                0x080085dc                __gnu_Unwind_Backtrace
                0x080088fc                __aeabi_unwind_cpp_pr0
                0x08008900                __aeabi_unwind_cpp_pr1
                0x08008904                __aeabi_unwind_cpp_pr2
                0x08008908                _Unwind_VRS_Pop
 .text          0x08008b80      0x1ac c:/progra~2/gnutoo~1/92019-~1/bin/../lib/gcc/arm-none-eabi/9.2.1/thumb/v7e-m/nofp\libgcc.a(libunwind.o)
                0x08008b80                __restore_core_regs
                0x08008b80                restore_core_regs
                0x08008b98                __gnu_Unwind_Restore_VFP
                0x08008ba0                __gnu_Unwind_Save_VFP
                0x08008ba8                __gnu_Unwind_Restore_VFP_D
                0x08008bb0                __gnu_Unwind_Save_VFP_D
                0x08008bb8                __gnu_Unwind_Restore_VFP_D_16_to_31
                0x08008bc0                __gnu_Unwind_Save_VFP_D_16_to_31
                0x08008bc8                __gnu_Unwind_Restore_WMMXD
                0x08008c0c                __gnu_Unwind_Save_WMMXD
                0x08008c50                __gnu_Unwind_Restore_WMMXC
                0x08008c64                __gnu_Unwind_Save_WMMXC
                0x08008c78                ___Unwind_RaiseException
                0x08008c78                _Unwind_RaiseException
                0x08008c9c                _Unwind_Resume
                0x08008c9c                ___Unwind_Resume
                0x08008cc0                _Unwind_Resume_or_Rethrow
                0x08008cc0                ___Unwind_Resume_or_Rethrow
                0x08008ce4                _Unwind_ForcedUnwind
                0x08008ce4                ___Unwind_ForcedUnwind
                0x08008d08                ___Unwind_Backtrace
                0x08008d08                _Unwind_Backtrace
 .text          0x08008d2c      0x340 c:/progra~2/gnutoo~1/92019-~1/bin/../lib/gcc/arm-none-eabi/9.2.1/thumb/v7e-m/nofp\libgcc.a(pr-support.o)
                0x08008d84                __gnu_unwind_execute
                0x08009020                __gnu_unwind_frame
                0x0800904c                _Unwind_GetRegionStart
                0x08009058                _Unwind_GetLanguageSpecificData
 .text          0x0800906c        0x4 c:/progra~2/gnutoo~1/92019-~1/bin/../lib/gcc/arm-none-eabi/9.2.1/thumb/v7e-m/nofp\libgcc.a(_dvmd_tls.o)
                0x0800906c                __aeabi_idiv0
                0x0800906c                __aeabi_ldiv0
 .text          0x08009070       0xa0 c:/progra~2/gnutoo~1/92019-~1/bin/../lib/gcc/arm-none-eabi/9.2.1/../../../../arm-none-eabi/lib/thumb/v7e-m/nofp\libg.a(lib_a-memchr.o)
                0x08009070                memchr
 .text          0x08009110      0x134 c:/progra~2/gnutoo~1/92019-~1/bin/../lib/gcc/arm-none-eabi/9.2.1/../../../../arm-none-eabi/lib/thumb/v7e-m/nofp\libg.a(lib_a-memcpy.o)
                0x08009110                memcpy
 *fill*         0x08009244       0x1c 
 .text          0x08009260      0x2dc c:/progra~2/gnutoo~1/92019-~1/bin/../lib/gcc/arm-none-eabi/9.2.1/../../../../arm-none-eabi/lib/thumb/v7e-m/nofp\libg.a(lib_a-strcmp.o)
                0x08009268                strcmp
 *fill*         0x0800953c        0x4 
 .text          0x08009540       0xdc c:/progra~2/gnutoo~1/92019-~1/bin/../lib/gcc/arm-none-eabi/9.2.1/../../../../arm-none-eabi/lib/thumb/v7e-m/nofp\libg.a(lib_a-strlen.o)
                0x08009540                strlen
 .text          0x0800961c       0x50 c:/progra~2/gnutoo~1/92019-~1/bin/../lib/gcc/arm-none-eabi/9.2.1/thumb/v7e-m/nofp\libgcc.a(_arm_fixdfsi.o)
                0x0800961c                __aeabi_d2iz
                0x0800961c                __fixdfsi
 *(.text*)
 .text.MX_ADC1_Init
                0x0800966c       0x70 CMakeFiles/FOC_SMC_BLDC.elf.dir/Core/Src/adc.c.obj
                0x0800966c                MX_ADC1_Init
 .text.MX_ADC2_Init
                0x080096dc       0x74 CMakeFiles/FOC_SMC_BLDC.elf.dir/Core/Src/adc.c.obj
                0x080096dc                MX_ADC2_Init
 .text.MX_ADC3_Init
                0x08009750       0x74 CMakeFiles/FOC_SMC_BLDC.elf.dir/Core/Src/adc.c.obj
                0x08009750                MX_ADC3_Init
 .text.HAL_ADC_MspInit
                0x080097c4      0x19c CMakeFiles/FOC_SMC_BLDC.elf.dir/Core/Src/adc.c.obj
                0x080097c4                HAL_ADC_MspInit
 .text.get_vbus_voltage
                0x08009960       0x2c CMakeFiles/FOC_SMC_BLDC.elf.dir/Core/Src/adc.c.obj
                0x08009960                get_vbus_voltage
 .text.MX_CAN1_Init
                0x0800998c       0x38 CMakeFiles/FOC_SMC_BLDC.elf.dir/Core/Src/can.c.obj
                0x0800998c                MX_CAN1_Init
 .text.HAL_CAN_MspInit
                0x080099c4       0xa0 CMakeFiles/FOC_SMC_BLDC.elf.dir/Core/Src/can.c.obj
                0x080099c4                HAL_CAN_MspInit
 .text.MX_DMA_Init
                0x08009a64       0x68 CMakeFiles/FOC_SMC_BLDC.elf.dir/Core/Src/dma.c.obj
                0x08009a64                MX_DMA_Init
 .text.MX_GPIO_Init
                0x08009acc      0x100 CMakeFiles/FOC_SMC_BLDC.elf.dir/Core/Src/gpio.c.obj
                0x08009acc                MX_GPIO_Init
 .text.Error_Handler
                0x08009bcc        0x4 CMakeFiles/FOC_SMC_BLDC.elf.dir/Core/Src/main.c.obj
                0x08009bcc                Error_Handler
 .text.SystemClock_Config
                0x08009bd0       0xac CMakeFiles/FOC_SMC_BLDC.elf.dir/Core/Src/main.c.obj
                0x08009bd0                SystemClock_Config
 .text.main     0x08009c7c      0x194 CMakeFiles/FOC_SMC_BLDC.elf.dir/Core/Src/main.c.obj
                0x08009c7c                main
 .text.MX_SPI3_Init
                0x08009e10       0x48 CMakeFiles/FOC_SMC_BLDC.elf.dir/Core/Src/spi.c.obj
                0x08009e10                MX_SPI3_Init
 .text.HAL_SPI_MspInit
                0x08009e58       0x74 CMakeFiles/FOC_SMC_BLDC.elf.dir/Core/Src/spi.c.obj
                0x08009e58                HAL_SPI_MspInit
 .text.HAL_MspInit
                0x08009ecc       0x38 CMakeFiles/FOC_SMC_BLDC.elf.dir/Core/Src/stm32f4xx_hal_msp.c.obj
                0x08009ecc                HAL_MspInit
 .text.NMI_Handler
                0x08009f04        0x2 CMakeFiles/FOC_SMC_BLDC.elf.dir/Core/Src/stm32f4xx_it.c.obj
                0x08009f04                NMI_Handler
 .text.HardFault_Handler
                0x08009f06        0x2 CMakeFiles/FOC_SMC_BLDC.elf.dir/Core/Src/stm32f4xx_it.c.obj
                0x08009f06                HardFault_Handler
 .text.MemManage_Handler
                0x08009f08        0x2 CMakeFiles/FOC_SMC_BLDC.elf.dir/Core/Src/stm32f4xx_it.c.obj
                0x08009f08                MemManage_Handler
 .text.BusFault_Handler
                0x08009f0a        0x2 CMakeFiles/FOC_SMC_BLDC.elf.dir/Core/Src/stm32f4xx_it.c.obj
                0x08009f0a                BusFault_Handler
 .text.UsageFault_Handler
                0x08009f0c        0x2 CMakeFiles/FOC_SMC_BLDC.elf.dir/Core/Src/stm32f4xx_it.c.obj
                0x08009f0c                UsageFault_Handler
 .text.SVC_Handler
                0x08009f0e        0x2 CMakeFiles/FOC_SMC_BLDC.elf.dir/Core/Src/stm32f4xx_it.c.obj
                0x08009f0e                SVC_Handler
 .text.DebugMon_Handler
                0x08009f10        0x2 CMakeFiles/FOC_SMC_BLDC.elf.dir/Core/Src/stm32f4xx_it.c.obj
                0x08009f10                DebugMon_Handler
 .text.PendSV_Handler
                0x08009f12        0x2 CMakeFiles/FOC_SMC_BLDC.elf.dir/Core/Src/stm32f4xx_it.c.obj
                0x08009f12                PendSV_Handler
 .text.SysTick_Handler
                0x08009f14        0x8 CMakeFiles/FOC_SMC_BLDC.elf.dir/Core/Src/stm32f4xx_it.c.obj
                0x08009f14                SysTick_Handler
 .text.DMA1_Stream5_IRQHandler
                0x08009f1c       0x10 CMakeFiles/FOC_SMC_BLDC.elf.dir/Core/Src/stm32f4xx_it.c.obj
                0x08009f1c                DMA1_Stream5_IRQHandler
 .text.DMA1_Stream6_IRQHandler
                0x08009f2c       0x10 CMakeFiles/FOC_SMC_BLDC.elf.dir/Core/Src/stm32f4xx_it.c.obj
                0x08009f2c                DMA1_Stream6_IRQHandler
 .text.ADC_IRQHandler
                0x08009f3c      0x104 CMakeFiles/FOC_SMC_BLDC.elf.dir/Core/Src/stm32f4xx_it.c.obj
                0x08009f3c                ADC_IRQHandler
 .text.EXTI9_5_IRQHandler
                0x0800a040        0xc CMakeFiles/FOC_SMC_BLDC.elf.dir/Core/Src/stm32f4xx_it.c.obj
                0x0800a040                EXTI9_5_IRQHandler
 .text.TIM1_TRG_COM_TIM11_IRQHandler
                0x0800a04c       0x10 CMakeFiles/FOC_SMC_BLDC.elf.dir/Core/Src/stm32f4xx_it.c.obj
                0x0800a04c                TIM1_TRG_COM_TIM11_IRQHandler
 .text.USART2_IRQHandler
                0x0800a05c       0x10 CMakeFiles/FOC_SMC_BLDC.elf.dir/Core/Src/stm32f4xx_it.c.obj
                0x0800a05c                USART2_IRQHandler
 .text.EXTI15_10_IRQHandler
                0x0800a06c        0xc CMakeFiles/FOC_SMC_BLDC.elf.dir/Core/Src/stm32f4xx_it.c.obj
                0x0800a06c                EXTI15_10_IRQHandler
 .text.DMA2_Stream0_IRQHandler
                0x0800a078       0x10 CMakeFiles/FOC_SMC_BLDC.elf.dir/Core/Src/stm32f4xx_it.c.obj
                0x0800a078                DMA2_Stream0_IRQHandler
 .text._getpid  0x0800a088        0x4 CMakeFiles/FOC_SMC_BLDC.elf.dir/Core/Src/syscalls.c.obj
                0x0800a088                _getpid
 .text._kill    0x0800a08c       0x10 CMakeFiles/FOC_SMC_BLDC.elf.dir/Core/Src/syscalls.c.obj
                0x0800a08c                _kill
 .text._exit    0x0800a09c        0xc CMakeFiles/FOC_SMC_BLDC.elf.dir/Core/Src/syscalls.c.obj
                0x0800a09c                _exit
 .text._sbrk    0x0800a0a8       0x3c CMakeFiles/FOC_SMC_BLDC.elf.dir/Core/Src/syscalls.c.obj
                0x0800a0a8                _sbrk
 .text.SystemInit
                0x0800a0e4        0x2 CMakeFiles/FOC_SMC_BLDC.elf.dir/Core/Src/system_stm32f4xx.c.obj
                0x0800a0e4                SystemInit
 *fill*         0x0800a0e6        0x2 
 .text.MX_TIM3_Init
                0x0800a0e8       0x6c CMakeFiles/FOC_SMC_BLDC.elf.dir/Core/Src/tim.c.obj
                0x0800a0e8                MX_TIM3_Init
 .text.MX_TIM4_Init
                0x0800a154       0x6c CMakeFiles/FOC_SMC_BLDC.elf.dir/Core/Src/tim.c.obj
                0x0800a154                MX_TIM4_Init
 .text.HAL_TIM_Base_MspInit
                0x0800a1c0       0x68 CMakeFiles/FOC_SMC_BLDC.elf.dir/Core/Src/tim.c.obj
                0x0800a1c0                HAL_TIM_Base_MspInit
 .text.HAL_TIM_Encoder_MspInit
                0x0800a228       0xbc CMakeFiles/FOC_SMC_BLDC.elf.dir/Core/Src/tim.c.obj
                0x0800a228                HAL_TIM_Encoder_MspInit
 .text.HAL_TIM_MspPostInit
                0x0800a2e4       0xa0 CMakeFiles/FOC_SMC_BLDC.elf.dir/Core/Src/tim.c.obj
                0x0800a2e4                HAL_TIM_MspPostInit
 .text.MX_TIM1_Init
                0x0800a384      0x11c CMakeFiles/FOC_SMC_BLDC.elf.dir/Core/Src/tim.c.obj
                0x0800a384                MX_TIM1_Init
 .text.MX_TIM8_Init
                0x0800a4a0      0x114 CMakeFiles/FOC_SMC_BLDC.elf.dir/Core/Src/tim.c.obj
                0x0800a4a0                MX_TIM8_Init
 .text.HAL_TIM_Base_MspDeInit
                0x0800a5b4       0x3c CMakeFiles/FOC_SMC_BLDC.elf.dir/Core/Src/tim.c.obj
                0x0800a5b4                HAL_TIM_Base_MspDeInit
 .text.MX_USART2_UART_Init
                0x0800a5f0       0x34 CMakeFiles/FOC_SMC_BLDC.elf.dir/Core/Src/usart.c.obj
                0x0800a5f0                MX_USART2_UART_Init
 .text.HAL_UART_MspInit
                0x0800a624       0xfc CMakeFiles/FOC_SMC_BLDC.elf.dir/Core/Src/usart.c.obj
                0x0800a624                HAL_UART_MspInit
 .text.USART_IDLECallback
                0x0800a720       0x68 CMakeFiles/FOC_SMC_BLDC.elf.dir/Core/Src/usart.c.obj
                0x0800a720                USART_IDLECallback
 .text.HAL_UART_RxCpltCallback
                0x0800a788       0x34 CMakeFiles/FOC_SMC_BLDC.elf.dir/Core/Src/usart.c.obj
                0x0800a788                HAL_UART_RxCpltCallback
 .text._ZN17EncoderAS5047BaseC2Ev
                0x0800a7bc       0x48 CMakeFiles/FOC_SMC_BLDC.elf.dir/Ctrl/Sensor/Encoder/Instances/encoder_as5047.cpp.obj
                0x0800a7bc                EncoderAS5047Base::EncoderAS5047Base()
                0x0800a7bc                EncoderAS5047Base::EncoderAS5047Base()
 .text._ZN17EncoderAS5047Base17SpiCalcEvenParityEt
                0x0800a804       0x24 CMakeFiles/FOC_SMC_BLDC.elf.dir/Ctrl/Sensor/Encoder/Instances/encoder_as5047.cpp.obj
                0x0800a804                EncoderAS5047Base::SpiCalcEvenParity(unsigned short)
 .text._ZN17EncoderAS5047Base10GetRawDataEv
                0x0800a828       0x9c CMakeFiles/FOC_SMC_BLDC.elf.dir/Ctrl/Sensor/Encoder/Instances/encoder_as5047.cpp.obj
                0x0800a828                EncoderAS5047Base::GetRawData()
 .text._ZN17EncoderAS5047Base14GetSensorAngleEv
                0x0800a8c4       0x28 CMakeFiles/FOC_SMC_BLDC.elf.dir/Ctrl/Sensor/Encoder/Instances/encoder_as5047.cpp.obj
                0x0800a8c4                EncoderAS5047Base::GetSensorAngle()
 .text._ZN11EncoderBase11getVelocityEv
                0x0800a8ec       0x7c CMakeFiles/FOC_SMC_BLDC.elf.dir/Ctrl/Sensor/Encoder/encoder_base.cpp.obj
                0x0800a8ec                EncoderBase::getVelocity()
 .text._ZN11EncoderBase18getMechanicalAngleEv
                0x0800a968        0x4 CMakeFiles/FOC_SMC_BLDC.elf.dir/Ctrl/Sensor/Encoder/encoder_base.cpp.obj
                0x0800a968                EncoderBase::getMechanicalAngle()
 .text._ZN11EncoderBase8GetAngleEv
                0x0800a96c       0x1c CMakeFiles/FOC_SMC_BLDC.elf.dir/Ctrl/Sensor/Encoder/encoder_base.cpp.obj
                0x0800a96c                EncoderBase::GetAngle()
 .text._ZN11EncoderBase16getFullRotationsEv
                0x0800a988        0x4 CMakeFiles/FOC_SMC_BLDC.elf.dir/Ctrl/Sensor/Encoder/encoder_base.cpp.obj
                0x0800a988                EncoderBase::getFullRotations()
 .text._ZN11EncoderBase6updateEv
                0x0800a98c       0x58 CMakeFiles/FOC_SMC_BLDC.elf.dir/Ctrl/Sensor/Encoder/encoder_base.cpp.obj
                0x0800a98c                EncoderBase::update()
 .text._ZN11EncoderBase8InitVarsEv
                0x0800a9e4       0x4a CMakeFiles/FOC_SMC_BLDC.elf.dir/Ctrl/Sensor/Encoder/encoder_base.cpp.obj
                0x0800a9e4                EncoderBase::InitVars()
 *fill*         0x0800aa2e        0x2 
 .text.HAL_InitTick
                0x0800aa30       0x4c CMakeFiles/FOC_SMC_BLDC.elf.dir/Drivers/STM32F4xx_HAL_Driver/Src/stm32f4xx_hal.c.obj
                0x0800aa30                HAL_InitTick
 .text.HAL_Init
                0x0800aa7c       0x34 CMakeFiles/FOC_SMC_BLDC.elf.dir/Drivers/STM32F4xx_HAL_Driver/Src/stm32f4xx_hal.c.obj
                0x0800aa7c                HAL_Init
 .text.HAL_IncTick
                0x0800aab0       0x18 CMakeFiles/FOC_SMC_BLDC.elf.dir/Drivers/STM32F4xx_HAL_Driver/Src/stm32f4xx_hal.c.obj
                0x0800aab0                HAL_IncTick
 .text.HAL_GetTick
                0x0800aac8        0xc CMakeFiles/FOC_SMC_BLDC.elf.dir/Drivers/STM32F4xx_HAL_Driver/Src/stm32f4xx_hal.c.obj
                0x0800aac8                HAL_GetTick
 .text.ADC_Init
                0x0800aad4      0x134 CMakeFiles/FOC_SMC_BLDC.elf.dir/Drivers/STM32F4xx_HAL_Driver/Src/stm32f4xx_hal_adc.c.obj
 .text.HAL_ADC_Init
                0x0800ac08       0x56 CMakeFiles/FOC_SMC_BLDC.elf.dir/Drivers/STM32F4xx_HAL_Driver/Src/stm32f4xx_hal_adc.c.obj
                0x0800ac08                HAL_ADC_Init
 .text.HAL_ADC_ConvCpltCallback
                0x0800ac5e        0x2 CMakeFiles/FOC_SMC_BLDC.elf.dir/Drivers/STM32F4xx_HAL_Driver/Src/stm32f4xx_hal_adc.c.obj
                0x0800ac5e                HAL_ADC_ConvCpltCallback
 .text.HAL_ADC_LevelOutOfWindowCallback
                0x0800ac60        0x2 CMakeFiles/FOC_SMC_BLDC.elf.dir/Drivers/STM32F4xx_HAL_Driver/Src/stm32f4xx_hal_adc.c.obj
                0x0800ac60                HAL_ADC_LevelOutOfWindowCallback
 .text.HAL_ADC_ErrorCallback
                0x0800ac62        0x2 CMakeFiles/FOC_SMC_BLDC.elf.dir/Drivers/STM32F4xx_HAL_Driver/Src/stm32f4xx_hal_adc.c.obj
                0x0800ac62                HAL_ADC_ErrorCallback
 .text.HAL_ADC_IRQHandler
                0x0800ac64      0x14e CMakeFiles/FOC_SMC_BLDC.elf.dir/Drivers/STM32F4xx_HAL_Driver/Src/stm32f4xx_hal_adc.c.obj
                0x0800ac64                HAL_ADC_IRQHandler
 *fill*         0x0800adb2        0x2 
 .text.HAL_ADC_ConfigChannel
                0x0800adb4      0x190 CMakeFiles/FOC_SMC_BLDC.elf.dir/Drivers/STM32F4xx_HAL_Driver/Src/stm32f4xx_hal_adc.c.obj
                0x0800adb4                HAL_ADC_ConfigChannel
 .text.HAL_CAN_Init
                0x0800af44      0x14c CMakeFiles/FOC_SMC_BLDC.elf.dir/Drivers/STM32F4xx_HAL_Driver/Src/stm32f4xx_hal_can.c.obj
                0x0800af44                HAL_CAN_Init
 .text.HAL_NVIC_SetPriorityGrouping
                0x0800b090       0x24 CMakeFiles/FOC_SMC_BLDC.elf.dir/Drivers/STM32F4xx_HAL_Driver/Src/stm32f4xx_hal_cortex.c.obj
                0x0800b090                HAL_NVIC_SetPriorityGrouping
 .text.HAL_NVIC_SetPriority
                0x0800b0b4       0x68 CMakeFiles/FOC_SMC_BLDC.elf.dir/Drivers/STM32F4xx_HAL_Driver/Src/stm32f4xx_hal_cortex.c.obj
                0x0800b0b4                HAL_NVIC_SetPriority
 .text.HAL_NVIC_EnableIRQ
                0x0800b11c       0x1c CMakeFiles/FOC_SMC_BLDC.elf.dir/Drivers/STM32F4xx_HAL_Driver/Src/stm32f4xx_hal_cortex.c.obj
                0x0800b11c                HAL_NVIC_EnableIRQ
 .text.HAL_NVIC_DisableIRQ
                0x0800b138       0x24 CMakeFiles/FOC_SMC_BLDC.elf.dir/Drivers/STM32F4xx_HAL_Driver/Src/stm32f4xx_hal_cortex.c.obj
                0x0800b138                HAL_NVIC_DisableIRQ
 .text.HAL_SYSTICK_Config
                0x0800b15c       0x2c CMakeFiles/FOC_SMC_BLDC.elf.dir/Drivers/STM32F4xx_HAL_Driver/Src/stm32f4xx_hal_cortex.c.obj
                0x0800b15c                HAL_SYSTICK_Config
 .text.DMA_SetConfig
                0x0800b188       0x2c CMakeFiles/FOC_SMC_BLDC.elf.dir/Drivers/STM32F4xx_HAL_Driver/Src/stm32f4xx_hal_dma.c.obj
 .text.DMA_CalcBaseAndBitshift
                0x0800b1b4       0x40 CMakeFiles/FOC_SMC_BLDC.elf.dir/Drivers/STM32F4xx_HAL_Driver/Src/stm32f4xx_hal_dma.c.obj
 .text.DMA_CheckFifoParam
                0x0800b1f4       0x8e CMakeFiles/FOC_SMC_BLDC.elf.dir/Drivers/STM32F4xx_HAL_Driver/Src/stm32f4xx_hal_dma.c.obj
 *fill*         0x0800b282        0x2 
 .text.HAL_DMA_Init
                0x0800b284       0xcc CMakeFiles/FOC_SMC_BLDC.elf.dir/Drivers/STM32F4xx_HAL_Driver/Src/stm32f4xx_hal_dma.c.obj
                0x0800b284                HAL_DMA_Init
 .text.HAL_DMA_Start_IT
                0x0800b350       0x6a CMakeFiles/FOC_SMC_BLDC.elf.dir/Drivers/STM32F4xx_HAL_Driver/Src/stm32f4xx_hal_dma.c.obj
                0x0800b350                HAL_DMA_Start_IT
 .text.HAL_DMA_Abort
                0x0800b3ba       0x94 CMakeFiles/FOC_SMC_BLDC.elf.dir/Drivers/STM32F4xx_HAL_Driver/Src/stm32f4xx_hal_dma.c.obj
                0x0800b3ba                HAL_DMA_Abort
 .text.HAL_DMA_Abort_IT
                0x0800b44e       0x26 CMakeFiles/FOC_SMC_BLDC.elf.dir/Drivers/STM32F4xx_HAL_Driver/Src/stm32f4xx_hal_dma.c.obj
                0x0800b44e                HAL_DMA_Abort_IT
 .text.HAL_DMA_IRQHandler
                0x0800b474      0x1dc CMakeFiles/FOC_SMC_BLDC.elf.dir/Drivers/STM32F4xx_HAL_Driver/Src/stm32f4xx_hal_dma.c.obj
                0x0800b474                HAL_DMA_IRQHandler
 .text.HAL_GPIO_Init
                0x0800b650      0x1d4 CMakeFiles/FOC_SMC_BLDC.elf.dir/Drivers/STM32F4xx_HAL_Driver/Src/stm32f4xx_hal_gpio.c.obj
                0x0800b650                HAL_GPIO_Init
 .text.HAL_GPIO_WritePin
                0x0800b824        0xc CMakeFiles/FOC_SMC_BLDC.elf.dir/Drivers/STM32F4xx_HAL_Driver/Src/stm32f4xx_hal_gpio.c.obj
                0x0800b824                HAL_GPIO_WritePin
 .text.HAL_GPIO_EXTI_Callback
                0x0800b830        0x2 CMakeFiles/FOC_SMC_BLDC.elf.dir/Drivers/STM32F4xx_HAL_Driver/Src/stm32f4xx_hal_gpio.c.obj
                0x0800b830                HAL_GPIO_EXTI_Callback
 *fill*         0x0800b832        0x2 
 .text.HAL_GPIO_EXTI_IRQHandler
                0x0800b834       0x1c CMakeFiles/FOC_SMC_BLDC.elf.dir/Drivers/STM32F4xx_HAL_Driver/Src/stm32f4xx_hal_gpio.c.obj
                0x0800b834                HAL_GPIO_EXTI_IRQHandler
 .text.HAL_RCC_OscConfig
                0x0800b850      0x3f8 CMakeFiles/FOC_SMC_BLDC.elf.dir/Drivers/STM32F4xx_HAL_Driver/Src/stm32f4xx_hal_rcc.c.obj
                0x0800b850                HAL_RCC_OscConfig
 .text.HAL_RCC_GetSysClockFreq
                0x0800bc48       0xa0 CMakeFiles/FOC_SMC_BLDC.elf.dir/Drivers/STM32F4xx_HAL_Driver/Src/stm32f4xx_hal_rcc.c.obj
                0x0800bc48                HAL_RCC_GetSysClockFreq
 .text.HAL_RCC_ClockConfig
                0x0800bce8      0x160 CMakeFiles/FOC_SMC_BLDC.elf.dir/Drivers/STM32F4xx_HAL_Driver/Src/stm32f4xx_hal_rcc.c.obj
                0x0800bce8                HAL_RCC_ClockConfig
 .text.HAL_RCC_GetHCLKFreq
                0x0800be48        0xc CMakeFiles/FOC_SMC_BLDC.elf.dir/Drivers/STM32F4xx_HAL_Driver/Src/stm32f4xx_hal_rcc.c.obj
                0x0800be48                HAL_RCC_GetHCLKFreq
 .text.HAL_RCC_GetPCLK1Freq
                0x0800be54       0x20 CMakeFiles/FOC_SMC_BLDC.elf.dir/Drivers/STM32F4xx_HAL_Driver/Src/stm32f4xx_hal_rcc.c.obj
                0x0800be54                HAL_RCC_GetPCLK1Freq
 .text.HAL_RCC_GetPCLK2Freq
                0x0800be74       0x20 CMakeFiles/FOC_SMC_BLDC.elf.dir/Drivers/STM32F4xx_HAL_Driver/Src/stm32f4xx_hal_rcc.c.obj
                0x0800be74                HAL_RCC_GetPCLK2Freq
 .text.SPI_WaitFlagStateUntilTimeout
                0x0800be94       0xd0 CMakeFiles/FOC_SMC_BLDC.elf.dir/Drivers/STM32F4xx_HAL_Driver/Src/stm32f4xx_hal_spi.c.obj
 .text.SPI_EndRxTxTransaction
                0x0800bf64       0x68 CMakeFiles/FOC_SMC_BLDC.elf.dir/Drivers/STM32F4xx_HAL_Driver/Src/stm32f4xx_hal_spi.c.obj
 .text.HAL_SPI_Init
                0x0800bfcc       0xbe CMakeFiles/FOC_SMC_BLDC.elf.dir/Drivers/STM32F4xx_HAL_Driver/Src/stm32f4xx_hal_spi.c.obj
                0x0800bfcc                HAL_SPI_Init
 .text.HAL_SPI_TransmitReceive
                0x0800c08a      0x238 CMakeFiles/FOC_SMC_BLDC.elf.dir/Drivers/STM32F4xx_HAL_Driver/Src/stm32f4xx_hal_spi.c.obj
                0x0800c08a                HAL_SPI_TransmitReceive
 *fill*         0x0800c2c2        0x2 
 .text.TIM_OC1_SetConfig
                0x0800c2c4       0x68 CMakeFiles/FOC_SMC_BLDC.elf.dir/Drivers/STM32F4xx_HAL_Driver/Src/stm32f4xx_hal_tim.c.obj
 .text.TIM_OC3_SetConfig
                0x0800c32c       0x70 CMakeFiles/FOC_SMC_BLDC.elf.dir/Drivers/STM32F4xx_HAL_Driver/Src/stm32f4xx_hal_tim.c.obj
 .text.TIM_OC4_SetConfig
                0x0800c39c       0x50 CMakeFiles/FOC_SMC_BLDC.elf.dir/Drivers/STM32F4xx_HAL_Driver/Src/stm32f4xx_hal_tim.c.obj
 .text.TIM_TI1_ConfigInputStage
                0x0800c3ec       0x24 CMakeFiles/FOC_SMC_BLDC.elf.dir/Drivers/STM32F4xx_HAL_Driver/Src/stm32f4xx_hal_tim.c.obj
 .text.TIM_TI2_ConfigInputStage
                0x0800c410       0x26 CMakeFiles/FOC_SMC_BLDC.elf.dir/Drivers/STM32F4xx_HAL_Driver/Src/stm32f4xx_hal_tim.c.obj
 .text.TIM_ITRx_SetConfig
                0x0800c436       0x10 CMakeFiles/FOC_SMC_BLDC.elf.dir/Drivers/STM32F4xx_HAL_Driver/Src/stm32f4xx_hal_tim.c.obj
 .text.HAL_TIM_Base_DeInit
                0x0800c446       0x5e CMakeFiles/FOC_SMC_BLDC.elf.dir/Drivers/STM32F4xx_HAL_Driver/Src/stm32f4xx_hal_tim.c.obj
                0x0800c446                HAL_TIM_Base_DeInit
 .text.HAL_TIM_PWM_MspInit
                0x0800c4a4        0x2 CMakeFiles/FOC_SMC_BLDC.elf.dir/Drivers/STM32F4xx_HAL_Driver/Src/stm32f4xx_hal_tim.c.obj
                0x0800c4a4                HAL_TIM_PWM_MspInit
 .text.HAL_TIM_PeriodElapsedCallback
                0x0800c4a6        0x2 CMakeFiles/FOC_SMC_BLDC.elf.dir/Drivers/STM32F4xx_HAL_Driver/Src/stm32f4xx_hal_tim.c.obj
                0x0800c4a6                HAL_TIM_PeriodElapsedCallback
 .text.HAL_TIM_OC_DelayElapsedCallback
                0x0800c4a8        0x2 CMakeFiles/FOC_SMC_BLDC.elf.dir/Drivers/STM32F4xx_HAL_Driver/Src/stm32f4xx_hal_tim.c.obj
                0x0800c4a8                HAL_TIM_OC_DelayElapsedCallback
 .text.HAL_TIM_IC_CaptureCallback
                0x0800c4aa        0x2 CMakeFiles/FOC_SMC_BLDC.elf.dir/Drivers/STM32F4xx_HAL_Driver/Src/stm32f4xx_hal_tim.c.obj
                0x0800c4aa                HAL_TIM_IC_CaptureCallback
 .text.HAL_TIM_PWM_PulseFinishedCallback
                0x0800c4ac        0x2 CMakeFiles/FOC_SMC_BLDC.elf.dir/Drivers/STM32F4xx_HAL_Driver/Src/stm32f4xx_hal_tim.c.obj
                0x0800c4ac                HAL_TIM_PWM_PulseFinishedCallback
 .text.HAL_TIM_TriggerCallback
                0x0800c4ae        0x2 CMakeFiles/FOC_SMC_BLDC.elf.dir/Drivers/STM32F4xx_HAL_Driver/Src/stm32f4xx_hal_tim.c.obj
                0x0800c4ae                HAL_TIM_TriggerCallback
 .text.HAL_TIM_IRQHandler
                0x0800c4b0      0x17a CMakeFiles/FOC_SMC_BLDC.elf.dir/Drivers/STM32F4xx_HAL_Driver/Src/stm32f4xx_hal_tim.c.obj
                0x0800c4b0                HAL_TIM_IRQHandler
 *fill*         0x0800c62a        0x2 
 .text.TIM_Base_SetConfig
                0x0800c62c       0xc8 CMakeFiles/FOC_SMC_BLDC.elf.dir/Drivers/STM32F4xx_HAL_Driver/Src/stm32f4xx_hal_tim.c.obj
                0x0800c62c                TIM_Base_SetConfig
 .text.HAL_TIM_Base_Init
                0x0800c6f4       0x58 CMakeFiles/FOC_SMC_BLDC.elf.dir/Drivers/STM32F4xx_HAL_Driver/Src/stm32f4xx_hal_tim.c.obj
                0x0800c6f4                HAL_TIM_Base_Init
 .text.HAL_TIM_PWM_Init
                0x0800c74c       0x58 CMakeFiles/FOC_SMC_BLDC.elf.dir/Drivers/STM32F4xx_HAL_Driver/Src/stm32f4xx_hal_tim.c.obj
                0x0800c74c                HAL_TIM_PWM_Init
 .text.HAL_TIM_Encoder_Init
                0x0800c7a4       0xb0 CMakeFiles/FOC_SMC_BLDC.elf.dir/Drivers/STM32F4xx_HAL_Driver/Src/stm32f4xx_hal_tim.c.obj
                0x0800c7a4                HAL_TIM_Encoder_Init
 .text.TIM_OC2_SetConfig
                0x0800c854       0x70 CMakeFiles/FOC_SMC_BLDC.elf.dir/Drivers/STM32F4xx_HAL_Driver/Src/stm32f4xx_hal_tim.c.obj
                0x0800c854                TIM_OC2_SetConfig
 .text.HAL_TIM_PWM_ConfigChannel
                0x0800c8c4       0xdc CMakeFiles/FOC_SMC_BLDC.elf.dir/Drivers/STM32F4xx_HAL_Driver/Src/stm32f4xx_hal_tim.c.obj
                0x0800c8c4                HAL_TIM_PWM_ConfigChannel
 .text.TIM_ETR_SetConfig
                0x0800c9a0       0x16 CMakeFiles/FOC_SMC_BLDC.elf.dir/Drivers/STM32F4xx_HAL_Driver/Src/stm32f4xx_hal_tim.c.obj
                0x0800c9a0                TIM_ETR_SetConfig
 .text.HAL_TIM_ConfigClockSource
                0x0800c9b6       0xfe CMakeFiles/FOC_SMC_BLDC.elf.dir/Drivers/STM32F4xx_HAL_Driver/Src/stm32f4xx_hal_tim.c.obj
                0x0800c9b6                HAL_TIM_ConfigClockSource
 .text.HAL_TIMEx_MasterConfigSynchronization
                0x0800cab4       0x88 CMakeFiles/FOC_SMC_BLDC.elf.dir/Drivers/STM32F4xx_HAL_Driver/Src/stm32f4xx_hal_tim_ex.c.obj
                0x0800cab4                HAL_TIMEx_MasterConfigSynchronization
 .text.HAL_TIMEx_ConfigBreakDeadTime
                0x0800cb3c       0x52 CMakeFiles/FOC_SMC_BLDC.elf.dir/Drivers/STM32F4xx_HAL_Driver/Src/stm32f4xx_hal_tim_ex.c.obj
                0x0800cb3c                HAL_TIMEx_ConfigBreakDeadTime
 .text.HAL_TIMEx_CommutCallback
                0x0800cb8e        0x2 CMakeFiles/FOC_SMC_BLDC.elf.dir/Drivers/STM32F4xx_HAL_Driver/Src/stm32f4xx_hal_tim_ex.c.obj
                0x0800cb8e                HAL_TIMEx_CommutCallback
 .text.HAL_TIMEx_BreakCallback
                0x0800cb90        0x2 CMakeFiles/FOC_SMC_BLDC.elf.dir/Drivers/STM32F4xx_HAL_Driver/Src/stm32f4xx_hal_tim_ex.c.obj
                0x0800cb90                HAL_TIMEx_BreakCallback
 .text.UART_EndTxTransfer
                0x0800cb92       0x20 CMakeFiles/FOC_SMC_BLDC.elf.dir/Drivers/STM32F4xx_HAL_Driver/Src/stm32f4xx_hal_uart.c.obj
 .text.UART_EndRxTransfer
                0x0800cbb2       0x5c CMakeFiles/FOC_SMC_BLDC.elf.dir/Drivers/STM32F4xx_HAL_Driver/Src/stm32f4xx_hal_uart.c.obj
 .text.UART_Transmit_IT
                0x0800cc0e       0x60 CMakeFiles/FOC_SMC_BLDC.elf.dir/Drivers/STM32F4xx_HAL_Driver/Src/stm32f4xx_hal_uart.c.obj
 *fill*         0x0800cc6e        0x2 
 .text.UART_SetConfig
                0x0800cc70      0x11c CMakeFiles/FOC_SMC_BLDC.elf.dir/Drivers/STM32F4xx_HAL_Driver/Src/stm32f4xx_hal_uart.c.obj
 .text.UART_WaitOnFlagUntilTimeout
                0x0800cd8c       0x84 CMakeFiles/FOC_SMC_BLDC.elf.dir/Drivers/STM32F4xx_HAL_Driver/Src/stm32f4xx_hal_uart.c.obj
 .text.HAL_UART_Init
                0x0800ce10       0x5e CMakeFiles/FOC_SMC_BLDC.elf.dir/Drivers/STM32F4xx_HAL_Driver/Src/stm32f4xx_hal_uart.c.obj
                0x0800ce10                HAL_UART_Init
 .text.HAL_UART_Transmit
                0x0800ce6e       0xd8 CMakeFiles/FOC_SMC_BLDC.elf.dir/Drivers/STM32F4xx_HAL_Driver/Src/stm32f4xx_hal_uart.c.obj
                0x0800ce6e                HAL_UART_Transmit
 .text.HAL_UART_Receive
                0x0800cf46       0xe4 CMakeFiles/FOC_SMC_BLDC.elf.dir/Drivers/STM32F4xx_HAL_Driver/Src/stm32f4xx_hal_uart.c.obj
                0x0800cf46                HAL_UART_Receive
 *fill*         0x0800d02a        0x2 
 .text.HAL_UART_Transmit_DMA
                0x0800d02c       0x9c CMakeFiles/FOC_SMC_BLDC.elf.dir/Drivers/STM32F4xx_HAL_Driver/Src/stm32f4xx_hal_uart.c.obj
                0x0800d02c                HAL_UART_Transmit_DMA
 .text.HAL_UART_DMAStop
                0x0800d0c8       0x84 CMakeFiles/FOC_SMC_BLDC.elf.dir/Drivers/STM32F4xx_HAL_Driver/Src/stm32f4xx_hal_uart.c.obj
                0x0800d0c8                HAL_UART_DMAStop
 .text.HAL_UART_TxCpltCallback
                0x0800d14c        0x2 CMakeFiles/FOC_SMC_BLDC.elf.dir/Drivers/STM32F4xx_HAL_Driver/Src/stm32f4xx_hal_uart.c.obj
                0x0800d14c                HAL_UART_TxCpltCallback
 .text.UART_DMATransmitCplt
                0x0800d14e       0x4c CMakeFiles/FOC_SMC_BLDC.elf.dir/Drivers/STM32F4xx_HAL_Driver/Src/stm32f4xx_hal_uart.c.obj
 .text.UART_EndTransmit_IT
                0x0800d19a       0x1a CMakeFiles/FOC_SMC_BLDC.elf.dir/Drivers/STM32F4xx_HAL_Driver/Src/stm32f4xx_hal_uart.c.obj
 .text.HAL_UART_TxHalfCpltCallback
                0x0800d1b4        0x2 CMakeFiles/FOC_SMC_BLDC.elf.dir/Drivers/STM32F4xx_HAL_Driver/Src/stm32f4xx_hal_uart.c.obj
                0x0800d1b4                HAL_UART_TxHalfCpltCallback
 .text.UART_DMATxHalfCplt
                0x0800d1b6        0xa CMakeFiles/FOC_SMC_BLDC.elf.dir/Drivers/STM32F4xx_HAL_Driver/Src/stm32f4xx_hal_uart.c.obj
 .text.HAL_UART_RxHalfCpltCallback
                0x0800d1c0        0x2 CMakeFiles/FOC_SMC_BLDC.elf.dir/Drivers/STM32F4xx_HAL_Driver/Src/stm32f4xx_hal_uart.c.obj
                0x0800d1c0                HAL_UART_RxHalfCpltCallback
 .text.HAL_UART_ErrorCallback
                0x0800d1c2        0x2 CMakeFiles/FOC_SMC_BLDC.elf.dir/Drivers/STM32F4xx_HAL_Driver/Src/stm32f4xx_hal_uart.c.obj
                0x0800d1c2                HAL_UART_ErrorCallback
 .text.UART_DMAError
                0x0800d1c4       0x58 CMakeFiles/FOC_SMC_BLDC.elf.dir/Drivers/STM32F4xx_HAL_Driver/Src/stm32f4xx_hal_uart.c.obj
 .text.UART_DMAAbortOnError
                0x0800d21c       0x10 CMakeFiles/FOC_SMC_BLDC.elf.dir/Drivers/STM32F4xx_HAL_Driver/Src/stm32f4xx_hal_uart.c.obj
 .text.HAL_UARTEx_RxEventCallback
                0x0800d22c        0x2 CMakeFiles/FOC_SMC_BLDC.elf.dir/Drivers/STM32F4xx_HAL_Driver/Src/stm32f4xx_hal_uart.c.obj
                0x0800d22c                HAL_UARTEx_RxEventCallback
 .text.UART_Receive_IT
                0x0800d22e       0xe2 CMakeFiles/FOC_SMC_BLDC.elf.dir/Drivers/STM32F4xx_HAL_Driver/Src/stm32f4xx_hal_uart.c.obj
 .text.HAL_UART_IRQHandler
                0x0800d310      0x280 CMakeFiles/FOC_SMC_BLDC.elf.dir/Drivers/STM32F4xx_HAL_Driver/Src/stm32f4xx_hal_uart.c.obj
                0x0800d310                HAL_UART_IRQHandler
 .text.UART_DMARxHalfCplt
                0x0800d590       0x1a CMakeFiles/FOC_SMC_BLDC.elf.dir/Drivers/STM32F4xx_HAL_Driver/Src/stm32f4xx_hal_uart.c.obj
 .text.UART_DMAReceiveCplt
                0x0800d5aa       0x96 CMakeFiles/FOC_SMC_BLDC.elf.dir/Drivers/STM32F4xx_HAL_Driver/Src/stm32f4xx_hal_uart.c.obj
 .text.UART_Start_Receive_DMA
                0x0800d640       0xa4 CMakeFiles/FOC_SMC_BLDC.elf.dir/Drivers/STM32F4xx_HAL_Driver/Src/stm32f4xx_hal_uart.c.obj
                0x0800d640                UART_Start_Receive_DMA
 .text.HAL_UART_Receive_DMA
                0x0800d6e4       0x38 CMakeFiles/FOC_SMC_BLDC.elf.dir/Drivers/STM32F4xx_HAL_Driver/Src/stm32f4xx_hal_uart.c.obj
                0x0800d6e4                HAL_UART_Receive_DMA
 .text.I2C_Init_
                0x0800d71c       0x70 CMakeFiles/FOC_SMC_BLDC.elf.dir/Hardware/i2c_software.c.obj
                0x0800d71c                I2C_Init_
 .text.IIC0_Start
                0x0800d78c       0x40 CMakeFiles/FOC_SMC_BLDC.elf.dir/Hardware/i2c_software.c.obj
                0x0800d78c                IIC0_Start
 .text.IIC0_Stop
                0x0800d7cc       0x40 CMakeFiles/FOC_SMC_BLDC.elf.dir/Hardware/i2c_software.c.obj
                0x0800d7cc                IIC0_Stop
 .text.IIC0_Wait_Ack
                0x0800d80c       0x7c CMakeFiles/FOC_SMC_BLDC.elf.dir/Hardware/i2c_software.c.obj
                0x0800d80c                IIC0_Wait_Ack
 .text.IIC0_Ack
                0x0800d888       0x40 CMakeFiles/FOC_SMC_BLDC.elf.dir/Hardware/i2c_software.c.obj
                0x0800d888                IIC0_Ack
 .text.IIC0_NAck
                0x0800d8c8       0x40 CMakeFiles/FOC_SMC_BLDC.elf.dir/Hardware/i2c_software.c.obj
                0x0800d8c8                IIC0_NAck
 .text.IIC0_Send_Byte
                0x0800d908       0x68 CMakeFiles/FOC_SMC_BLDC.elf.dir/Hardware/i2c_software.c.obj
                0x0800d908                IIC0_Send_Byte
 .text.IIC0_Read_Byte
                0x0800d970       0x7c CMakeFiles/FOC_SMC_BLDC.elf.dir/Hardware/i2c_software.c.obj
                0x0800d970                IIC0_Read_Byte
 .text.IIC1_Start
                0x0800d9ec       0x40 CMakeFiles/FOC_SMC_BLDC.elf.dir/Hardware/i2c_software.c.obj
                0x0800d9ec                IIC1_Start
 .text.IIC1_Stop
                0x0800da2c       0x40 CMakeFiles/FOC_SMC_BLDC.elf.dir/Hardware/i2c_software.c.obj
                0x0800da2c                IIC1_Stop
 .text.IIC1_Wait_Ack
                0x0800da6c       0x7c CMakeFiles/FOC_SMC_BLDC.elf.dir/Hardware/i2c_software.c.obj
                0x0800da6c                IIC1_Wait_Ack
 .text.IIC1_Ack
                0x0800dae8       0x40 CMakeFiles/FOC_SMC_BLDC.elf.dir/Hardware/i2c_software.c.obj
                0x0800dae8                IIC1_Ack
 .text.IIC1_NAck
                0x0800db28       0x40 CMakeFiles/FOC_SMC_BLDC.elf.dir/Hardware/i2c_software.c.obj
                0x0800db28                IIC1_NAck
 .text.IIC1_Send_Byte
                0x0800db68       0x68 CMakeFiles/FOC_SMC_BLDC.elf.dir/Hardware/i2c_software.c.obj
                0x0800db68                IIC1_Send_Byte
 .text.IIC1_Read_Byte
                0x0800dbd0       0x7c CMakeFiles/FOC_SMC_BLDC.elf.dir/Hardware/i2c_software.c.obj
                0x0800dbd0                IIC1_Read_Byte
 .text.SPI3_Init_
                0x0800dc4c        0x8 CMakeFiles/FOC_SMC_BLDC.elf.dir/Hardware/spi3.c.obj
                0x0800dc4c                SPI3_Init_
 .text.SPIx_ReadWriteByte
                0x0800dc54       0x2c CMakeFiles/FOC_SMC_BLDC.elf.dir/Hardware/spi3.c.obj
                0x0800dc54                SPIx_ReadWriteByte
 .text._ZN13EncoderAS50477SpiInitEv
                0x0800dc80        0x8 CMakeFiles/FOC_SMC_BLDC.elf.dir/Platform/Sensor/Encoder/encoder_as5047_stm32.cpp.obj
                0x0800dc80                EncoderAS5047::SpiInit()
 .text._ZN13EncoderAS504724SpiTransmitAndRead16BitsEt
                0x0800dc88       0x38 CMakeFiles/FOC_SMC_BLDC.elf.dir/Platform/Sensor/Encoder/encoder_as5047_stm32.cpp.obj
                0x0800dc88                EncoderAS5047::SpiTransmitAndRead16Bits(unsigned short)
 .text._isatty  0x0800dcc0       0x16 CMakeFiles/FOC_SMC_BLDC.elf.dir/Platform/Utils/retarget.c.obj
                0x0800dcc0                _isatty
 *fill*         0x0800dcd6        0x2 
 .text._write   0x0800dcd8       0x24 CMakeFiles/FOC_SMC_BLDC.elf.dir/Platform/Utils/retarget.c.obj
                0x0800dcd8                _write
 .text._close   0x0800dcfc       0x18 CMakeFiles/FOC_SMC_BLDC.elf.dir/Platform/Utils/retarget.c.obj
                0x0800dcfc                _close
 .text._lseek   0x0800dd14       0x10 CMakeFiles/FOC_SMC_BLDC.elf.dir/Platform/Utils/retarget.c.obj
                0x0800dd14                _lseek
 .text._read    0x0800dd24       0x30 CMakeFiles/FOC_SMC_BLDC.elf.dir/Platform/Utils/retarget.c.obj
                0x0800dd24                _read
 .text._fstat   0x0800dd54       0x1a CMakeFiles/FOC_SMC_BLDC.elf.dir/Platform/Utils/retarget.c.obj
                0x0800dd54                _fstat
 *fill*         0x0800dd6e        0x2 
 .text._Z6microsv
                0x0800dd70       0x88 CMakeFiles/FOC_SMC_BLDC.elf.dir/Platform/Utils/time_utils.cpp.obj
                0x0800dd70                micros()
 .text._Z5delaym
                0x0800ddf8       0x2c CMakeFiles/FOC_SMC_BLDC.elf.dir/Platform/Utils/time_utils.cpp.obj
                0x0800ddf8                delay(unsigned long)
 .text._Z17delayMicrosecondsm
                0x0800de24       0x24 CMakeFiles/FOC_SMC_BLDC.elf.dir/Platform/Utils/time_utils.cpp.obj
                0x0800de24                delayMicroseconds(unsigned long)
 .text.Motor_init
                0x0800de48       0x40 CMakeFiles/FOC_SMC_BLDC.elf.dir/SimpleFOC/BLDCMotor.c.obj
                0x0800de48                Motor_init
 .text.setPhaseVoltage
                0x0800de88      0x294 CMakeFiles/FOC_SMC_BLDC.elf.dir/SimpleFOC/BLDCMotor.c.obj
                0x0800de88                setPhaseVoltage
 .text.absoluteZeroSearch
                0x0800e11c       0xdc CMakeFiles/FOC_SMC_BLDC.elf.dir/SimpleFOC/BLDCMotor.c.obj
                0x0800e11c                absoluteZeroSearch
 .text.alignSensor
                0x0800e1f8      0x2a4 CMakeFiles/FOC_SMC_BLDC.elf.dir/SimpleFOC/BLDCMotor.c.obj
                0x0800e1f8                alignSensor
 .text.Motor_initFOC
                0x0800e49c       0x5e CMakeFiles/FOC_SMC_BLDC.elf.dir/SimpleFOC/BLDCMotor.c.obj
                0x0800e49c                Motor_initFOC
 *fill*         0x0800e4fa        0x2 
 .text.shaftAngle
                0x0800e4fc       0x28 CMakeFiles/FOC_SMC_BLDC.elf.dir/SimpleFOC/FOCMotor.c.obj
                0x0800e4fc                shaftAngle
 .text.shaftVelocity
                0x0800e524       0x26 CMakeFiles/FOC_SMC_BLDC.elf.dir/SimpleFOC/FOCMotor.c.obj
                0x0800e524                shaftVelocity
 .text.ReadAS5600
                0x0800e54a       0x84 CMakeFiles/FOC_SMC_BLDC.elf.dir/SimpleFOC/MagneticSensorI2C.c.obj
                0x0800e54a                ReadAS5600
 .text.delay_s  0x0800e5ce        0xa CMakeFiles/FOC_SMC_BLDC.elf.dir/SimpleFOC/MagneticSensorSPI.c.obj
                0x0800e5ce                delay_s
 .text.ReadAS5047P
                0x0800e5d8       0x7c CMakeFiles/FOC_SMC_BLDC.elf.dir/SimpleFOC/MagneticSensorSPI.c.obj
                0x0800e5d8                ReadAS5047P
 .text.getRawCount
                0x0800e654       0x1a CMakeFiles/FOC_SMC_BLDC.elf.dir/SimpleFOC/Sensor.c.obj
                0x0800e654                getRawCount
 *fill*         0x0800e66e        0x2 
 .text.getAngle
                0x0800e670       0xcc CMakeFiles/FOC_SMC_BLDC.elf.dir/SimpleFOC/Sensor.c.obj
                0x0800e670                getAngle
 .text.MagneticSensor_Init
                0x0800e73c       0x94 CMakeFiles/FOC_SMC_BLDC.elf.dir/SimpleFOC/Sensor.c.obj
                0x0800e73c                MagneticSensor_Init
 .text.getVelocity
                0x0800e7d0       0x60 CMakeFiles/FOC_SMC_BLDC.elf.dir/SimpleFOC/Sensor.c.obj
                0x0800e7d0                getVelocity
 .text.LPF_init
                0x0800e830       0x2c CMakeFiles/FOC_SMC_BLDC.elf.dir/SimpleFOC/lowpass_filter.c.obj
                0x0800e830                LPF_init
 .text.LPFoperator
                0x0800e85c       0x70 CMakeFiles/FOC_SMC_BLDC.elf.dir/SimpleFOC/lowpass_filter.c.obj
                0x0800e85c                LPFoperator
 .text.LowsideCurrentSense
                0x0800e8cc       0x36 CMakeFiles/FOC_SMC_BLDC.elf.dir/SimpleFOC/lowsideCurrentSense.c.obj
                0x0800e8cc                LowsideCurrentSense
 *fill*         0x0800e902        0x2 
 .text.ADC_Init_synch
                0x0800e904       0x28 CMakeFiles/FOC_SMC_BLDC.elf.dir/SimpleFOC/lowsideCurrentSense.c.obj
                0x0800e904                ADC_Init_synch
 .text.Current_calibrateOffsets
                0x0800e92c      0x100 CMakeFiles/FOC_SMC_BLDC.elf.dir/SimpleFOC/lowsideCurrentSense.c.obj
                0x0800e92c                Current_calibrateOffsets
 .text.LowsideCurrentSense_Init
                0x0800ea2c       0x12 CMakeFiles/FOC_SMC_BLDC.elf.dir/SimpleFOC/lowsideCurrentSense.c.obj
                0x0800ea2c                LowsideCurrentSense_Init
 *fill*         0x0800ea3e        0x2 
 .text.PID_init
                0x0800ea40       0x8c CMakeFiles/FOC_SMC_BLDC.elf.dir/SimpleFOC/pid.c.obj
                0x0800ea40                PID_init
 .text._Z41__static_initialization_and_destruction_0ii
                0x0800eacc       0x28 CMakeFiles/FOC_SMC_BLDC.elf.dir/UserApp/main.cpp.obj
 .text.HAL_ADCEx_InjectedConvCpltCallback
                0x0800eaf4       0x28 CMakeFiles/FOC_SMC_BLDC.elf.dir/UserApp/main.cpp.obj
                0x0800eaf4                HAL_ADCEx_InjectedConvCpltCallback
 .text._GLOBAL__sub_I_encoder
                0x0800eb1c        0xe CMakeFiles/FOC_SMC_BLDC.elf.dir/UserApp/main.cpp.obj
 *fill*         0x0800eb2a        0x2 
 .text.Reset_Handler
                0x0800eb2c       0x50 CMakeFiles/FOC_SMC_BLDC.elf.dir/startup/startup_stm32f405xx.s.obj
                0x0800eb2c                Reset_Handler
 .text.Default_Handler
                0x0800eb7c        0x2 CMakeFiles/FOC_SMC_BLDC.elf.dir/startup/startup_stm32f405xx.s.obj
                0x0800eb7c                RTC_Alarm_IRQHandler
                0x0800eb7c                HASH_RNG_IRQHandler
                0x0800eb7c                EXTI2_IRQHandler
                0x0800eb7c                TIM8_CC_IRQHandler
                0x0800eb7c                TIM1_CC_IRQHandler
                0x0800eb7c                DMA2_Stream5_IRQHandler
                0x0800eb7c                PVD_IRQHandler
                0x0800eb7c                SDIO_IRQHandler
                0x0800eb7c                TAMP_STAMP_IRQHandler
                0x0800eb7c                CAN2_RX1_IRQHandler
                0x0800eb7c                EXTI3_IRQHandler
                0x0800eb7c                TIM8_TRG_COM_TIM14_IRQHandler
                0x0800eb7c                TIM1_UP_TIM10_IRQHandler
                0x0800eb7c                TIM8_UP_TIM13_IRQHandler
                0x0800eb7c                I2C3_ER_IRQHandler
                0x0800eb7c                EXTI0_IRQHandler
                0x0800eb7c                I2C2_EV_IRQHandler
                0x0800eb7c                DMA1_Stream2_IRQHandler
                0x0800eb7c                CAN1_RX0_IRQHandler
                0x0800eb7c                FPU_IRQHandler
                0x0800eb7c                OTG_HS_WKUP_IRQHandler
                0x0800eb7c                CAN2_SCE_IRQHandler
                0x0800eb7c                DMA2_Stream2_IRQHandler
                0x0800eb7c                SPI1_IRQHandler
                0x0800eb7c                TIM6_DAC_IRQHandler
                0x0800eb7c                TIM1_BRK_TIM9_IRQHandler
                0x0800eb7c                CAN2_RX0_IRQHandler
                0x0800eb7c                DMA2_Stream3_IRQHandler
                0x0800eb7c                USART6_IRQHandler
                0x0800eb7c                USART3_IRQHandler
                0x0800eb7c                CAN1_RX1_IRQHandler
                0x0800eb7c                UART5_IRQHandler
                0x0800eb7c                TIM4_IRQHandler
                0x0800eb7c                I2C1_EV_IRQHandler
                0x0800eb7c                DMA1_Stream1_IRQHandler
                0x0800eb7c                UART4_IRQHandler
                0x0800eb7c                TIM3_IRQHandler
                0x0800eb7c                RCC_IRQHandler
                0x0800eb7c                TIM8_BRK_TIM12_IRQHandler
                0x0800eb7c                Default_Handler
                0x0800eb7c                DMA1_Stream7_IRQHandler
                0x0800eb7c                TIM7_IRQHandler
                0x0800eb7c                CAN2_TX_IRQHandler
                0x0800eb7c                TIM5_IRQHandler
                0x0800eb7c                DMA2_Stream7_IRQHandler
                0x0800eb7c                I2C3_EV_IRQHandler
                0x0800eb7c                RTC_WKUP_IRQHandler
                0x0800eb7c                SPI2_IRQHandler
                0x0800eb7c                OTG_HS_EP1_IN_IRQHandler
                0x0800eb7c                DMA1_Stream0_IRQHandler
                0x0800eb7c                CAN1_TX_IRQHandler
                0x0800eb7c                EXTI4_IRQHandler
                0x0800eb7c                FSMC_IRQHandler
                0x0800eb7c                OTG_HS_EP1_OUT_IRQHandler
                0x0800eb7c                WWDG_IRQHandler
                0x0800eb7c                TIM2_IRQHandler
                0x0800eb7c                OTG_FS_WKUP_IRQHandler
                0x0800eb7c                OTG_HS_IRQHandler
                0x0800eb7c                EXTI1_IRQHandler
                0x0800eb7c                I2C2_ER_IRQHandler
                0x0800eb7c                DMA2_Stream1_IRQHandler
                0x0800eb7c                CAN1_SCE_IRQHandler
                0x0800eb7c                FLASH_IRQHandler
                0x0800eb7c                DMA2_Stream4_IRQHandler
                0x0800eb7c                USART1_IRQHandler
                0x0800eb7c                OTG_FS_IRQHandler
                0x0800eb7c                SPI3_IRQHandler
                0x0800eb7c                DMA1_Stream4_IRQHandler
                0x0800eb7c                I2C1_ER_IRQHandler
                0x0800eb7c                DMA2_Stream6_IRQHandler
                0x0800eb7c                DMA1_Stream3_IRQHandler
 *fill*         0x0800eb7e        0x2 
 .text._ZNK10__cxxabiv117__class_type_info11__do_upcastEPKS0_PPv
                0x0800eb80       0x38 c:/progra~2/gnutoo~1/92019-~1/bin/../lib/gcc/arm-none-eabi/9.2.1/../../../../arm-none-eabi/lib/thumb/v7e-m/nofp\libstdc++.a(class_type_info.o)
                0x0800eb80                __cxxabiv1::__class_type_info::__do_upcast(__cxxabiv1::__class_type_info const*, void**) const
 .text._ZNK10__cxxabiv117__class_type_info20__do_find_public_srcEiPKvPKS0_S2_
                0x0800ebb8        0xc c:/progra~2/gnutoo~1/92019-~1/bin/../lib/gcc/arm-none-eabi/9.2.1/../../../../arm-none-eabi/lib/thumb/v7e-m/nofp\libstdc++.a(class_type_info.o)
                0x0800ebb8                __cxxabiv1::__class_type_info::__do_find_public_src(int, void const*, __cxxabiv1::__class_type_info const*, void const*) const
 .text._ZN10__cxxabiv117__class_type_infoD2Ev
                0x0800ebc4       0x14 c:/progra~2/gnutoo~1/92019-~1/bin/../lib/gcc/arm-none-eabi/9.2.1/../../../../arm-none-eabi/lib/thumb/v7e-m/nofp\libstdc++.a(class_type_info.o)
                0x0800ebc4                __cxxabiv1::__class_type_info::~__class_type_info()
                0x0800ebc4                __cxxabiv1::__class_type_info::~__class_type_info()
 .text._ZN10__cxxabiv117__class_type_infoD0Ev
                0x0800ebd8       0x1c c:/progra~2/gnutoo~1/92019-~1/bin/../lib/gcc/arm-none-eabi/9.2.1/../../../../arm-none-eabi/lib/thumb/v7e-m/nofp\libstdc++.a(class_type_info.o)
                0x0800ebd8                __cxxabiv1::__class_type_info::~__class_type_info()
 .text._ZNK10__cxxabiv117__class_type_info12__do_dyncastEiNS0_10__sub_kindEPKS0_PKvS3_S5_RNS0_16__dyncast_resultE
                0x0800ebf4       0x44 c:/progra~2/gnutoo~1/92019-~1/bin/../lib/gcc/arm-none-eabi/9.2.1/../../../../arm-none-eabi/lib/thumb/v7e-m/nofp\libstdc++.a(class_type_info.o)
                0x0800ebf4                __cxxabiv1::__class_type_info::__do_dyncast(int, __cxxabiv1::__class_type_info::__sub_kind, __cxxabiv1::__class_type_info const*, void const*, __cxxabiv1::__class_type_info const*, void const*, __cxxabiv1::__class_type_info::__dyncast_result&) const
 .text._ZNK10__cxxabiv117__class_type_info11__do_upcastEPKS0_PKvRNS0_15__upcast_resultE
                0x0800ec38       0x1c c:/progra~2/gnutoo~1/92019-~1/bin/../lib/gcc/arm-none-eabi/9.2.1/../../../../arm-none-eabi/lib/thumb/v7e-m/nofp\libstdc++.a(class_type_info.o)
                0x0800ec38                __cxxabiv1::__class_type_info::__do_upcast(__cxxabiv1::__class_type_info const*, void const*, __cxxabiv1::__class_type_info::__upcast_result&) const
 .text._ZNK10__cxxabiv117__class_type_info10__do_catchEPKSt9type_infoPPvj
                0x0800ec54       0x2c c:/progra~2/gnutoo~1/92019-~1/bin/../lib/gcc/arm-none-eabi/9.2.1/../../../../arm-none-eabi/lib/thumb/v7e-m/nofp\libstdc++.a(class_type_info.o)
                0x0800ec54                __cxxabiv1::__class_type_info::__do_catch(std::type_info const*, void**, unsigned int) const
 .text._ZdlPvj  0x0800ec80        0x4 c:/progra~2/gnutoo~1/92019-~1/bin/../lib/gcc/arm-none-eabi/9.2.1/../../../../arm-none-eabi/lib/thumb/v7e-m/nofp\libstdc++.a(del_ops.o)
                0x0800ec80                operator delete(void*, unsigned int)
 .text.__cxa_guard_acquire
                0x0800ec84       0x38 c:/progra~2/gnutoo~1/92019-~1/bin/../lib/gcc/arm-none-eabi/9.2.1/../../../../arm-none-eabi/lib/thumb/v7e-m/nofp\libstdc++.a(guard.o)
                0x0800ec84                __cxa_guard_acquire
 .text.__cxa_guard_release
                0x0800ecbc        0x8 c:/progra~2/gnutoo~1/92019-~1/bin/../lib/gcc/arm-none-eabi/9.2.1/../../../../arm-none-eabi/lib/thumb/v7e-m/nofp\libstdc++.a(guard.o)
                0x0800ecbc                __cxa_guard_release
 .text._ZN9__gnu_cxx20recursive_init_errorD2Ev
                0x0800ecc4       0x14 c:/progra~2/gnutoo~1/92019-~1/bin/../lib/gcc/arm-none-eabi/9.2.1/../../../../arm-none-eabi/lib/thumb/v7e-m/nofp\libstdc++.a(guard_error.o)
                0x0800ecc4                __gnu_cxx::recursive_init_error::~recursive_init_error()
                0x0800ecc4                __gnu_cxx::recursive_init_error::~recursive_init_error()
 .text._ZN9__gnu_cxx20recursive_init_errorD0Ev
                0x0800ecd8       0x1c c:/progra~2/gnutoo~1/92019-~1/bin/../lib/gcc/arm-none-eabi/9.2.1/../../../../arm-none-eabi/lib/thumb/v7e-m/nofp\libstdc++.a(guard_error.o)
                0x0800ecd8                __gnu_cxx::recursive_init_error::~recursive_init_error()
 .text._ZN9__gnu_cxx20recursive_init_errorC2Ev
                0x0800ecf4        0xc c:/progra~2/gnutoo~1/92019-~1/bin/../lib/gcc/arm-none-eabi/9.2.1/../../../../arm-none-eabi/lib/thumb/v7e-m/nofp\libstdc++.a(guard_error.o)
                0x0800ecf4                __gnu_cxx::recursive_init_error::recursive_init_error()
                0x0800ecf4                __gnu_cxx::recursive_init_error::recursive_init_error()
 .text.__cxa_pure_virtual
                0x0800ed00       0x14 c:/progra~2/gnutoo~1/92019-~1/bin/../lib/gcc/arm-none-eabi/9.2.1/../../../../arm-none-eabi/lib/thumb/v7e-m/nofp\libstdc++.a(pure.o)
                0x0800ed00                __cxa_pure_virtual
 .text._ZN10__cxxabiv120__si_class_type_infoD2Ev
                0x0800ed14       0x14 c:/progra~2/gnutoo~1/92019-~1/bin/../lib/gcc/arm-none-eabi/9.2.1/../../../../arm-none-eabi/lib/thumb/v7e-m/nofp\libstdc++.a(si_class_type_info.o)
                0x0800ed14                __cxxabiv1::__si_class_type_info::~__si_class_type_info()
                0x0800ed14                __cxxabiv1::__si_class_type_info::~__si_class_type_info()
 .text._ZN10__cxxabiv120__si_class_type_infoD0Ev
                0x0800ed28       0x1c c:/progra~2/gnutoo~1/92019-~1/bin/../lib/gcc/arm-none-eabi/9.2.1/../../../../arm-none-eabi/lib/thumb/v7e-m/nofp\libstdc++.a(si_class_type_info.o)
                0x0800ed28                __cxxabiv1::__si_class_type_info::~__si_class_type_info()
 .text._ZNK10__cxxabiv120__si_class_type_info20__do_find_public_srcEiPKvPKNS_17__class_type_infoES2_
                0x0800ed44       0x3c c:/progra~2/gnutoo~1/92019-~1/bin/../lib/gcc/arm-none-eabi/9.2.1/../../../../arm-none-eabi/lib/thumb/v7e-m/nofp\libstdc++.a(si_class_type_info.o)
                0x0800ed44                __cxxabiv1::__si_class_type_info::__do_find_public_src(int, void const*, __cxxabiv1::__class_type_info const*, void const*) const
 .text._ZNK10__cxxabiv120__si_class_type_info12__do_dyncastEiNS_17__class_type_info10__sub_kindEPKS1_PKvS4_S6_RNS1_16__dyncast_resultE
                0x0800ed80       0x84 c:/progra~2/gnutoo~1/92019-~1/bin/../lib/gcc/arm-none-eabi/9.2.1/../../../../arm-none-eabi/lib/thumb/v7e-m/nofp\libstdc++.a(si_class_type_info.o)
                0x0800ed80                __cxxabiv1::__si_class_type_info::__do_dyncast(int, __cxxabiv1::__class_type_info::__sub_kind, __cxxabiv1::__class_type_info const*, void const*, __cxxabiv1::__class_type_info const*, void const*, __cxxabiv1::__class_type_info::__dyncast_result&) const
 .text._ZNK10__cxxabiv120__si_class_type_info11__do_upcastEPKNS_17__class_type_infoEPKvRNS1_15__upcast_resultE
                0x0800ee04       0x2c c:/progra~2/gnutoo~1/92019-~1/bin/../lib/gcc/arm-none-eabi/9.2.1/../../../../arm-none-eabi/lib/thumb/v7e-m/nofp\libstdc++.a(si_class_type_info.o)
                0x0800ee04                __cxxabiv1::__si_class_type_info::__do_upcast(__cxxabiv1::__class_type_info const*, void const*, __cxxabiv1::__class_type_info::__upcast_result&) const
 .text._ZNSt9type_infoD2Ev
                0x0800ee30        0x4 c:/progra~2/gnutoo~1/92019-~1/bin/../lib/gcc/arm-none-eabi/9.2.1/../../../../arm-none-eabi/lib/thumb/v7e-m/nofp\libstdc++.a(tinfo.o)
                0x0800ee30                std::type_info::~type_info()
                0x0800ee30                std::type_info::~type_info()
 .text._ZNKSt9type_info14__is_pointer_pEv
                0x0800ee34        0x4 c:/progra~2/gnutoo~1/92019-~1/bin/../lib/gcc/arm-none-eabi/9.2.1/../../../../arm-none-eabi/lib/thumb/v7e-m/nofp\libstdc++.a(tinfo.o)
                0x0800ee34                std::type_info::__is_pointer_p() const
                0x0800ee34                std::type_info::__is_function_p() const
 .text._ZNKSt9type_infoeqERKS_
                0x0800ee38       0x2c c:/progra~2/gnutoo~1/92019-~1/bin/../lib/gcc/arm-none-eabi/9.2.1/../../../../arm-none-eabi/lib/thumb/v7e-m/nofp\libstdc++.a(tinfo.o)
                0x0800ee38                std::type_info::operator==(std::type_info const&) const
 .text._ZdlPv   0x0800ee64        0x4 c:/progra~2/gnutoo~1/92019-~1/bin/../lib/gcc/arm-none-eabi/9.2.1/../../../../arm-none-eabi/lib/thumb/v7e-m/nofp\libstdc++.a(del_op.o)
                0x0800ee64                operator delete(void*)
 .text._ZN12_GLOBAL__N_14pool4freeEPv.constprop.0
                0x0800ee68       0x8c c:/progra~2/gnutoo~1/92019-~1/bin/../lib/gcc/arm-none-eabi/9.2.1/../../../../arm-none-eabi/lib/thumb/v7e-m/nofp\libstdc++.a(eh_alloc.o)
 .text._ZN12_GLOBAL__N_14pool8allocateEj.constprop.0
                0x0800eef4       0x50 c:/progra~2/gnutoo~1/92019-~1/bin/../lib/gcc/arm-none-eabi/9.2.1/../../../../arm-none-eabi/lib/thumb/v7e-m/nofp\libstdc++.a(eh_alloc.o)
 .text.__cxa_allocate_exception
                0x0800ef44       0x30 c:/progra~2/gnutoo~1/92019-~1/bin/../lib/gcc/arm-none-eabi/9.2.1/../../../../arm-none-eabi/lib/thumb/v7e-m/nofp\libstdc++.a(eh_alloc.o)
                0x0800ef44                __cxa_allocate_exception
 .text.__cxa_free_exception
                0x0800ef74       0x20 c:/progra~2/gnutoo~1/92019-~1/bin/../lib/gcc/arm-none-eabi/9.2.1/../../../../arm-none-eabi/lib/thumb/v7e-m/nofp\libstdc++.a(eh_alloc.o)
                0x0800ef74                __cxa_free_exception
 .text.startup._GLOBAL__sub_I__ZN9__gnu_cxx9__freeresEv
                0x0800ef94       0x28 c:/progra~2/gnutoo~1/92019-~1/bin/../lib/gcc/arm-none-eabi/9.2.1/../../../../arm-none-eabi/lib/thumb/v7e-m/nofp\libstdc++.a(eh_alloc.o)
 .text._ZNSt9exceptionD2Ev
                0x0800efbc        0x4 c:/progra~2/gnutoo~1/92019-~1/bin/../lib/gcc/arm-none-eabi/9.2.1/../../../../arm-none-eabi/lib/thumb/v7e-m/nofp\libstdc++.a(eh_exception.o)
                0x0800efbc                std::exception::~exception()
                0x0800efbc                std::exception::~exception()
 .text._ZNSt13bad_exceptionD2Ev
                0x0800efc0        0x4 c:/progra~2/gnutoo~1/92019-~1/bin/../lib/gcc/arm-none-eabi/9.2.1/../../../../arm-none-eabi/lib/thumb/v7e-m/nofp\libstdc++.a(eh_exception.o)
                0x0800efc0                std::bad_exception::~bad_exception()
                0x0800efc0                std::bad_exception::~bad_exception()
 .text._ZNKSt9exception4whatEv
                0x0800efc4        0x8 c:/progra~2/gnutoo~1/92019-~1/bin/../lib/gcc/arm-none-eabi/9.2.1/../../../../arm-none-eabi/lib/thumb/v7e-m/nofp\libstdc++.a(eh_exception.o)
                0x0800efc4                std::exception::what() const
                0x0800efc4                transaction clone for std::exception::what() const
 .text._ZNKSt13bad_exception4whatEv
                0x0800efcc        0x8 c:/progra~2/gnutoo~1/92019-~1/bin/../lib/gcc/arm-none-eabi/9.2.1/../../../../arm-none-eabi/lib/thumb/v7e-m/nofp\libstdc++.a(eh_exception.o)
                0x0800efcc                std::bad_exception::what() const
                0x0800efcc                transaction clone for std::bad_exception::what() const
 .text._ZNSt13bad_exceptionD0Ev
                0x0800efd4       0x10 c:/progra~2/gnutoo~1/92019-~1/bin/../lib/gcc/arm-none-eabi/9.2.1/../../../../arm-none-eabi/lib/thumb/v7e-m/nofp\libstdc++.a(eh_exception.o)
                0x0800efd4                std::bad_exception::~bad_exception()
 .text._ZN10__cxxabiv111__terminateEPFvvE
                0x0800efe4       0x28 c:/progra~2/gnutoo~1/92019-~1/bin/../lib/gcc/arm-none-eabi/9.2.1/../../../../arm-none-eabi/lib/thumb/v7e-m/nofp\libstdc++.a(eh_terminate.o)
                0x0800efe4                __cxxabiv1::__terminate(void (*)())
 .text._ZSt9terminatev
                0x0800f00c       0x14 c:/progra~2/gnutoo~1/92019-~1/bin/../lib/gcc/arm-none-eabi/9.2.1/../../../../arm-none-eabi/lib/thumb/v7e-m/nofp\libstdc++.a(eh_terminate.o)
                0x0800f00c                std::terminate()
 .text._ZN10__cxxabiv112__unexpectedEPFvvE
                0x0800f020        0x8 c:/progra~2/gnutoo~1/92019-~1/bin/../lib/gcc/arm-none-eabi/9.2.1/../../../../arm-none-eabi/lib/thumb/v7e-m/nofp\libstdc++.a(eh_terminate.o)
                0x0800f020                __cxxabiv1::__unexpected(void (*)())
 .text._ZSt10unexpectedv
                0x0800f028       0x14 c:/progra~2/gnutoo~1/92019-~1/bin/../lib/gcc/arm-none-eabi/9.2.1/../../../../arm-none-eabi/lib/thumb/v7e-m/nofp\libstdc++.a(eh_terminate.o)
                0x0800f028                std::unexpected()
 .text._ZSt13get_terminatev
                0x0800f03c       0x10 c:/progra~2/gnutoo~1/92019-~1/bin/../lib/gcc/arm-none-eabi/9.2.1/../../../../arm-none-eabi/lib/thumb/v7e-m/nofp\libstdc++.a(eh_terminate.o)
                0x0800f03c                std::get_terminate()
 .text._ZSt14get_unexpectedv
                0x0800f04c       0x10 c:/progra~2/gnutoo~1/92019-~1/bin/../lib/gcc/arm-none-eabi/9.2.1/../../../../arm-none-eabi/lib/thumb/v7e-m/nofp\libstdc++.a(eh_terminate.o)
                0x0800f04c                std::get_unexpected()
 .text._ZL23__gxx_exception_cleanup19_Unwind_Reason_CodeP21_Unwind_Control_Block
                0x0800f05c       0x44 c:/progra~2/gnutoo~1/92019-~1/bin/../lib/gcc/arm-none-eabi/9.2.1/../../../../arm-none-eabi/lib/thumb/v7e-m/nofp\libstdc++.a(eh_throw.o)
 .text.__cxa_init_primary_exception
                0x0800f0a0       0x58 c:/progra~2/gnutoo~1/92019-~1/bin/../lib/gcc/arm-none-eabi/9.2.1/../../../../arm-none-eabi/lib/thumb/v7e-m/nofp\libstdc++.a(eh_throw.o)
                0x0800f0a0                __cxa_init_primary_exception
 .text.__cxa_throw
                0x0800f0f8       0x38 c:/progra~2/gnutoo~1/92019-~1/bin/../lib/gcc/arm-none-eabi/9.2.1/../../../../arm-none-eabi/lib/thumb/v7e-m/nofp\libstdc++.a(eh_throw.o)
                0x0800f0f8                __cxa_throw
 .text.__cxa_rethrow
                0x0800f130       0x70 c:/progra~2/gnutoo~1/92019-~1/bin/../lib/gcc/arm-none-eabi/9.2.1/../../../../arm-none-eabi/lib/thumb/v7e-m/nofp\libstdc++.a(eh_throw.o)
                0x0800f130                __cxa_rethrow
 .text._ZN9__gnu_cxx27__verbose_terminate_handlerEv
                0x0800f1a0      0x10c c:/progra~2/gnutoo~1/92019-~1/bin/../lib/gcc/arm-none-eabi/9.2.1/../../../../arm-none-eabi/lib/thumb/v7e-m/nofp\libstdc++.a(vterminate.o)
                0x0800f1a0                __gnu_cxx::__verbose_terminate_handler()
 .text.__cxa_end_cleanup
                0x0800f2ac        0xc c:/progra~2/gnutoo~1/92019-~1/bin/../lib/gcc/arm-none-eabi/9.2.1/../../../../arm-none-eabi/lib/thumb/v7e-m/nofp\libstdc++.a(eh_arm.o)
                0x0800f2ac                __cxa_end_cleanup
 .text.__cxa_type_match
                0x0800f2b8       0xc0 c:/progra~2/gnutoo~1/92019-~1/bin/../lib/gcc/arm-none-eabi/9.2.1/../../../../arm-none-eabi/lib/thumb/v7e-m/nofp\libstdc++.a(eh_arm.o)
                0x0800f2b8                __cxa_type_match
 .text.__cxa_begin_cleanup
                0x0800f378       0x64 c:/progra~2/gnutoo~1/92019-~1/bin/../lib/gcc/arm-none-eabi/9.2.1/../../../../arm-none-eabi/lib/thumb/v7e-m/nofp\libstdc++.a(eh_arm.o)
                0x0800f378                __cxa_begin_cleanup
 .text.__gnu_end_cleanup
                0x0800f3dc       0x70 c:/progra~2/gnutoo~1/92019-~1/bin/../lib/gcc/arm-none-eabi/9.2.1/../../../../arm-none-eabi/lib/thumb/v7e-m/nofp\libstdc++.a(eh_arm.o)
                0x0800f3dc                __gnu_end_cleanup
 .text._ZN10__cxxabiv1L24__is_gxx_exception_classEPc
                0x0800f44c       0x3c c:/progra~2/gnutoo~1/92019-~1/bin/../lib/gcc/arm-none-eabi/9.2.1/../../../../arm-none-eabi/lib/thumb/v7e-m/nofp\libstdc++.a(eh_call.o)
 .text.__cxa_call_terminate
                0x0800f488       0x20 c:/progra~2/gnutoo~1/92019-~1/bin/../lib/gcc/arm-none-eabi/9.2.1/../../../../arm-none-eabi/lib/thumb/v7e-m/nofp\libstdc++.a(eh_call.o)
                0x0800f488                __cxa_call_terminate
 .text.unlikely.__cxa_call_unexpected
                0x0800f4a8       0xe0 c:/progra~2/gnutoo~1/92019-~1/bin/../lib/gcc/arm-none-eabi/9.2.1/../../../../arm-none-eabi/lib/thumb/v7e-m/nofp\libstdc++.a(eh_call.o)
                0x0800f4a8                __cxa_call_unexpected
 .text.__cxa_begin_catch
                0x0800f588       0x7c c:/progra~2/gnutoo~1/92019-~1/bin/../lib/gcc/arm-none-eabi/9.2.1/../../../../arm-none-eabi/lib/thumb/v7e-m/nofp\libstdc++.a(eh_catch.o)
                0x0800f588                __cxa_begin_catch
 .text.__cxa_end_catch
                0x0800f604       0x88 c:/progra~2/gnutoo~1/92019-~1/bin/../lib/gcc/arm-none-eabi/9.2.1/../../../../arm-none-eabi/lib/thumb/v7e-m/nofp\libstdc++.a(eh_catch.o)
                0x0800f604                __cxa_end_catch
 .text.__cxa_get_globals_fast
                0x0800f68c        0x8 c:/progra~2/gnutoo~1/92019-~1/bin/../lib/gcc/arm-none-eabi/9.2.1/../../../../arm-none-eabi/lib/thumb/v7e-m/nofp\libstdc++.a(eh_globals.o)
                0x0800f68c                __cxa_get_globals_fast
 .text.__cxa_get_globals
                0x0800f694        0x8 c:/progra~2/gnutoo~1/92019-~1/bin/../lib/gcc/arm-none-eabi/9.2.1/../../../../arm-none-eabi/lib/thumb/v7e-m/nofp\libstdc++.a(eh_globals.o)
                0x0800f694                __cxa_get_globals
 .text._ZL28read_encoded_value_with_basehjPKhPj
                0x0800f69c       0xc8 c:/progra~2/gnutoo~1/92019-~1/bin/../lib/gcc/arm-none-eabi/9.2.1/../../../../arm-none-eabi/lib/thumb/v7e-m/nofp\libstdc++.a(eh_personality.o)
 .text._ZL21base_of_encoded_valuehP15_Unwind_Context
                0x0800f764       0x48 c:/progra~2/gnutoo~1/92019-~1/bin/../lib/gcc/arm-none-eabi/9.2.1/../../../../arm-none-eabi/lib/thumb/v7e-m/nofp\libstdc++.a(eh_personality.o)
 .text._ZL17parse_lsda_headerP15_Unwind_ContextPKhP16lsda_header_info
                0x0800f7ac       0x94 c:/progra~2/gnutoo~1/92019-~1/bin/../lib/gcc/arm-none-eabi/9.2.1/../../../../arm-none-eabi/lib/thumb/v7e-m/nofp\libstdc++.a(eh_personality.o)
 .text.__gxx_personality_v0
                0x0800f840      0x4a0 c:/progra~2/gnutoo~1/92019-~1/bin/../lib/gcc/arm-none-eabi/9.2.1/../../../../arm-none-eabi/lib/thumb/v7e-m/nofp\libstdc++.a(eh_personality.o)
                0x0800f840                __gxx_personality_v0
 .text.__cxa_current_exception_type
                0x0800fce0       0x1c c:/progra~2/gnutoo~1/92019-~1/bin/../lib/gcc/arm-none-eabi/9.2.1/../../../../arm-none-eabi/lib/thumb/v7e-m/nofp\libstdc++.a(eh_type.o)
                0x0800fce0                __cxa_current_exception_type
 .text.atan2    0x0800fcfc        0x4 c:/progra~2/gnutoo~1/92019-~1/bin/../lib/gcc/arm-none-eabi/9.2.1/../../../../arm-none-eabi/lib/thumb/v7e-m/nofp\libm.a(lib_a-w_atan2.o)
                0x0800fcfc                atan2
 .text.__ieee754_atan2
                0x0800fd00      0x194 c:/progra~2/gnutoo~1/92019-~1/bin/../lib/gcc/arm-none-eabi/9.2.1/../../../../arm-none-eabi/lib/thumb/v7e-m/nofp\libm.a(lib_a-e_atan2.o)
                0x0800fd00                __ieee754_atan2
 *fill*         0x0800fe94        0x4 
 .text.atan     0x0800fe98      0x354 c:/progra~2/gnutoo~1/92019-~1/bin/../lib/gcc/arm-none-eabi/9.2.1/../../../../arm-none-eabi/lib/thumb/v7e-m/nofp\libm.a(lib_a-s_atan.o)
                0x0800fe98                atan
 .text.fabs     0x080101ec        0x8 c:/progra~2/gnutoo~1/92019-~1/bin/../lib/gcc/arm-none-eabi/9.2.1/../../../../arm-none-eabi/lib/thumb/v7e-m/nofp\libm.a(lib_a-s_fabs.o)
                0x080101ec                fabs
 .text.unlikely
                0x080101f4        0xc c:/progra~2/gnutoo~1/92019-~1/bin/../lib/gcc/arm-none-eabi/9.2.1/thumb/v7e-m/nofp\libgcc.a(pr-support.o)
                0x080101f4                _Unwind_GetDataRelBase
                0x080101fa                _Unwind_GetTextRelBase
 .text.abort    0x08010200       0x10 c:/progra~2/gnutoo~1/92019-~1/bin/../lib/gcc/arm-none-eabi/9.2.1/../../../../arm-none-eabi/lib/thumb/v7e-m/nofp\libg.a(lib_a-abort.o)
                0x08010200                abort
 .text.__errno  0x08010210        0xc c:/progra~2/gnutoo~1/92019-~1/bin/../lib/gcc/arm-none-eabi/9.2.1/../../../../arm-none-eabi/lib/thumb/v7e-m/nofp\libg.a(lib_a-errno.o)
                0x08010210                __errno
 .text.fputc    0x0801021c       0x58 c:/progra~2/gnutoo~1/92019-~1/bin/../lib/gcc/arm-none-eabi/9.2.1/../../../../arm-none-eabi/lib/thumb/v7e-m/nofp\libg.a(lib_a-fputc.o)
                0x0801021c                fputc
 .text._fputs_r
                0x08010274       0x88 c:/progra~2/gnutoo~1/92019-~1/bin/../lib/gcc/arm-none-eabi/9.2.1/../../../../arm-none-eabi/lib/thumb/v7e-m/nofp\libg.a(lib_a-fputs.o)
                0x08010274                _fputs_r
 .text.fputs    0x080102fc       0x10 c:/progra~2/gnutoo~1/92019-~1/bin/../lib/gcc/arm-none-eabi/9.2.1/../../../../arm-none-eabi/lib/thumb/v7e-m/nofp\libg.a(lib_a-fputs.o)
                0x080102fc                fputs
 .text.__sfvwrite_r
                0x0801030c      0x2e0 c:/progra~2/gnutoo~1/92019-~1/bin/../lib/gcc/arm-none-eabi/9.2.1/../../../../arm-none-eabi/lib/thumb/v7e-m/nofp\libg.a(lib_a-fvwrite.o)
                0x0801030c                __sfvwrite_r
 .text._fwrite_r
                0x080105ec       0xa8 c:/progra~2/gnutoo~1/92019-~1/bin/../lib/gcc/arm-none-eabi/9.2.1/../../../../arm-none-eabi/lib/thumb/v7e-m/nofp\libg.a(lib_a-fwrite.o)
                0x080105ec                _fwrite_r
 .text.fwrite   0x08010694       0x20 c:/progra~2/gnutoo~1/92019-~1/bin/../lib/gcc/arm-none-eabi/9.2.1/../../../../arm-none-eabi/lib/thumb/v7e-m/nofp\libg.a(lib_a-fwrite.o)
                0x08010694                fwrite
 .text.__libc_init_array
                0x080106b4       0x48 c:/progra~2/gnutoo~1/92019-~1/bin/../lib/gcc/arm-none-eabi/9.2.1/../../../../arm-none-eabi/lib/thumb/v7e-m/nofp\libg.a(lib_a-init.o)
                0x080106b4                __libc_init_array
 .text.__retarget_lock_init_recursive
                0x080106fc        0x4 c:/progra~2/gnutoo~1/92019-~1/bin/../lib/gcc/arm-none-eabi/9.2.1/../../../../arm-none-eabi/lib/thumb/v7e-m/nofp\libg.a(lib_a-lock.o)
                0x080106fc                __retarget_lock_init_recursive
 .text.__retarget_lock_close_recursive
                0x08010700        0x4 c:/progra~2/gnutoo~1/92019-~1/bin/../lib/gcc/arm-none-eabi/9.2.1/../../../../arm-none-eabi/lib/thumb/v7e-m/nofp\libg.a(lib_a-lock.o)
                0x08010700                __retarget_lock_close_recursive
 .text.__retarget_lock_acquire_recursive
                0x08010704        0x4 c:/progra~2/gnutoo~1/92019-~1/bin/../lib/gcc/arm-none-eabi/9.2.1/../../../../arm-none-eabi/lib/thumb/v7e-m/nofp\libg.a(lib_a-lock.o)
                0x08010704                __retarget_lock_acquire_recursive
 .text.__retarget_lock_release_recursive
                0x08010708        0x4 c:/progra~2/gnutoo~1/92019-~1/bin/../lib/gcc/arm-none-eabi/9.2.1/../../../../arm-none-eabi/lib/thumb/v7e-m/nofp\libg.a(lib_a-lock.o)
                0x08010708                __retarget_lock_release_recursive
 .text.malloc   0x0801070c       0x10 c:/progra~2/gnutoo~1/92019-~1/bin/../lib/gcc/arm-none-eabi/9.2.1/../../../../arm-none-eabi/lib/thumb/v7e-m/nofp\libg.a(lib_a-malloc.o)
                0x0801070c                malloc
 .text.free     0x0801071c       0x10 c:/progra~2/gnutoo~1/92019-~1/bin/../lib/gcc/arm-none-eabi/9.2.1/../../../../arm-none-eabi/lib/thumb/v7e-m/nofp\libg.a(lib_a-malloc.o)
                0x0801071c                free
 .text._malloc_r
                0x0801072c      0x574 c:/progra~2/gnutoo~1/92019-~1/bin/../lib/gcc/arm-none-eabi/9.2.1/../../../../arm-none-eabi/lib/thumb/v7e-m/nofp\libg.a(lib_a-mallocr.o)
                0x0801072c                _malloc_r
 .text.memcmp   0x08010ca0       0x60 c:/progra~2/gnutoo~1/92019-~1/bin/../lib/gcc/arm-none-eabi/9.2.1/../../../../arm-none-eabi/lib/thumb/v7e-m/nofp\libg.a(lib_a-memcmp.o)
                0x08010ca0                memcmp
 .text.memmove  0x08010d00       0xd8 c:/progra~2/gnutoo~1/92019-~1/bin/../lib/gcc/arm-none-eabi/9.2.1/../../../../arm-none-eabi/lib/thumb/v7e-m/nofp\libg.a(lib_a-memmove.o)
                0x08010d00                memmove
 .text.memset   0x08010dd8       0xa0 c:/progra~2/gnutoo~1/92019-~1/bin/../lib/gcc/arm-none-eabi/9.2.1/../../../../arm-none-eabi/lib/thumb/v7e-m/nofp\libg.a(lib_a-memset.o)
                0x08010dd8                memset
 .text.__malloc_lock
                0x08010e78        0xc c:/progra~2/gnutoo~1/92019-~1/bin/../lib/gcc/arm-none-eabi/9.2.1/../../../../arm-none-eabi/lib/thumb/v7e-m/nofp\libg.a(lib_a-mlock.o)
                0x08010e78                __malloc_lock
 .text.__malloc_unlock
                0x08010e84        0xc c:/progra~2/gnutoo~1/92019-~1/bin/../lib/gcc/arm-none-eabi/9.2.1/../../../../arm-none-eabi/lib/thumb/v7e-m/nofp\libg.a(lib_a-mlock.o)
                0x08010e84                __malloc_unlock
 .text.printf   0x08010e90       0x28 c:/progra~2/gnutoo~1/92019-~1/bin/../lib/gcc/arm-none-eabi/9.2.1/../../../../arm-none-eabi/lib/thumb/v7e-m/nofp\libg.a(lib_a-printf.o)
                0x08010e90                printf
 .text._putc_r  0x08010eb8       0x74 c:/progra~2/gnutoo~1/92019-~1/bin/../lib/gcc/arm-none-eabi/9.2.1/../../../../arm-none-eabi/lib/thumb/v7e-m/nofp\libg.a(lib_a-putc.o)
                0x08010eb8                _putc_r
 .text._puts_r  0x08010f2c       0x9c c:/progra~2/gnutoo~1/92019-~1/bin/../lib/gcc/arm-none-eabi/9.2.1/../../../../arm-none-eabi/lib/thumb/v7e-m/nofp\libg.a(lib_a-puts.o)
                0x08010f2c                _puts_r
 .text.puts     0x08010fc8       0x10 c:/progra~2/gnutoo~1/92019-~1/bin/../lib/gcc/arm-none-eabi/9.2.1/../../../../arm-none-eabi/lib/thumb/v7e-m/nofp\libg.a(lib_a-puts.o)
                0x08010fc8                puts
 .text.realloc  0x08010fd8       0x10 c:/progra~2/gnutoo~1/92019-~1/bin/../lib/gcc/arm-none-eabi/9.2.1/../../../../arm-none-eabi/lib/thumb/v7e-m/nofp\libg.a(lib_a-realloc.o)
                0x08010fd8                realloc
 .text._realloc_r
                0x08010fe8      0x3e0 c:/progra~2/gnutoo~1/92019-~1/bin/../lib/gcc/arm-none-eabi/9.2.1/../../../../arm-none-eabi/lib/thumb/v7e-m/nofp\libg.a(lib_a-reallocr.o)
                0x08010fe8                _realloc_r
 .text._sbrk_r  0x080113c8       0x24 c:/progra~2/gnutoo~1/92019-~1/bin/../lib/gcc/arm-none-eabi/9.2.1/../../../../arm-none-eabi/lib/thumb/v7e-m/nofp\libg.a(lib_a-sbrkr.o)
                0x080113c8                _sbrk_r
 .text._raise_r
                0x080113ec       0x58 c:/progra~2/gnutoo~1/92019-~1/bin/../lib/gcc/arm-none-eabi/9.2.1/../../../../arm-none-eabi/lib/thumb/v7e-m/nofp\libg.a(lib_a-signal.o)
                0x080113ec                _raise_r
 .text.raise    0x08011444       0x10 c:/progra~2/gnutoo~1/92019-~1/bin/../lib/gcc/arm-none-eabi/9.2.1/../../../../arm-none-eabi/lib/thumb/v7e-m/nofp\libg.a(lib_a-signal.o)
                0x08011444                raise
 .text._kill_r  0x08011454       0x2c c:/progra~2/gnutoo~1/92019-~1/bin/../lib/gcc/arm-none-eabi/9.2.1/../../../../arm-none-eabi/lib/thumb/v7e-m/nofp\libg.a(lib_a-signalr.o)
                0x08011454                _kill_r
 .text._getpid_r
                0x08011480        0x4 c:/progra~2/gnutoo~1/92019-~1/bin/../lib/gcc/arm-none-eabi/9.2.1/../../../../arm-none-eabi/lib/thumb/v7e-m/nofp\libg.a(lib_a-signalr.o)
                0x08011480                _getpid_r
 .text.sprintf  0x08011484       0x44 c:/progra~2/gnutoo~1/92019-~1/bin/../lib/gcc/arm-none-eabi/9.2.1/../../../../arm-none-eabi/lib/thumb/v7e-m/nofp\libg.a(lib_a-sprintf.o)
                0x08011484                sprintf
 .text.strncmp  0x080114c8       0x7c c:/progra~2/gnutoo~1/92019-~1/bin/../lib/gcc/arm-none-eabi/9.2.1/../../../../arm-none-eabi/lib/thumb/v7e-m/nofp\libg.a(lib_a-strncmp.o)
                0x080114c8                strncmp
 .text._svfprintf_r
                0x08011544     0x1acc c:/progra~2/gnutoo~1/92019-~1/bin/../lib/gcc/arm-none-eabi/9.2.1/../../../../arm-none-eabi/lib/thumb/v7e-m/nofp\libg.a(lib_a-svfprintf.o)
                0x08011544                _svfprintf_r
 .text.write    0x08013010       0x18 c:/progra~2/gnutoo~1/92019-~1/bin/../lib/gcc/arm-none-eabi/9.2.1/../../../../arm-none-eabi/lib/thumb/v7e-m/nofp\libg.a(lib_a-syswrite.o)
                0x08013010                write
 .text._vfprintf_r
                0x08013028     0x1b84 c:/progra~2/gnutoo~1/92019-~1/bin/../lib/gcc/arm-none-eabi/9.2.1/../../../../arm-none-eabi/lib/thumb/v7e-m/nofp\libg.a(lib_a-vfprintf.o)
                0x08013028                _vfprintf_r
 .text.__sbprintf
                0x08014bac       0x84 c:/progra~2/gnutoo~1/92019-~1/bin/../lib/gcc/arm-none-eabi/9.2.1/../../../../arm-none-eabi/lib/thumb/v7e-m/nofp\libg.a(lib_a-vfprintf.o)
 .text.__swbuf_r
                0x08014c30       0xb0 c:/progra~2/gnutoo~1/92019-~1/bin/../lib/gcc/arm-none-eabi/9.2.1/../../../../arm-none-eabi/lib/thumb/v7e-m/nofp\libg.a(lib_a-wbuf.o)
                0x08014c30                __swbuf_r
 .text._write_r
                0x08014ce0       0x2c c:/progra~2/gnutoo~1/92019-~1/bin/../lib/gcc/arm-none-eabi/9.2.1/../../../../arm-none-eabi/lib/thumb/v7e-m/nofp\libg.a(lib_a-writer.o)
                0x08014ce0                _write_r
 .text.__swsetup_r
                0x08014d0c       0xd0 c:/progra~2/gnutoo~1/92019-~1/bin/../lib/gcc/arm-none-eabi/9.2.1/../../../../arm-none-eabi/lib/thumb/v7e-m/nofp\libg.a(lib_a-wsetup.o)
                0x08014d0c                __swsetup_r
 .text.startup.register_fini
                0x08014ddc       0x14 c:/progra~2/gnutoo~1/92019-~1/bin/../lib/gcc/arm-none-eabi/9.2.1/../../../../arm-none-eabi/lib/thumb/v7e-m/nofp\libg.a(lib_a-__call_atexit.o)
 .text.atexit   0x08014df0        0xc c:/progra~2/gnutoo~1/92019-~1/bin/../lib/gcc/arm-none-eabi/9.2.1/../../../../arm-none-eabi/lib/thumb/v7e-m/nofp\libg.a(lib_a-atexit.o)
                0x08014df0                atexit
 .text.quorem   0x08014dfc      0x11c c:/progra~2/gnutoo~1/92019-~1/bin/../lib/gcc/arm-none-eabi/9.2.1/../../../../arm-none-eabi/lib/thumb/v7e-m/nofp\libg.a(lib_a-dtoa.o)
 .text._dtoa_r  0x08014f18      0xeb8 c:/progra~2/gnutoo~1/92019-~1/bin/../lib/gcc/arm-none-eabi/9.2.1/../../../../arm-none-eabi/lib/thumb/v7e-m/nofp\libg.a(lib_a-dtoa.o)
                0x08014f18                _dtoa_r
 .text.__sflush_r
                0x08015dd0      0x130 c:/progra~2/gnutoo~1/92019-~1/bin/../lib/gcc/arm-none-eabi/9.2.1/../../../../arm-none-eabi/lib/thumb/v7e-m/nofp\libg.a(lib_a-fflush.o)
                0x08015dd0                __sflush_r
 .text._fflush_r
                0x08015f00       0x5c c:/progra~2/gnutoo~1/92019-~1/bin/../lib/gcc/arm-none-eabi/9.2.1/../../../../arm-none-eabi/lib/thumb/v7e-m/nofp\libg.a(lib_a-fflush.o)
                0x08015f00                _fflush_r
 .text.std      0x08015f5c       0x50 c:/progra~2/gnutoo~1/92019-~1/bin/../lib/gcc/arm-none-eabi/9.2.1/../../../../arm-none-eabi/lib/thumb/v7e-m/nofp\libg.a(lib_a-findfp.o)
 .text._cleanup_r
                0x08015fac        0xc c:/progra~2/gnutoo~1/92019-~1/bin/../lib/gcc/arm-none-eabi/9.2.1/../../../../arm-none-eabi/lib/thumb/v7e-m/nofp\libg.a(lib_a-findfp.o)
                0x08015fac                _cleanup_r
 .text.__sinit  0x08015fb8       0x54 c:/progra~2/gnutoo~1/92019-~1/bin/../lib/gcc/arm-none-eabi/9.2.1/../../../../arm-none-eabi/lib/thumb/v7e-m/nofp\libg.a(lib_a-findfp.o)
                0x08015fb8                __sinit
 .text.__sfp_lock_acquire
                0x0801600c        0xc c:/progra~2/gnutoo~1/92019-~1/bin/../lib/gcc/arm-none-eabi/9.2.1/../../../../arm-none-eabi/lib/thumb/v7e-m/nofp\libg.a(lib_a-findfp.o)
                0x0801600c                __sfp_lock_acquire
 .text.__sfp_lock_release
                0x08016018        0xc c:/progra~2/gnutoo~1/92019-~1/bin/../lib/gcc/arm-none-eabi/9.2.1/../../../../arm-none-eabi/lib/thumb/v7e-m/nofp\libg.a(lib_a-findfp.o)
                0x08016018                __sfp_lock_release
 .text.__libc_fini_array
                0x08016024       0x2c c:/progra~2/gnutoo~1/92019-~1/bin/../lib/gcc/arm-none-eabi/9.2.1/../../../../arm-none-eabi/lib/thumb/v7e-m/nofp\libg.a(lib_a-fini.o)
                0x08016024                __libc_fini_array
 .text._malloc_trim_r
                0x08016050       0xa0 c:/progra~2/gnutoo~1/92019-~1/bin/../lib/gcc/arm-none-eabi/9.2.1/../../../../arm-none-eabi/lib/thumb/v7e-m/nofp\libg.a(lib_a-freer.o)
                0x08016050                _malloc_trim_r
 .text._free_r  0x080160f0      0x208 c:/progra~2/gnutoo~1/92019-~1/bin/../lib/gcc/arm-none-eabi/9.2.1/../../../../arm-none-eabi/lib/thumb/v7e-m/nofp\libg.a(lib_a-freer.o)
                0x080160f0                _free_r
 .text._fwalk_reent
                0x080162f8       0x48 c:/progra~2/gnutoo~1/92019-~1/bin/../lib/gcc/arm-none-eabi/9.2.1/../../../../arm-none-eabi/lib/thumb/v7e-m/nofp\libg.a(lib_a-fwalk.o)
                0x080162f8                _fwalk_reent
 .text.__locale_mb_cur_max
                0x08016340        0xc c:/progra~2/gnutoo~1/92019-~1/bin/../lib/gcc/arm-none-eabi/9.2.1/../../../../arm-none-eabi/lib/thumb/v7e-m/nofp\libg.a(lib_a-locale.o)
                0x08016340                __locale_mb_cur_max
 .text._localeconv_r
                0x0801634c        0x8 c:/progra~2/gnutoo~1/92019-~1/bin/../lib/gcc/arm-none-eabi/9.2.1/../../../../arm-none-eabi/lib/thumb/v7e-m/nofp\libg.a(lib_a-localeconv.o)
                0x0801634c                _localeconv_r
 .text.__swhatbuf_r