Archive member included to satisfy reference by file (symbol)

c:/progra~2/gnutoo~1/92019-~1/bin/../lib/gcc/arm-none-eabi/9.2.1/../../../../arm-none-eabi/lib/thumb/v7e-m/nofp\libstdc++.a(class_type_info.o)
                              CMakeFiles/FOC_SMC_BLDC.elf.dir/Ctrl/BLDCMotor.cpp.obj (vtable for __cxxabiv1::__class_type_info)
c:/progra~2/gnutoo~1/92019-~1/bin/../lib/gcc/arm-none-eabi/9.2.1/../../../../arm-none-eabi/lib/thumb/v7e-m/nofp\libstdc++.a(del_op.o)
                              CMakeFiles/FOC_SMC_BLDC.elf.dir/Ctrl/Motor/FOCMotor.cpp.obj (operator delete(void*))
c:/progra~2/gnutoo~1/92019-~1/bin/../lib/gcc/arm-none-eabi/9.2.1/../../../../arm-none-eabi/lib/thumb/v7e-m/nofp\libstdc++.a(del_ops.o)
                              c:/progra~2/gnutoo~1/92019-~1/bin/../lib/gcc/arm-none-eabi/9.2.1/../../../../arm-none-eabi/lib/thumb/v7e-m/nofp\libstdc++.a(class_type_info.o) (operator delete(void*, unsigned int))
c:/progra~2/gnutoo~1/92019-~1/bin/../lib/gcc/arm-none-eabi/9.2.1/../../../../arm-none-eabi/lib/thumb/v7e-m/nofp\libstdc++.a(eh_arm.o)
                              CMakeFiles/FOC_SMC_BLDC.elf.dir/Ctrl/Motor/FOCMotor.cpp.obj (__cxa_end_cleanup)
c:/progra~2/gnutoo~1/92019-~1/bin/../lib/gcc/arm-none-eabi/9.2.1/../../../../arm-none-eabi/lib/thumb/v7e-m/nofp\libstdc++.a(eh_exception.o)
                              c:/progra~2/gnutoo~1/92019-~1/bin/../lib/gcc/arm-none-eabi/9.2.1/../../../../arm-none-eabi/lib/thumb/v7e-m/nofp\libstdc++.a(eh_arm.o) (typeinfo for __cxxabiv1::__forced_unwind)
c:/progra~2/gnutoo~1/92019-~1/bin/../lib/gcc/arm-none-eabi/9.2.1/../../../../arm-none-eabi/lib/thumb/v7e-m/nofp\libstdc++.a(eh_globals.o)
                              c:/progra~2/gnutoo~1/92019-~1/bin/../lib/gcc/arm-none-eabi/9.2.1/../../../../arm-none-eabi/lib/thumb/v7e-m/nofp\libstdc++.a(eh_arm.o) (__cxa_get_globals)
c:/progra~2/gnutoo~1/92019-~1/bin/../lib/gcc/arm-none-eabi/9.2.1/../../../../arm-none-eabi/lib/thumb/v7e-m/nofp\libstdc++.a(eh_personality.o)
                              CMakeFiles/FOC_SMC_BLDC.elf.dir/Ctrl/Motor/FOCMotor.cpp.obj (__gxx_personality_v0)
c:/progra~2/gnutoo~1/92019-~1/bin/../lib/gcc/arm-none-eabi/9.2.1/../../../../arm-none-eabi/lib/thumb/v7e-m/nofp\libstdc++.a(eh_terminate.o)
                              c:/progra~2/gnutoo~1/92019-~1/bin/../lib/gcc/arm-none-eabi/9.2.1/../../../../arm-none-eabi/lib/thumb/v7e-m/nofp\libstdc++.a(eh_arm.o) (std::terminate())
c:/progra~2/gnutoo~1/92019-~1/bin/../lib/gcc/arm-none-eabi/9.2.1/../../../../arm-none-eabi/lib/thumb/v7e-m/nofp\libstdc++.a(eh_unex_handler.o)
                              c:/progra~2/gnutoo~1/92019-~1/bin/../lib/gcc/arm-none-eabi/9.2.1/../../../../arm-none-eabi/lib/thumb/v7e-m/nofp\libstdc++.a(eh_terminate.o) (__cxxabiv1::__unexpected_handler)
c:/progra~2/gnutoo~1/92019-~1/bin/../lib/gcc/arm-none-eabi/9.2.1/../../../../arm-none-eabi/lib/thumb/v7e-m/nofp\libstdc++.a(guard.o)
                              CMakeFiles/FOC_SMC_BLDC.elf.dir/Ctrl/Sensor/Encoder/Instances/encoder_as5047.cpp.obj (__cxa_guard_acquire)
c:/progra~2/gnutoo~1/92019-~1/bin/../lib/gcc/arm-none-eabi/9.2.1/../../../../arm-none-eabi/lib/thumb/v7e-m/nofp\libstdc++.a(guard_error.o)
                              c:/progra~2/gnutoo~1/92019-~1/bin/../lib/gcc/arm-none-eabi/9.2.1/../../../../arm-none-eabi/lib/thumb/v7e-m/nofp\libstdc++.a(guard.o) (__gnu_cxx::recursive_init_error::~recursive_init_error())
c:/progra~2/gnutoo~1/92019-~1/bin/../lib/gcc/arm-none-eabi/9.2.1/../../../../arm-none-eabi/lib/thumb/v7e-m/nofp\libstdc++.a(pure.o)
                              CMakeFiles/FOC_SMC_BLDC.elf.dir/Ctrl/Motor/FOCMotor.cpp.obj (__cxa_pure_virtual)
c:/progra~2/gnutoo~1/92019-~1/bin/../lib/gcc/arm-none-eabi/9.2.1/../../../../arm-none-eabi/lib/thumb/v7e-m/nofp\libstdc++.a(si_class_type_info.o)
                              CMakeFiles/FOC_SMC_BLDC.elf.dir/Ctrl/BLDCMotor.cpp.obj (vtable for __cxxabiv1::__si_class_type_info)
c:/progra~2/gnutoo~1/92019-~1/bin/../lib/gcc/arm-none-eabi/9.2.1/../../../../arm-none-eabi/lib/thumb/v7e-m/nofp\libstdc++.a(tinfo.o)
                              c:/progra~2/gnutoo~1/92019-~1/bin/../lib/gcc/arm-none-eabi/9.2.1/../../../../arm-none-eabi/lib/thumb/v7e-m/nofp\libstdc++.a(class_type_info.o) (std::type_info::~type_info())
c:/progra~2/gnutoo~1/92019-~1/bin/../lib/gcc/arm-none-eabi/9.2.1/../../../../arm-none-eabi/lib/thumb/v7e-m/nofp\libstdc++.a(vterminate.o)
                              c:/progra~2/gnutoo~1/92019-~1/bin/../lib/gcc/arm-none-eabi/9.2.1/../../../../arm-none-eabi/lib/thumb/v7e-m/nofp\libstdc++.a(eh_terminate.o) (__gnu_cxx::__verbose_terminate_handler())
c:/progra~2/gnutoo~1/92019-~1/bin/../lib/gcc/arm-none-eabi/9.2.1/../../../../arm-none-eabi/lib/thumb/v7e-m/nofp\libstdc++.a(functexcept.o)
                              CMakeFiles/FOC_SMC_BLDC.elf.dir/Ctrl/Motor/FOCMotor.cpp.obj (std::__throw_logic_error(char const*))
[...]
Memory Configuration

Name             Origin             Length             Attributes
RAM              0x20000000         0x00020000         xrw
CCMRAM           0x10000000         0x00010000         xrw
FLASH            0x08000000         0x00100000         xr
*default*        0x00000000         0xffffffff

Linker script and memory map

LOAD c:/progra~2/gnutoo~1/92019-~1/bin/../lib/gcc/arm-none-eabi/9.2.1/thumb/v7e-m/nofp/crti.o
LOAD c:/progra~2/gnutoo~1/92019-~1/bin/../lib/gcc/arm-none-eabi/9.2.1/thumb/v7e-m/nofp/crtbegin.o
LOAD c:/progra~2/gnutoo~1/92019-~1/bin/../lib/gcc/arm-none-eabi/9.2.1/../../../../arm-none-eabi/lib/thumb/v7e-m/nofp/crt0.o
LOAD CMakeFiles/FOC_SMC_BLDC.elf.dir/Core/Src/adc.c.obj
LOAD CMakeFiles/FOC_SMC_BLDC.elf.dir/Core/Src/can.c.obj
LOAD CMakeFiles/FOC_SMC_BLDC.elf.dir/Core/Src/dma.c.obj
LOAD CMakeFiles/FOC_SMC_BLDC.elf.dir/Core/Src/gpio.c.obj
LOAD CMakeFiles/FOC_SMC_BLDC.elf.dir/Core/Src/main.c.obj
LOAD CMakeFiles/FOC_SMC_BLDC.elf.dir/Core/Src/spi.c.obj
LOAD CMakeFiles/FOC_SMC_BLDC.elf.dir/Core/Src/stm32f4xx_hal_msp.c.obj
LOAD CMakeFiles/FOC_SMC_BLDC.elf.dir/Core/Src/stm32f4xx_it.c.obj
LOAD CMakeFiles/FOC_SMC_BLDC.elf.dir/Core/Src/syscalls.c.obj
LOAD CMakeFiles/FOC_SMC_BLDC.elf.dir/Core/Src/system_stm32f4xx.c.obj
LOAD CMakeFiles/FOC_SMC_BLDC.elf.dir/Core/Src/tim.c.obj
LOAD CMakeFiles/FOC_SMC_BLDC.elf.dir/Core/Src/usart.c.obj
LOAD CMakeFiles/FOC_SMC_BLDC.elf.dir/Ctrl/BLDCMotor.cpp.obj
LOAD CMakeFiles/FOC_SMC_BLDC.elf.dir/Ctrl/Motor/FOCMotor.cpp.obj
LOAD CMakeFiles/FOC_SMC_BLDC.elf.dir/Ctrl/Sensor/CurrentSense/CurrentSense.cpp.obj
LOAD CMakeFiles/FOC_SMC_BLDC.elf.dir/Ctrl/Sensor/CurrentSense/Instance/InlineCurrentSense.cpp.obj
LOAD CMakeFiles/FOC_SMC_BLDC.elf.dir/Ctrl/Sensor/CurrentSense/Sensor.cpp.obj
LOAD CMakeFiles/FOC_SMC_BLDC.elf.dir/Ctrl/Sensor/Encoder/Instances/encoder_as5047.cpp.obj
LOAD CMakeFiles/FOC_SMC_BLDC.elf.dir/Ctrl/Sensor/Encoder/encoder_base.cpp.obj
LOAD CMakeFiles/FOC_SMC_BLDC.elf.dir/Ctrl/Signal/button_base.cpp.obj
LOAD CMakeFiles/FOC_SMC_BLDC.elf.dir/Ctrl/Signal/io_signal_base.cpp.obj
LOAD CMakeFiles/FOC_SMC_BLDC.elf.dir/Ctrl/Utils/foc_utils.cpp.obj
LOAD CMakeFiles/FOC_SMC_BLDC.elf.dir/Ctrl/Utils/lowpass_filter.cpp.obj
LOAD CMakeFiles/FOC_SMC_BLDC.elf.dir/Ctrl/Utils/pid.cpp.obj
LOAD CMakeFiles/FOC_SMC_BLDC.elf.dir/Drivers/STM32F4xx_HAL_Driver/Src/stm32f4xx_hal.c.obj
LOAD CMakeFiles/FOC_SMC_BLDC.elf.dir/Drivers/STM32F4xx_HAL_Driver/Src/stm32f4xx_hal_adc.c.obj
LOAD CMakeFiles/FOC_SMC_BLDC.elf.dir/Drivers/STM32F4xx_HAL_Driver/Src/stm32f4xx_hal_adc_ex.c.obj
LOAD CMakeFiles/FOC_SMC_BLDC.elf.dir/Drivers/STM32F4xx_HAL_Driver/Src/stm32f4xx_hal_can.c.obj
LOAD CMakeFiles/FOC_SMC_BLDC.elf.dir/Drivers/STM32F4xx_HAL_Driver/Src/stm32f4xx_hal_cortex.c.obj
LOAD CMakeFiles/FOC_SMC_BLDC.elf.dir/Drivers/STM32F4xx_HAL_Driver/Src/stm32f4xx_hal_dma.c.obj
LOAD CMakeFiles/FOC_SMC_BLDC.elf.dir/Drivers/STM32F4xx_HAL_Driver/Src/stm32f4xx_hal_dma_ex.c.obj
LOAD CMakeFiles/FOC_SMC_BLDC.elf.dir/Drivers/STM32F4xx_HAL_Driver/Src/stm32f4xx_hal_exti.c.obj
LOAD CMakeFiles/FOC_SMC_BLDC.elf.dir/Drivers/STM32F4xx_HAL_Driver/Src/stm32f4xx_hal_flash.c.obj
LOAD CMakeFiles/FOC_SMC_BLDC.elf.dir/Drivers/STM32F4xx_HAL_Driver/Src/stm32f4xx_hal_flash_ex.c.obj
LOAD CMakeFiles/FOC_SMC_BLDC.elf.dir/Drivers/STM32F4xx_HAL_Driver/Src/stm32f4xx_hal_flash_ramfunc.c.obj
LOAD CMakeFiles/FOC_SMC_BLDC.elf.dir/Drivers/STM32F4xx_HAL_Driver/Src/stm32f4xx_hal_gpio.c.obj
LOAD CMakeFiles/FOC_SMC_BLDC.elf.dir/Drivers/STM32F4xx_HAL_Driver/Src/stm32f4xx_hal_pwr.c.obj
LOAD CMakeFiles/FOC_SMC_BLDC.elf.dir/Drivers/STM32F4xx_HAL_Driver/Src/stm32f4xx_hal_pwr_ex.c.obj
LOAD CMakeFiles/FOC_SMC_BLDC.elf.dir/Drivers/STM32F4xx_HAL_Driver/Src/stm32f4xx_hal_rcc.c.obj
LOAD CMakeFiles/FOC_SMC_BLDC.elf.dir/Drivers/STM32F4xx_HAL_Driver/Src/stm32f4xx_hal_rcc_ex.c.obj
LOAD CMakeFiles/FOC_SMC_BLDC.elf.dir/Drivers/STM32F4xx_HAL_Driver/Src/stm32f4xx_hal_spi.c.obj
LOAD CMakeFiles/FOC_SMC_BLDC.elf.dir/Drivers/STM32F4xx_HAL_Driver/Src/stm32f4xx_hal_tim.c.obj
LOAD CMakeFiles/FOC_SMC_BLDC.elf.dir/Drivers/STM32F4xx_HAL_Driver/Src/stm32f4xx_hal_tim_ex.c.obj
LOAD CMakeFiles/FOC_SMC_BLDC.elf.dir/Drivers/STM32F4xx_HAL_Driver/Src/stm32f4xx_hal_uart.c.obj
LOAD CMakeFiles/FOC_SMC_BLDC.elf.dir/Drivers/STM32F4xx_HAL_Driver/Src/stm32f4xx_ll_adc.c.obj
LOAD CMakeFiles/FOC_SMC_BLDC.elf.dir/Hardware/i2c_software.c.obj
LOAD CMakeFiles/FOC_SMC_BLDC.elf.dir/Hardware/spi3.c.obj
LOAD CMakeFiles/FOC_SMC_BLDC.elf.dir/Platform/Print/print_base.cpp.obj
LOAD CMakeFiles/FOC_SMC_BLDC.elf.dir/Platform/Sensor/Encoder/encoder_as5047_stm32.cpp.obj
LOAD CMakeFiles/FOC_SMC_BLDC.elf.dir/Platform/Signal/button_stm32.cpp.obj
LOAD CMakeFiles/FOC_SMC_BLDC.elf.dir/Platform/Utils/Memory/emulated_eeprom.cpp.obj
LOAD CMakeFiles/FOC_SMC_BLDC.elf.dir/Platform/Utils/retarget.c.obj
LOAD CMakeFiles/FOC_SMC_BLDC.elf.dir/Platform/Utils/st_hardware.c.obj
LOAD CMakeFiles/FOC_SMC_BLDC.elf.dir/Platform/Utils/time_utils.cpp.obj
LOAD CMakeFiles/FOC_SMC_BLDC.elf.dir/UserApp/main.cpp.obj
LOAD CMakeFiles/FOC_SMC_BLDC.elf.dir/UserApp/protocols/interface_can.cpp.obj
LOAD CMakeFiles/FOC_SMC_BLDC.elf.dir/UserApp/protocols/interface_uart.cpp.obj
LOAD CMakeFiles/FOC_SMC_BLDC.elf.dir/startup/startup_stm32f405xx.s.obj
LOAD c:/progra~2/gnutoo~1/92019-~1/bin/../lib/gcc/arm-none-eabi/9.2.1/../../../../arm-none-eabi/lib/thumb/v7e-m/nofp\libstdc++.a
LOAD c:/progra~2/gnutoo~1/92019-~1/bin/../lib/gcc/arm-none-eabi/9.2.1/../../../../arm-none-eabi/lib/thumb/v7e-m/nofp\libm.a
START GROUP
LOAD c:/progra~2/gnutoo~1/92019-~1/bin/../lib/gcc/arm-none-eabi/9.2.1/thumb/v7e-m/nofp\libgcc.a
LOAD c:/progra~2/gnutoo~1/92019-~1/bin/../lib/gcc/arm-none-eabi/9.2.1/../../../../arm-none-eabi/lib/thumb/v7e-m/nofp\libc.a
END GROUP
LOAD c:/progra~2/gnutoo~1/92019-~1/bin/../lib/gcc/arm-none-eabi/9.2.1/thumb/v7e-m/nofp/crtend.o
LOAD c:/progra~2/gnutoo~1/92019-~1/bin/../lib/gcc/arm-none-eabi/9.2.1/thumb/v7e-m/nofp/crtn.o
                0x20020000                _estack = 0x20020000
                0x00000200                _Min_Heap_Size = 0x200
                0x00000400                _Min_Stack_Size = 0x400

.isr_vector     0x08000000      0x188
                0x08000000                . = ALIGN (0x4)
 *(.isr_vector)
 .isr_vector    0x08000000      0x188 CMakeFiles/FOC_SMC_BLDC.elf.dir/startup/startup_stm32f405xx.s.obj
                0x08000000                g_pfnVectors
                0x08000188                . = ALIGN (0x4)

.text           0x080001c0    0x15570
                0x080001c0                . = ALIGN (0x4)
 *(.text)
 .text          0x080001c0       0x40 c:/progra~2/gnutoo~1/92019-~1/bin/../lib/gcc/arm-none-eabi/9.2.1/thumb/v7e-m/nofp/crtbegin.o
 .text          0x08000200     0x6d2c c:/progra~2/gnutoo~1/92019-~1/bin/../lib/gcc/arm-none-eabi/9.2.1/../../../../arm-none-eabi/lib/thumb/v7e-m/nofp\libstdc++.a(cp-demangle.o)
                0x08006e44                __cxa_demangle
                0x08006f08                __gcclibcxx_demangle_callback
 .text          0x08006f2c      0x378 c:/progra~2/gnutoo~1/92019-~1/bin/../lib/gcc/arm-none-eabi/9.2.1/thumb/v7e-m/nofp\libgcc.a(_arm_addsubdf3.o)
                0x08006f2c                __aeabi_drsub
                0x08006f34                __aeabi_dsub
                0x08006f34                __subdf3
                0x08006f38                __aeabi_dadd
                0x08006f38                __adddf3
                0x080071b0                __floatunsidf
                0x080071b0                __aeabi_ui2d
                0x080071d0                __floatsidf
                0x080071d0                __aeabi_i2d
                0x080071f4                __aeabi_f2d
                0x080071f4                __extendsfdf2
                0x08007238                __floatundidf
                0x08007238                __aeabi_ul2d
                0x08007248                __floatdidf
                0x08007248                __aeabi_l2d
 .text          0x080072a4      0x424 c:/progra~2/gnutoo~1/92019-~1/bin/../lib/gcc/arm-none-eabi/9.2.1/thumb/v7e-m/nofp\libgcc.a(_arm_muldivdf3.o)
                0x080072a4                __aeabi_dmul
                0x080072a4                __muldf3
                0x080074f8                __divdf3
                0x080074f8                __aeabi_ddiv
 .text          0x080076c8      0x110 c:/progra~2/gnutoo~1/92019-~1/bin/../lib/gcc/arm-none-eabi/9.2.1/thumb/v7e-m/nofp\libgcc.a(_arm_cmpdf2.o)
                0x080076c8                __gtdf2
                0x080076c8                __gedf2
                0x080076d0                __ltdf2
                0x080076d0                __ledf2
                0x080076d8                __nedf2
                0x080076d8                __eqdf2
                0x080076d8                __cmpdf2
                0x08007754                __aeabi_cdrcmple
                0x08007764                __aeabi_cdcmpeq
                0x08007764                __aeabi_cdcmple
                0x08007774                __aeabi_dcmpeq
                0x08007788                __aeabi_dcmplt
                0x0800779c                __aeabi_dcmple
                0x080077b0                __aeabi_dcmpge
                0x080077c4                __aeabi_dcmpgt
 .text          0x080077d8       0x2c c:/progra~2/gnutoo~1/92019-~1/bin/../lib/gcc/arm-none-eabi/9.2.1/thumb/v7e-m/nofp\libgcc.a(_arm_unorddf2.o)
                0x080077d8                __unorddf2
                0x080077d8                __aeabi_dcmpun
 .text          0x08007804      0x21c c:/progra~2/gnutoo~1/92019-~1/bin/../lib/gcc/arm-none-eabi/9.2.1/thumb/v7e-m/nofp\libgcc.a(_arm_addsubsf3.o)
                0x08007804                __aeabi_frsub
                0x0800780c                __subsf3
                0x0800780c                __aeabi_fsub
                0x08007810                __aeabi_fadd
                0x08007810                __addsf3
                0x08007970                __aeabi_ui2f
                0x08007970                __floatunsisf
                0x08007978                __aeabi_i2f
                0x08007978                __floatsisf
                0x08007994                __aeabi_ul2f
                0x08007994                __floatundisf
                0x080079a4                __aeabi_l2f
                0x080079a4                __floatdisf
 .text          0x08007a20      0x2a0 c:/progra~2/gnutoo~1/92019-~1/bin/../lib/gcc/arm-none-eabi/9.2.1/thumb/v7e-m/nofp\libgcc.a(_arm_muldivsf3.o)
                0x08007a20                __mulsf3
                0x08007a20                __aeabi_fmul
                0x08007b88                __aeabi_fdiv
                0x08007b88                __divsf3
 .text          0x08007cc0       0xec c:/progra~2/gnutoo~1/92019-~1/bin/../lib/gcc/arm-none-eabi/9.2.1/thumb/v7e-m/nofp\libgcc.a(_arm_cmpsf2.o)
                0x08007cc0                __gesf2
                0x08007cc0                __gtsf2
                0x08007cc8                __lesf2
                0x08007cc8                __ltsf2
                0x08007cd0                __nesf2
                0x08007cd0                __eqsf2
                0x08007cd0                __cmpsf2
                0x08007d30                __aeabi_cfrcmple
                0x08007d38                __aeabi_cfcmpeq
                0x08007d38                __aeabi_cfcmple
                0x08007d48                __aeabi_fcmpeq
                0x08007d5c                __aeabi_fcmplt
                0x08007d70                __aeabi_fcmple
                0x08007d84                __aeabi_fcmpge
                0x08007d98                __aeabi_fcmpgt
 .text          0x08007dac       0x30 c:/progra~2/gnutoo~1/92019-~1/bin/../lib/gcc/arm-none-eabi/9.2.1/thumb/v7e-m/nofp\libgcc.a(_aeabi_uldivmod.o)
                0x08007dac                __aeabi_uldivmod
 .text          0x08007ddc      0x2c0 c:/progra~2/gnutoo~1/92019-~1/bin/../lib/gcc/arm-none-eabi/9.2.1/thumb/v7e-m/nofp\libgcc.a(_udivmoddi4.o)
                0x08007ddc                __udivmoddi4
 .text          0x0800809c      0x9b8 c:/progra~2/gnutoo~1/92019-~1/bin/../lib/gcc/arm-none-eabi/9.2.1/thumb/v7e-m/nofp\libgcc.a(unwind-arm.o)
                0x08008344                _Unwind_GetCFA
                0x08008348                __gnu_Unwind_RaiseException
                0x080083a8                __gnu_Unwind_ForcedUnwind
                0x080083bc                __gnu_Unwind_Resume
                0x08008400                __gnu_Unwind_Resume_or_Rethrow
                0x08008410                _Unwind_Complete
                0x08008414                _Unwind_DeleteException
                0x08008420                _Unwind_VRS_Get
                0x08008468                _Unwind_VRS_Set
                0x080084b0                __gnu_Unwind_Backtrace
                0x080087d0                __aeabi_unwind_cpp_pr0
                0x080087d4                __aeabi_unwind_cpp_pr1
                0x080087d8                __aeabi_unwind_cpp_pr2
                0x080087dc                _Unwind_VRS_Pop
 .text          0x08008a54      0x1ac c:/progra~2/gnutoo~1/92019-~1/bin/../lib/gcc/arm-none-eabi/9.2.1/thumb/v7e-m/nofp\libgcc.a(libunwind.o)
                0x08008a54                __restore_core_regs
                0x08008a54                restore_core_regs
                0x08008a6c                __gnu_Unwind_Restore_VFP
                0x08008a74                __gnu_Unwind_Save_VFP
                0x08008a7c                __gnu_Unwind_Restore_VFP_D
                0x08008a84                __gnu_Unwind_Save_VFP_D
                0x08008a8c                __gnu_Unwind_Restore_VFP_D_16_to_31
                0x08008a94                __gnu_Unwind_Save_VFP_D_16_to_31
                0x08008a9c                __gnu_Unwind_Restore_WMMXD
                0x08008ae0                __gnu_Unwind_Save_WMMXD
                0x08008b24                __gnu_Unwind_Restore_WMMXC
                0x08008b38                __gnu_Unwind_Save_WMMXC
                0x08008b4c                ___Unwind_RaiseException
                0x08008b4c                _Unwind_RaiseException
                0x08008b70                _Unwind_Resume
                0x08008b70                ___Unwind_Resume
                0x08008b94                _Unwind_Resume_or_Rethrow
                0x08008b94                ___Unwind_Resume_or_Rethrow
                0x08008bb8                _Unwind_ForcedUnwind
                0x08008bb8                ___Unwind_ForcedUnwind
                0x08008bdc                ___Unwind_Backtrace
                0x08008bdc                _Unwind_Backtrace
 .text          0x08008c00      0x340 c:/progra~2/gnutoo~1/92019-~1/bin/../lib/gcc/arm-none-eabi/9.2.1/thumb/v7e-m/nofp\libgcc.a(pr-support.o)
                0x08008c58                __gnu_unwind_execute
                0x08008ef4                __gnu_unwind_frame
                0x08008f20                _Unwind_GetRegionStart
                0x08008f2c                _Unwind_GetLanguageSpecificData
 .text          0x08008f40        0x4 c:/progra~2/gnutoo~1/92019-~1/bin/../lib/gcc/arm-none-eabi/9.2.1/thumb/v7e-m/nofp\libgcc.a(_dvmd_tls.o)
                0x08008f40                __aeabi_idiv0
                0x08008f40                __aeabi_ldiv0
 *fill*         0x08008f44        0xc 
 .text          0x08008f50       0xa0 c:/progra~2/gnutoo~1/92019-~1/bin/../lib/gcc/arm-none-eabi/9.2.1/../../../../arm-none-eabi/lib/thumb/v7e-m/nofp\libc.a(lib_a-memchr.o)
                0x08008f50                memchr
 .text          0x08008ff0      0x134 c:/progra~2/gnutoo~1/92019-~1/bin/../lib/gcc/arm-none-eabi/9.2.1/../../../../arm-none-eabi/lib/thumb/v7e-m/nofp\libc.a(lib_a-memcpy.o)
                0x08008ff0                memcpy
 *fill*         0x08009124       0x1c 
 .text          0x08009140      0x2dc c:/progra~2/gnutoo~1/92019-~1/bin/../lib/gcc/arm-none-eabi/9.2.1/../../../../arm-none-eabi/lib/thumb/v7e-m/nofp\libc.a(lib_a-strcmp.o)
                0x08009148                strcmp
 *fill*         0x0800941c       0x24 
 .text          0x08009440       0xdc c:/progra~2/gnutoo~1/92019-~1/bin/../lib/gcc/arm-none-eabi/9.2.1/../../../../arm-none-eabi/lib/thumb/v7e-m/nofp\libc.a(lib_a-strlen.o)
                0x08009440                strlen
 .text          0x0800951c       0x50 c:/progra~2/gnutoo~1/92019-~1/bin/../lib/gcc/arm-none-eabi/9.2.1/thumb/v7e-m/nofp\libgcc.a(_arm_fixdfsi.o)
                0x0800951c                __aeabi_d2iz
                0x0800951c                __fixdfsi
 *(.text*)
 .text.MX_ADC1_Init
                0x0800956c       0x70 CMakeFiles/FOC_SMC_BLDC.elf.dir/Core/Src/adc.c.obj
                0x0800956c                MX_ADC1_Init
 .text.MX_ADC2_Init
                0x080095dc       0x74 CMakeFiles/FOC_SMC_BLDC.elf.dir/Core/Src/adc.c.obj
                0x080095dc                MX_ADC2_Init
 .text.MX_ADC3_Init
                0x08009650       0x74 CMakeFiles/FOC_SMC_BLDC.elf.dir/Core/Src/adc.c.obj
                0x08009650                MX_ADC3_Init
 .text.HAL_ADC_MspInit
                0x080096c4      0x19c CMakeFiles/FOC_SMC_BLDC.elf.dir/Core/Src/adc.c.obj
                0x080096c4                HAL_ADC_MspInit
 .text.MX_CAN1_Init
                0x08009860       0x38 CMakeFiles/FOC_SMC_BLDC.elf.dir/Core/Src/can.c.obj
                0x08009860                MX_CAN1_Init
 .text.HAL_CAN_MspInit
                0x08009898       0xa0 CMakeFiles/FOC_SMC_BLDC.elf.dir/Core/Src/can.c.obj
                0x08009898                HAL_CAN_MspInit
 .text.MX_DMA_Init
                0x08009938       0x68 CMakeFiles/FOC_SMC_BLDC.elf.dir/Core/Src/dma.c.obj
                0x08009938                MX_DMA_Init
 .text.MX_GPIO_Init
                0x080099a0      0x100 CMakeFiles/FOC_SMC_BLDC.elf.dir/Core/Src/gpio.c.obj
                0x080099a0                MX_GPIO_Init
 .text.Error_Handler
                0x08009aa0        0x4 CMakeFiles/FOC_SMC_BLDC.elf.dir/Core/Src/main.c.obj
                0x08009aa0                Error_Handler
 .text.SystemClock_Config
                0x08009aa4       0xac CMakeFiles/FOC_SMC_BLDC.elf.dir/Core/Src/main.c.obj
                0x08009aa4                SystemClock_Config
 .text.main     0x08009b50       0x40 CMakeFiles/FOC_SMC_BLDC.elf.dir/Core/Src/main.c.obj
                0x08009b50                main
 .text.MX_SPI3_Init
                0x08009b90       0x48 CMakeFiles/FOC_SMC_BLDC.elf.dir/Core/Src/spi.c.obj
                0x08009b90                MX_SPI3_Init
 .text.HAL_SPI_MspInit
                0x08009bd8       0x74 CMakeFiles/FOC_SMC_BLDC.elf.dir/Core/Src/spi.c.obj
                0x08009bd8                HAL_SPI_MspInit
 .text.HAL_MspInit
                0x08009c4c       0x38 CMakeFiles/FOC_SMC_BLDC.elf.dir/Core/Src/stm32f4xx_hal_msp.c.obj
                0x08009c4c                HAL_MspInit
 .text.NMI_Handler
                0x08009c84        0x2 CMakeFiles/FOC_SMC_BLDC.elf.dir/Core/Src/stm32f4xx_it.c.obj
                0x08009c84                NMI_Handler
 .text.HardFault_Handler
                0x08009c86        0x2 CMakeFiles/FOC_SMC_BLDC.elf.dir/Core/Src/stm32f4xx_it.c.obj
                0x08009c86                HardFault_Handler
 .text.MemManage_Handler
                0x08009c88        0x2 CMakeFiles/FOC_SMC_BLDC.elf.dir/Core/Src/stm32f4xx_it.c.obj
                0x08009c88                MemManage_Handler
 .text.BusFault_Handler
                0x08009c8a        0x2 CMakeFiles/FOC_SMC_BLDC.elf.dir/Core/Src/stm32f4xx_it.c.obj
                0x08009c8a                BusFault_Handler
 .text.UsageFault_Handler
                0x08009c8c        0x2 CMakeFiles/FOC_SMC_BLDC.elf.dir/Core/Src/stm32f4xx_it.c.obj
                0x08009c8c                UsageFault_Handler
 .text.SVC_Handler
                0x08009c8e        0x2 CMakeFiles/FOC_SMC_BLDC.elf.dir/Core/Src/stm32f4xx_it.c.obj
                0x08009c8e                SVC_Handler
 .text.DebugMon_Handler
                0x08009c90        0x2 CMakeFiles/FOC_SMC_BLDC.elf.dir/Core/Src/stm32f4xx_it.c.obj
                0x08009c90                DebugMon_Handler
 .text.PendSV_Handler
                0x08009c92        0x2 CMakeFiles/FOC_SMC_BLDC.elf.dir/Core/Src/stm32f4xx_it.c.obj
                0x08009c92                PendSV_Handler
 .text.SysTick_Handler
                0x08009c94        0x8 CMakeFiles/FOC_SMC_BLDC.elf.dir/Core/Src/stm32f4xx_it.c.obj
                0x08009c94                SysTick_Handler
 .text.DMA1_Stream5_IRQHandler
                0x08009c9c       0x10 CMakeFiles/FOC_SMC_BLDC.elf.dir/Core/Src/stm32f4xx_it.c.obj
                0x08009c9c                DMA1_Stream5_IRQHandler
 .text.DMA1_Stream6_IRQHandler
                0x08009cac       0x10 CMakeFiles/FOC_SMC_BLDC.elf.dir/Core/Src/stm32f4xx_it.c.obj
                0x08009cac                DMA1_Stream6_IRQHandler
 .text.ADC_IRQHandler
                0x08009cbc       0x80 CMakeFiles/FOC_SMC_BLDC.elf.dir/Core/Src/stm32f4xx_it.c.obj
                0x08009cbc                ADC_IRQHandler
 .text.EXTI9_5_IRQHandler
                0x08009d3c        0xc CMakeFiles/FOC_SMC_BLDC.elf.dir/Core/Src/stm32f4xx_it.c.obj
                0x08009d3c                EXTI9_5_IRQHandler
 .text.TIM1_TRG_COM_TIM11_IRQHandler
                0x08009d48       0x10 CMakeFiles/FOC_SMC_BLDC.elf.dir/Core/Src/stm32f4xx_it.c.obj
                0x08009d48                TIM1_TRG_COM_TIM11_IRQHandler
 .text.USART2_IRQHandler
                0x08009d58       0x10 CMakeFiles/FOC_SMC_BLDC.elf.dir/Core/Src/stm32f4xx_it.c.obj
                0x08009d58                USART2_IRQHandler
 .text.EXTI15_10_IRQHandler
                0x08009d68        0xc CMakeFiles/FOC_SMC_BLDC.elf.dir/Core/Src/stm32f4xx_it.c.obj
                0x08009d68                EXTI15_10_IRQHandler
 .text.DMA2_Stream0_IRQHandler
                0x08009d74       0x10 CMakeFiles/FOC_SMC_BLDC.elf.dir/Core/Src/stm32f4xx_it.c.obj
                0x08009d74                DMA2_Stream0_IRQHandler
 .text._getpid  0x08009d84        0x4 CMakeFiles/FOC_SMC_BLDC.elf.dir/Core/Src/syscalls.c.obj
                0x08009d84                _getpid
 .text._kill    0x08009d88       0x10 CMakeFiles/FOC_SMC_BLDC.elf.dir/Core/Src/syscalls.c.obj
                0x08009d88                _kill
 .text._exit    0x08009d98        0xc CMakeFiles/FOC_SMC_BLDC.elf.dir/Core/Src/syscalls.c.obj
                0x08009d98                _exit
 .text._sbrk    0x08009da4       0x3c CMakeFiles/FOC_SMC_BLDC.elf.dir/Core/Src/syscalls.c.obj
                0x08009da4                _sbrk
 .text.SystemInit
                0x08009de0        0x2 CMakeFiles/FOC_SMC_BLDC.elf.dir/Core/Src/system_stm32f4xx.c.obj
                0x08009de0                SystemInit
 *fill*         0x08009de2        0x2 
 .text.MX_TIM3_Init
                0x08009de4       0x6c CMakeFiles/FOC_SMC_BLDC.elf.dir/Core/Src/tim.c.obj
                0x08009de4                MX_TIM3_Init
 .text.MX_TIM4_Init
                0x08009e50       0x6c CMakeFiles/FOC_SMC_BLDC.elf.dir/Core/Src/tim.c.obj
                0x08009e50                MX_TIM4_Init
 .text.HAL_TIM_Base_MspInit
                0x08009ebc       0x68 CMakeFiles/FOC_SMC_BLDC.elf.dir/Core/Src/tim.c.obj
                0x08009ebc                HAL_TIM_Base_MspInit
 .text.HAL_TIM_Encoder_MspInit
                0x08009f24       0xbc CMakeFiles/FOC_SMC_BLDC.elf.dir/Core/Src/tim.c.obj
                0x08009f24                HAL_TIM_Encoder_MspInit
 .text.HAL_TIM_MspPostInit
                0x08009fe0       0xa0 CMakeFiles/FOC_SMC_BLDC.elf.dir/Core/Src/tim.c.obj
                0x08009fe0                HAL_TIM_MspPostInit
 .text.MX_TIM1_Init
                0x0800a080      0x11c CMakeFiles/FOC_SMC_BLDC.elf.dir/Core/Src/tim.c.obj
                0x0800a080                MX_TIM1_Init
 .text.MX_TIM8_Init
                0x0800a19c      0x114 CMakeFiles/FOC_SMC_BLDC.elf.dir/Core/Src/tim.c.obj
                0x0800a19c                MX_TIM8_Init
 .text.MX_USART2_UART_Init
                0x0800a2b0       0x34 CMakeFiles/FOC_SMC_BLDC.elf.dir/Core/Src/usart.c.obj
                0x0800a2b0                MX_USART2_UART_Init
 .text.HAL_UART_MspInit
                0x0800a2e4       0xfc CMakeFiles/FOC_SMC_BLDC.elf.dir/Core/Src/usart.c.obj
                0x0800a2e4                HAL_UART_MspInit
 .text.USART_IDLECallback
                0x0800a3e0       0x68 CMakeFiles/FOC_SMC_BLDC.elf.dir/Core/Src/usart.c.obj
                0x0800a3e0                USART_IDLECallback
 .text.HAL_UART_RxCpltCallback
                0x0800a448       0x34 CMakeFiles/FOC_SMC_BLDC.elf.dir/Core/Src/usart.c.obj
                0x0800a448                HAL_UART_RxCpltCallback
 .text._ZN17EncoderAS5047BaseC2Ev
                0x0800a47c       0x48 CMakeFiles/FOC_SMC_BLDC.elf.dir/Ctrl/Sensor/Encoder/Instances/encoder_as5047.cpp.obj
                0x0800a47c                EncoderAS5047Base::EncoderAS5047Base()
                0x0800a47c                EncoderAS5047Base::EncoderAS5047Base()
 .text._ZN17EncoderAS5047Base17SpiCalcEvenParityEt
                0x0800a4c4       0x24 CMakeFiles/FOC_SMC_BLDC.elf.dir/Ctrl/Sensor/Encoder/Instances/encoder_as5047.cpp.obj
                0x0800a4c4                EncoderAS5047Base::SpiCalcEvenParity(unsigned short)
 .text._ZN17EncoderAS5047Base10GetRawDataEv
                0x0800a4e8       0x9c CMakeFiles/FOC_SMC_BLDC.elf.dir/Ctrl/Sensor/Encoder/Instances/encoder_as5047.cpp.obj
                0x0800a4e8                EncoderAS5047Base::GetRawData()
 .text._ZN17EncoderAS5047Base14GetSensorAngleEv
                0x0800a584       0x28 CMakeFiles/FOC_SMC_BLDC.elf.dir/Ctrl/Sensor/Encoder/Instances/encoder_as5047.cpp.obj
                0x0800a584                EncoderAS5047Base::GetSensorAngle()
 .text._ZN11EncoderBase11getVelocityEv
                0x0800a5ac       0x7c CMakeFiles/FOC_SMC_BLDC.elf.dir/Ctrl/Sensor/Encoder/encoder_base.cpp.obj
                0x0800a5ac                EncoderBase::getVelocity()
 .text._ZN11EncoderBase18getMechanicalAngleEv
                0x0800a628        0x4 CMakeFiles/FOC_SMC_BLDC.elf.dir/Ctrl/Sensor/Encoder/encoder_base.cpp.obj
                0x0800a628                EncoderBase::getMechanicalAngle()
 .text._ZN11EncoderBase8GetAngleEv
                0x0800a62c       0x1c CMakeFiles/FOC_SMC_BLDC.elf.dir/Ctrl/Sensor/Encoder/encoder_base.cpp.obj
                0x0800a62c                EncoderBase::GetAngle()
 .text._ZN11EncoderBase16getFullRotationsEv
                0x0800a648        0x4 CMakeFiles/FOC_SMC_BLDC.elf.dir/Ctrl/Sensor/Encoder/encoder_base.cpp.obj
                0x0800a648                EncoderBase::getFullRotations()
 .text._ZN11EncoderBase11needsSearchEv
                0x0800a64c        0x4 CMakeFiles/FOC_SMC_BLDC.elf.dir/Ctrl/Sensor/Encoder/encoder_base.cpp.obj
                0x0800a64c                EncoderBase::needsSearch()
 .text._ZN11EncoderBase6updateEv
                0x0800a650       0x58 CMakeFiles/FOC_SMC_BLDC.elf.dir/Ctrl/Sensor/Encoder/encoder_base.cpp.obj
                0x0800a650                EncoderBase::update()
 .text._ZN11EncoderBase8InitVarsEv
                0x0800a6a8       0x4a CMakeFiles/FOC_SMC_BLDC.elf.dir/Ctrl/Sensor/Encoder/encoder_base.cpp.obj
                0x0800a6a8                EncoderBase::InitVars()
 *fill*         0x0800a6f2        0x2 
 .text.HAL_InitTick
                0x0800a6f4       0x4c CMakeFiles/FOC_SMC_BLDC.elf.dir/Drivers/STM32F4xx_HAL_Driver/Src/stm32f4xx_hal.c.obj
                0x0800a6f4                HAL_InitTick
 .text.HAL_Init
                0x0800a740       0x34 CMakeFiles/FOC_SMC_BLDC.elf.dir/Drivers/STM32F4xx_HAL_Driver/Src/stm32f4xx_hal.c.obj
                0x0800a740                HAL_Init
 .text.HAL_IncTick
                0x0800a774       0x18 CMakeFiles/FOC_SMC_BLDC.elf.dir/Drivers/STM32F4xx_HAL_Driver/Src/stm32f4xx_hal.c.obj
                0x0800a774                HAL_IncTick
 .text.HAL_GetTick
                0x0800a78c        0xc CMakeFiles/FOC_SMC_BLDC.elf.dir/Drivers/STM32F4xx_HAL_Driver/Src/stm32f4xx_hal.c.obj
                0x0800a78c                HAL_GetTick
 .text.ADC_Init
                0x0800a798      0x134 CMakeFiles/FOC_SMC_BLDC.elf.dir/Drivers/STM32F4xx_HAL_Driver/Src/stm32f4xx_hal_adc.c.obj
 .text.HAL_ADC_Init
                0x0800a8cc       0x56 CMakeFiles/FOC_SMC_BLDC.elf.dir/Drivers/STM32F4xx_HAL_Driver/Src/stm32f4xx_hal_adc.c.obj
                0x0800a8cc                HAL_ADC_Init
 .text.HAL_ADC_ConvCpltCallback
                0x0800a922        0x2 CMakeFiles/FOC_SMC_BLDC.elf.dir/Drivers/STM32F4xx_HAL_Driver/Src/stm32f4xx_hal_adc.c.obj
                0x0800a922                HAL_ADC_ConvCpltCallback
 .text.HAL_ADC_LevelOutOfWindowCallback
                0x0800a924        0x2 CMakeFiles/FOC_SMC_BLDC.elf.dir/Drivers/STM32F4xx_HAL_Driver/Src/stm32f4xx_hal_adc.c.obj
                0x0800a924                HAL_ADC_LevelOutOfWindowCallback
 .text.HAL_ADC_ErrorCallback
                0x0800a926        0x2 CMakeFiles/FOC_SMC_BLDC.elf.dir/Drivers/STM32F4xx_HAL_Driver/Src/stm32f4xx_hal_adc.c.obj
                0x0800a926                HAL_ADC_ErrorCallback
 .text.HAL_ADC_IRQHandler
                0x0800a928      0x14e CMakeFiles/FOC_SMC_BLDC.elf.dir/Drivers/STM32F4xx_HAL_Driver/Src/stm32f4xx_hal_adc.c.obj
                0x0800a928                HAL_ADC_IRQHandler
 *fill*         0x0800aa76        0x2 
 .text.HAL_ADC_ConfigChannel
                0x0800aa78      0x190 CMakeFiles/FOC_SMC_BLDC.elf.dir/Drivers/STM32F4xx_HAL_Driver/Src/stm32f4xx_hal_adc.c.obj
                0x0800aa78                HAL_ADC_ConfigChannel
 .text.HAL_CAN_Init
                0x0800ac08      0x14c CMakeFiles/FOC_SMC_BLDC.elf.dir/Drivers/STM32F4xx_HAL_Driver/Src/stm32f4xx_hal_can.c.obj
                0x0800ac08                HAL_CAN_Init
 .text.HAL_NVIC_SetPriorityGrouping
                0x0800ad54       0x24 CMakeFiles/FOC_SMC_BLDC.elf.dir/Drivers/STM32F4xx_HAL_Driver/Src/stm32f4xx_hal_cortex.c.obj
                0x0800ad54                HAL_NVIC_SetPriorityGrouping
 .text.HAL_NVIC_SetPriority
                0x0800ad78       0x68 CMakeFiles/FOC_SMC_BLDC.elf.dir/Drivers/STM32F4xx_HAL_Driver/Src/stm32f4xx_hal_cortex.c.obj
                0x0800ad78                HAL_NVIC_SetPriority
 .text.HAL_NVIC_EnableIRQ
                0x0800ade0       0x1c CMakeFiles/FOC_SMC_BLDC.elf.dir/Drivers/STM32F4xx_HAL_Driver/Src/stm32f4xx_hal_cortex.c.obj
                0x0800ade0                HAL_NVIC_EnableIRQ
 .text.HAL_SYSTICK_Config
                0x0800adfc       0x2c CMakeFiles/FOC_SMC_BLDC.elf.dir/Drivers/STM32F4xx_HAL_Driver/Src/stm32f4xx_hal_cortex.c.obj
                0x0800adfc                HAL_SYSTICK_Config
 .text.DMA_SetConfig
                0x0800ae28       0x2c CMakeFiles/FOC_SMC_BLDC.elf.dir/Drivers/STM32F4xx_HAL_Driver/Src/stm32f4xx_hal_dma.c.obj
 .text.DMA_CalcBaseAndBitshift
                0x0800ae54       0x40 CMakeFiles/FOC_SMC_BLDC.elf.dir/Drivers/STM32F4xx_HAL_Driver/Src/stm32f4xx_hal_dma.c.obj
 .text.DMA_CheckFifoParam
                0x0800ae94       0x8e CMakeFiles/FOC_SMC_BLDC.elf.dir/Drivers/STM32F4xx_HAL_Driver/Src/stm32f4xx_hal_dma.c.obj
 *fill*         0x0800af22        0x2 
 .text.HAL_DMA_Init
                0x0800af24       0xcc CMakeFiles/FOC_SMC_BLDC.elf.dir/Drivers/STM32F4xx_HAL_Driver/Src/stm32f4xx_hal_dma.c.obj
                0x0800af24                HAL_DMA_Init
 .text.HAL_DMA_Start_IT
                0x0800aff0       0x6a CMakeFiles/FOC_SMC_BLDC.elf.dir/Drivers/STM32F4xx_HAL_Driver/Src/stm32f4xx_hal_dma.c.obj
                0x0800aff0                HAL_DMA_Start_IT
 .text.HAL_DMA_Abort
                0x0800b05a       0x94 CMakeFiles/FOC_SMC_BLDC.elf.dir/Drivers/STM32F4xx_HAL_Driver/Src/stm32f4xx_hal_dma.c.obj
                0x0800b05a                HAL_DMA_Abort
 .text.HAL_DMA_Abort_IT
                0x0800b0ee       0x26 CMakeFiles/FOC_SMC_BLDC.elf.dir/Drivers/STM32F4xx_HAL_Driver/Src/stm32f4xx_hal_dma.c.obj
                0x0800b0ee                HAL_DMA_Abort_IT
 .text.HAL_DMA_IRQHandler
                0x0800b114      0x1dc CMakeFiles/FOC_SMC_BLDC.elf.dir/Drivers/STM32F4xx_HAL_Driver/Src/stm32f4xx_hal_dma.c.obj
                0x0800b114                HAL_DMA_IRQHandler
 .text.HAL_GPIO_Init
                0x0800b2f0      0x1d4 CMakeFiles/FOC_SMC_BLDC.elf.dir/Drivers/STM32F4xx_HAL_Driver/Src/stm32f4xx_hal_gpio.c.obj
                0x0800b2f0                HAL_GPIO_Init
 .text.HAL_GPIO_WritePin
                0x0800b4c4        0xc CMakeFiles/FOC_SMC_BLDC.elf.dir/Drivers/STM32F4xx_HAL_Driver/Src/stm32f4xx_hal_gpio.c.obj
                0x0800b4c4                HAL_GPIO_WritePin
 .text.HAL_GPIO_EXTI_Callback
                0x0800b4d0        0x2 CMakeFiles/FOC_SMC_BLDC.elf.dir/Drivers/STM32F4xx_HAL_Driver/Src/stm32f4xx_hal_gpio.c.obj
                0x0800b4d0                HAL_GPIO_EXTI_Callback
 *fill*         0x0800b4d2        0x2 
 .text.HAL_GPIO_EXTI_IRQHandler
                0x0800b4d4       0x1c CMakeFiles/FOC_SMC_BLDC.elf.dir/Drivers/STM32F4xx_HAL_Driver/Src/stm32f4xx_hal_gpio.c.obj
                0x0800b4d4                HAL_GPIO_EXTI_IRQHandler
 .text.HAL_RCC_OscConfig
                0x0800b4f0      0x3f8 CMakeFiles/FOC_SMC_BLDC.elf.dir/Drivers/STM32F4xx_HAL_Driver/Src/stm32f4xx_hal_rcc.c.obj
                0x0800b4f0                HAL_RCC_OscConfig
 .text.HAL_RCC_GetSysClockFreq
                0x0800b8e8       0xa0 CMakeFiles/FOC_SMC_BLDC.elf.dir/Drivers/STM32F4xx_HAL_Driver/Src/stm32f4xx_hal_rcc.c.obj
                0x0800b8e8                HAL_RCC_GetSysClockFreq
 .text.HAL_RCC_ClockConfig
                0x0800b988      0x160 CMakeFiles/FOC_SMC_BLDC.elf.dir/Drivers/STM32F4xx_HAL_Driver/Src/stm32f4xx_hal_rcc.c.obj
                0x0800b988                HAL_RCC_ClockConfig
 .text.HAL_RCC_GetHCLKFreq
                0x0800bae8        0xc CMakeFiles/FOC_SMC_BLDC.elf.dir/Drivers/STM32F4xx_HAL_Driver/Src/stm32f4xx_hal_rcc.c.obj
                0x0800bae8                HAL_RCC_GetHCLKFreq
 .text.HAL_RCC_GetPCLK1Freq
                0x0800baf4       0x20 CMakeFiles/FOC_SMC_BLDC.elf.dir/Drivers/STM32F4xx_HAL_Driver/Src/stm32f4xx_hal_rcc.c.obj
                0x0800baf4                HAL_RCC_GetPCLK1Freq
 .text.HAL_RCC_GetPCLK2Freq
                0x0800bb14       0x20 CMakeFiles/FOC_SMC_BLDC.elf.dir/Drivers/STM32F4xx_HAL_Driver/Src/stm32f4xx_hal_rcc.c.obj
                0x0800bb14                HAL_RCC_GetPCLK2Freq
 .text.SPI_WaitFlagStateUntilTimeout
                0x0800bb34       0xd0 CMakeFiles/FOC_SMC_BLDC.elf.dir/Drivers/STM32F4xx_HAL_Driver/Src/stm32f4xx_hal_spi.c.obj
 .text.SPI_EndRxTxTransaction
                0x0800bc04       0x68 CMakeFiles/FOC_SMC_BLDC.elf.dir/Drivers/STM32F4xx_HAL_Driver/Src/stm32f4xx_hal_spi.c.obj
 .text.HAL_SPI_Init
                0x0800bc6c       0xbe CMakeFiles/FOC_SMC_BLDC.elf.dir/Drivers/STM32F4xx_HAL_Driver/Src/stm32f4xx_hal_spi.c.obj
                0x0800bc6c                HAL_SPI_Init
 .text.HAL_SPI_TransmitReceive
                0x0800bd2a      0x238 CMakeFiles/FOC_SMC_BLDC.elf.dir/Drivers/STM32F4xx_HAL_Driver/Src/stm32f4xx_hal_spi.c.obj
                0x0800bd2a                HAL_SPI_TransmitReceive
 *fill*         0x0800bf62        0x2 
 .text.TIM_OC1_SetConfig
                0x0800bf64       0x68 CMakeFiles/FOC_SMC_BLDC.elf.dir/Drivers/STM32F4xx_HAL_Driver/Src/stm32f4xx_hal_tim.c.obj
 .text.TIM_OC3_SetConfig
                0x0800bfcc       0x70 CMakeFiles/FOC_SMC_BLDC.elf.dir/Drivers/STM32F4xx_HAL_Driver/Src/stm32f4xx_hal_tim.c.obj
 .text.TIM_OC4_SetConfig
                0x0800c03c       0x50 CMakeFiles/FOC_SMC_BLDC.elf.dir/Drivers/STM32F4xx_HAL_Driver/Src/stm32f4xx_hal_tim.c.obj
 .text.TIM_TI1_ConfigInputStage
                0x0800c08c       0x24 CMakeFiles/FOC_SMC_BLDC.elf.dir/Drivers/STM32F4xx_HAL_Driver/Src/stm32f4xx_hal_tim.c.obj
 .text.TIM_TI2_ConfigInputStage
                0x0800c0b0       0x26 CMakeFiles/FOC_SMC_BLDC.elf.dir/Drivers/STM32F4xx_HAL_Driver/Src/stm32f4xx_hal_tim.c.obj
 .text.TIM_ITRx_SetConfig
                0x0800c0d6       0x10 CMakeFiles/FOC_SMC_BLDC.elf.dir/Drivers/STM32F4xx_HAL_Driver/Src/stm32f4xx_hal_tim.c.obj
 .text.HAL_TIM_PWM_MspInit
                0x0800c0e6        0x2 CMakeFiles/FOC_SMC_BLDC.elf.dir/Drivers/STM32F4xx_HAL_Driver/Src/stm32f4xx_hal_tim.c.obj
                0x0800c0e6                HAL_TIM_PWM_MspInit
 .text.HAL_TIM_PeriodElapsedCallback
                0x0800c0e8        0x2 CMakeFiles/FOC_SMC_BLDC.elf.dir/Drivers/STM32F4xx_HAL_Driver/Src/stm32f4xx_hal_tim.c.obj
                0x0800c0e8                HAL_TIM_PeriodElapsedCallback
 .text.HAL_TIM_OC_DelayElapsedCallback
                0x0800c0ea        0x2 CMakeFiles/FOC_SMC_BLDC.elf.dir/Drivers/STM32F4xx_HAL_Driver/Src/stm32f4xx_hal_tim.c.obj
                0x0800c0ea                HAL_TIM_OC_DelayElapsedCallback
 .text.HAL_TIM_IC_CaptureCallback
                0x0800c0ec        0x2 CMakeFiles/FOC_SMC_BLDC.elf.dir/Drivers/STM32F4xx_HAL_Driver/Src/stm32f4xx_hal_tim.c.obj
                0x0800c0ec                HAL_TIM_IC_CaptureCallback
 .text.HAL_TIM_PWM_PulseFinishedCallback
                0x0800c0ee        0x2 CMakeFiles/FOC_SMC_BLDC.elf.dir/Drivers/STM32F4xx_HAL_Driver/Src/stm32f4xx_hal_tim.c.obj
                0x0800c0ee                HAL_TIM_PWM_PulseFinishedCallback
 .text.HAL_TIM_TriggerCallback
                0x0800c0f0        0x2 CMakeFiles/FOC_SMC_BLDC.elf.dir/Drivers/STM32F4xx_HAL_Driver/Src/stm32f4xx_hal_tim.c.obj
                0x0800c0f0                HAL_TIM_TriggerCallback
 .text.HAL_TIM_IRQHandler
                0x0800c0f2      0x17a CMakeFiles/FOC_SMC_BLDC.elf.dir/Drivers/STM32F4xx_HAL_Driver/Src/stm32f4xx_hal_tim.c.obj
                0x0800c0f2                HAL_TIM_IRQHandler
 .text.TIM_Base_SetConfig
                0x0800c26c       0xc8 CMakeFiles/FOC_SMC_BLDC.elf.dir/Drivers/STM32F4xx_HAL_Driver/Src/stm32f4xx_hal_tim.c.obj
                0x0800c26c                TIM_Base_SetConfig
 .text.HAL_TIM_Base_Init
                0x0800c334       0x58 CMakeFiles/FOC_SMC_BLDC.elf.dir/Drivers/STM32F4xx_HAL_Driver/Src/stm32f4xx_hal_tim.c.obj
                0x0800c334                HAL_TIM_Base_Init
 .text.HAL_TIM_PWM_Init
                0x0800c38c       0x58 CMakeFiles/FOC_SMC_BLDC.elf.dir/Drivers/STM32F4xx_HAL_Driver/Src/stm32f4xx_hal_tim.c.obj
                0x0800c38c                HAL_TIM_PWM_Init
 .text.HAL_TIM_Encoder_Init
                0x0800c3e4       0xb0 CMakeFiles/FOC_SMC_BLDC.elf.dir/Drivers/STM32F4xx_HAL_Driver/Src/stm32f4xx_hal_tim.c.obj
                0x0800c3e4                HAL_TIM_Encoder_Init
 .text.TIM_OC2_SetConfig
                0x0800c494       0x70 CMakeFiles/FOC_SMC_BLDC.elf.dir/Drivers/STM32F4xx_HAL_Driver/Src/stm32f4xx_hal_tim.c.obj
                0x0800c494                TIM_OC2_SetConfig
 .text.HAL_TIM_PWM_ConfigChannel
                0x0800c504       0xdc CMakeFiles/FOC_SMC_BLDC.elf.dir/Drivers/STM32F4xx_HAL_Driver/Src/stm32f4xx_hal_tim.c.obj
                0x0800c504                HAL_TIM_PWM_ConfigChannel
 .text.TIM_ETR_SetConfig
                0x0800c5e0       0x16 CMakeFiles/FOC_SMC_BLDC.elf.dir/Drivers/STM32F4xx_HAL_Driver/Src/stm32f4xx_hal_tim.c.obj
                0x0800c5e0                TIM_ETR_SetConfig
 .text.HAL_TIM_ConfigClockSource
                0x0800c5f6       0xfe CMakeFiles/FOC_SMC_BLDC.elf.dir/Drivers/STM32F4xx_HAL_Driver/Src/stm32f4xx_hal_tim.c.obj
                0x0800c5f6                HAL_TIM_ConfigClockSource
 .text.HAL_TIMEx_MasterConfigSynchronization
                0x0800c6f4       0x88 CMakeFiles/FOC_SMC_BLDC.elf.dir/Drivers/STM32F4xx_HAL_Driver/Src/stm32f4xx_hal_tim_ex.c.obj
                0x0800c6f4                HAL_TIMEx_MasterConfigSynchronization
 .text.HAL_TIMEx_ConfigBreakDeadTime
                0x0800c77c       0x52 CMakeFiles/FOC_SMC_BLDC.elf.dir/Drivers/STM32F4xx_HAL_Driver/Src/stm32f4xx_hal_tim_ex.c.obj
                0x0800c77c                HAL_TIMEx_ConfigBreakDeadTime
 .text.HAL_TIMEx_CommutCallback
                0x0800c7ce        0x2 CMakeFiles/FOC_SMC_BLDC.elf.dir/Drivers/STM32F4xx_HAL_Driver/Src/stm32f4xx_hal_tim_ex.c.obj
                0x0800c7ce                HAL_TIMEx_CommutCallback
 .text.HAL_TIMEx_BreakCallback
                0x0800c7d0        0x2 CMakeFiles/FOC_SMC_BLDC.elf.dir/Drivers/STM32F4xx_HAL_Driver/Src/stm32f4xx_hal_tim_ex.c.obj
                0x0800c7d0                HAL_TIMEx_BreakCallback
 .text.UART_EndTxTransfer
                0x0800c7d2       0x20 CMakeFiles/FOC_SMC_BLDC.elf.dir/Drivers/STM32F4xx_HAL_Driver/Src/stm32f4xx_hal_uart.c.obj
 .text.UART_EndRxTransfer
                0x0800c7f2       0x5c CMakeFiles/FOC_SMC_BLDC.elf.dir/Drivers/STM32F4xx_HAL_Driver/Src/stm32f4xx_hal_uart.c.obj
 .text.UART_Transmit_IT
                0x0800c84e       0x60 CMakeFiles/FOC_SMC_BLDC.elf.dir/Drivers/STM32F4xx_HAL_Driver/Src/stm32f4xx_hal_uart.c.obj
 *fill*         0x0800c8ae        0x2 
 .text.UART_SetConfig
                0x0800c8b0      0x11c CMakeFiles/FOC_SMC_BLDC.elf.dir/Drivers/STM32F4xx_HAL_Driver/Src/stm32f4xx_hal_uart.c.obj
 .text.UART_WaitOnFlagUntilTimeout
                0x0800c9cc       0x84 CMakeFiles/FOC_SMC_BLDC.elf.dir/Drivers/STM32F4xx_HAL_Driver/Src/stm32f4xx_hal_uart.c.obj
 .text.HAL_UART_Init
                0x0800ca50       0x5e CMakeFiles/FOC_SMC_BLDC.elf.dir/Drivers/STM32F4xx_HAL_Driver/Src/stm32f4xx_hal_uart.c.obj
                0x0800ca50                HAL_UART_Init
 .text.HAL_UART_Transmit
                0x0800caae       0xd8 CMakeFiles/FOC_SMC_BLDC.elf.dir/Drivers/STM32F4xx_HAL_Driver/Src/stm32f4xx_hal_uart.c.obj
                0x0800caae                HAL_UART_Transmit
 .text.HAL_UART_Receive
                0x0800cb86       0xe4 CMakeFiles/FOC_SMC_BLDC.elf.dir/Drivers/STM32F4xx_HAL_Driver/Src/stm32f4xx_hal_uart.c.obj
                0x0800cb86                HAL_UART_Receive
 *fill*         0x0800cc6a        0x2 
 .text.HAL_UART_Transmit_DMA
                0x0800cc6c       0x9c CMakeFiles/FOC_SMC_BLDC.elf.dir/Drivers/STM32F4xx_HAL_Driver/Src/stm32f4xx_hal_uart.c.obj
                0x0800cc6c                HAL_UART_Transmit_DMA
 .text.HAL_UART_DMAStop
                0x0800cd08       0x84 CMakeFiles/FOC_SMC_BLDC.elf.dir/Drivers/STM32F4xx_HAL_Driver/Src/stm32f4xx_hal_uart.c.obj
                0x0800cd08                HAL_UART_DMAStop
 .text.HAL_UART_TxCpltCallback
                0x0800cd8c        0x2 CMakeFiles/FOC_SMC_BLDC.elf.dir/Drivers/STM32F4xx_HAL_Driver/Src/stm32f4xx_hal_uart.c.obj
                0x0800cd8c                HAL_UART_TxCpltCallback
 .text.UART_DMATransmitCplt
                0x0800cd8e       0x4c CMakeFiles/FOC_SMC_BLDC.elf.dir/Drivers/STM32F4xx_HAL_Driver/Src/stm32f4xx_hal_uart.c.obj
 .text.UART_EndTransmit_IT
                0x0800cdda       0x1a CMakeFiles/FOC_SMC_BLDC.elf.dir/Drivers/STM32F4xx_HAL_Driver/Src/stm32f4xx_hal_uart.c.obj
 .text.HAL_UART_TxHalfCpltCallback
                0x0800cdf4        0x2 CMakeFiles/FOC_SMC_BLDC.elf.dir/Drivers/STM32F4xx_HAL_Driver/Src/stm32f4xx_hal_uart.c.obj
                0x0800cdf4                HAL_UART_TxHalfCpltCallback
 .text.UART_DMATxHalfCplt
                0x0800cdf6        0xa CMakeFiles/FOC_SMC_BLDC.elf.dir/Drivers/STM32F4xx_HAL_Driver/Src/stm32f4xx_hal_uart.c.obj
 .text.HAL_UART_RxHalfCpltCallback
                0x0800ce00        0x2 CMakeFiles/FOC_SMC_BLDC.elf.dir/Drivers/STM32F4xx_HAL_Driver/Src/stm32f4xx_hal_uart.c.obj
                0x0800ce00                HAL_UART_RxHalfCpltCallback
 .text.HAL_UART_ErrorCallback
                0x0800ce02        0x2 CMakeFiles/FOC_SMC_BLDC.elf.dir/Drivers/STM32F4xx_HAL_Driver/Src/stm32f4xx_hal_uart.c.obj
                0x0800ce02                HAL_UART_ErrorCallback
 .text.UART_DMAError
                0x0800ce04       0x58 CMakeFiles/FOC_SMC_BLDC.elf.dir/Drivers/STM32F4xx_HAL_Driver/Src/stm32f4xx_hal_uart.c.obj
 .text.UART_DMAAbortOnError
                0x0800ce5c       0x10 CMakeFiles/FOC_SMC_BLDC.elf.dir/Drivers/STM32F4xx_HAL_Driver/Src/stm32f4xx_hal_uart.c.obj
 .text.HAL_UARTEx_RxEventCallback
                0x0800ce6c        0x2 CMakeFiles/FOC_SMC_BLDC.elf.dir/Drivers/STM32F4xx_HAL_Driver/Src/stm32f4xx_hal_uart.c.obj
                0x0800ce6c                HAL_UARTEx_RxEventCallback
 .text.UART_Receive_IT
                0x0800ce6e       0xe2 CMakeFiles/FOC_SMC_BLDC.elf.dir/Drivers/STM32F4xx_HAL_Driver/Src/stm32f4xx_hal_uart.c.obj
 .text.HAL_UART_IRQHandler
                0x0800cf50      0x280 CMakeFiles/FOC_SMC_BLDC.elf.dir/Drivers/STM32F4xx_HAL_Driver/Src/stm32f4xx_hal_uart.c.obj
                0x0800cf50                HAL_UART_IRQHandler
 .text.UART_DMARxHalfCplt
                0x0800d1d0       0x1a CMakeFiles/FOC_SMC_BLDC.elf.dir/Drivers/STM32F4xx_HAL_Driver/Src/stm32f4xx_hal_uart.c.obj
 .text.UART_DMAReceiveCplt
                0x0800d1ea       0x96 CMakeFiles/FOC_SMC_BLDC.elf.dir/Drivers/STM32F4xx_HAL_Driver/Src/stm32f4xx_hal_uart.c.obj
 .text.UART_Start_Receive_DMA
                0x0800d280       0xa4 CMakeFiles/FOC_SMC_BLDC.elf.dir/Drivers/STM32F4xx_HAL_Driver/Src/stm32f4xx_hal_uart.c.obj
                0x0800d280                UART_Start_Receive_DMA
 .text.HAL_UART_Receive_DMA
                0x0800d324       0x38 CMakeFiles/FOC_SMC_BLDC.elf.dir/Drivers/STM32F4xx_HAL_Driver/Src/stm32f4xx_hal_uart.c.obj
                0x0800d324                HAL_UART_Receive_DMA
 .text._ZN13EncoderAS50477SpiInitEv
                0x0800d35c        0x8 CMakeFiles/FOC_SMC_BLDC.elf.dir/Platform/Sensor/Encoder/encoder_as5047_stm32.cpp.obj
                0x0800d35c                EncoderAS5047::SpiInit()
 .text._ZN13EncoderAS504724SpiTransmitAndRead16BitsEt
                0x0800d364       0x38 CMakeFiles/FOC_SMC_BLDC.elf.dir/Platform/Sensor/Encoder/encoder_as5047_stm32.cpp.obj
                0x0800d364                EncoderAS5047::SpiTransmitAndRead16Bits(unsigned short)
 .text._isatty  0x0800d39c       0x16 CMakeFiles/FOC_SMC_BLDC.elf.dir/Platform/Utils/retarget.c.obj
                0x0800d39c                _isatty
 *fill*         0x0800d3b2        0x2 
 .text._write   0x0800d3b4       0x24 CMakeFiles/FOC_SMC_BLDC.elf.dir/Platform/Utils/retarget.c.obj
                0x0800d3b4                _write
 .text._close   0x0800d3d8       0x18 CMakeFiles/FOC_SMC_BLDC.elf.dir/Platform/Utils/retarget.c.obj
                0x0800d3d8                _close
 .text._lseek   0x0800d3f0       0x10 CMakeFiles/FOC_SMC_BLDC.elf.dir/Platform/Utils/retarget.c.obj
                0x0800d3f0                _lseek
 .text._read    0x0800d400       0x30 CMakeFiles/FOC_SMC_BLDC.elf.dir/Platform/Utils/retarget.c.obj
                0x0800d400                _read
 .text._fstat   0x0800d430       0x1a CMakeFiles/FOC_SMC_BLDC.elf.dir/Platform/Utils/retarget.c.obj
                0x0800d430                _fstat
 *fill*         0x0800d44a        0x2 
 .text._Z6microsv
                0x0800d44c       0x88 CMakeFiles/FOC_SMC_BLDC.elf.dir/Platform/Utils/time_utils.cpp.obj
                0x0800d44c                micros()
 .text._Z5delaym
                0x0800d4d4       0x2c CMakeFiles/FOC_SMC_BLDC.elf.dir/Platform/Utils/time_utils.cpp.obj
                0x0800d4d4                delay(unsigned long)
 .text._Z17delayMicrosecondsm
                0x0800d500       0x24 CMakeFiles/FOC_SMC_BLDC.elf.dir/Platform/Utils/time_utils.cpp.obj
                0x0800d500                delayMicroseconds(unsigned long)
 .text._Z41__static_initialization_and_destruction_0ii
                0x0800d524       0x28 CMakeFiles/FOC_SMC_BLDC.elf.dir/UserApp/main.cpp.obj
 .text.Main     0x0800d54c        0x2 CMakeFiles/FOC_SMC_BLDC.elf.dir/UserApp/main.cpp.obj
                0x0800d54c                Main
 *fill*         0x0800d54e        0x2 
 .text.HAL_ADCEx_InjectedConvCpltCallback
                0x0800d550       0x28 CMakeFiles/FOC_SMC_BLDC.elf.dir/UserApp/main.cpp.obj
                0x0800d550                HAL_ADCEx_InjectedConvCpltCallback
 .text._GLOBAL__sub_I_encoder
                0x0800d578        0xe CMakeFiles/FOC_SMC_BLDC.elf.dir/UserApp/main.cpp.obj
 *fill*         0x0800d586        0x2 
 .text.Reset_Handler
                0x0800d588       0x50 CMakeFiles/FOC_SMC_BLDC.elf.dir/startup/startup_stm32f405xx.s.obj
                0x0800d588                Reset_Handler
 .text.Default_Handler
                0x0800d5d8        0x2 CMakeFiles/FOC_SMC_BLDC.elf.dir/startup/startup_stm32f405xx.s.obj
                0x0800d5d8                RTC_Alarm_IRQHandler
                0x0800d5d8                HASH_RNG_IRQHandler
                0x0800d5d8                EXTI2_IRQHandler
                0x0800d5d8                TIM8_CC_IRQHandler
                0x0800d5d8                TIM1_CC_IRQHandler
                0x0800d5d8                DMA2_Stream5_IRQHandler
                0x0800d5d8                PVD_IRQHandler
                0x0800d5d8                SDIO_IRQHandler
                0x0800d5d8                TAMP_STAMP_IRQHandler
                0x0800d5d8                CAN2_RX1_IRQHandler
                0x0800d5d8                EXTI3_IRQHandler
                0x0800d5d8                TIM8_TRG_COM_TIM14_IRQHandler
                0x0800d5d8                TIM1_UP_TIM10_IRQHandler
                0x0800d5d8                TIM8_UP_TIM13_IRQHandler
                0x0800d5d8                I2C3_ER_IRQHandler
                0x0800d5d8                EXTI0_IRQHandler
                0x0800d5d8                I2C2_EV_IRQHandler
                0x0800d5d8                DMA1_Stream2_IRQHandler
                0x0800d5d8                CAN1_RX0_IRQHandler
                0x0800d5d8                FPU_IRQHandler
                0x0800d5d8                OTG_HS_WKUP_IRQHandler
                0x0800d5d8                CAN2_SCE_IRQHandler
                0x0800d5d8                DMA2_Stream2_IRQHandler
                0x0800d5d8                SPI1_IRQHandler
                0x0800d5d8                TIM6_DAC_IRQHandler
                0x0800d5d8                TIM1_BRK_TIM9_IRQHandler
                0x0800d5d8                CAN2_RX0_IRQHandler
                0x0800d5d8                DMA2_Stream3_IRQHandler
                0x0800d5d8                USART6_IRQHandler
                0x0800d5d8                USART3_IRQHandler
                0x0800d5d8                CAN1_RX1_IRQHandler
                0x0800d5d8                UART5_IRQHandler
                0x0800d5d8                TIM4_IRQHandler
                0x0800d5d8                I2C1_EV_IRQHandler
                0x0800d5d8                DMA1_Stream1_IRQHandler
                0x0800d5d8                UART4_IRQHandler
                0x0800d5d8                TIM3_IRQHandler
                0x0800d5d8                RCC_IRQHandler
                0x0800d5d8                TIM8_BRK_TIM12_IRQHandler
                0x0800d5d8                Default_Handler
                0x0800d5d8                DMA1_Stream7_IRQHandler
                0x0800d5d8                TIM7_IRQHandler
                0x0800d5d8                CAN2_TX_IRQHandler
                0x0800d5d8                TIM5_IRQHandler
                0x0800d5d8                DMA2_Stream7_IRQHandler
                0x0800d5d8                I2C3_EV_IRQHandler
                0x0800d5d8                RTC_WKUP_IRQHandler
                0x0800d5d8                SPI2_IRQHandler
                0x0800d5d8                OTG_HS_EP1_IN_IRQHandler
                0x0800d5d8                DMA1_Stream0_IRQHandler
                0x0800d5d8                CAN1_TX_IRQHandler
                0x0800d5d8                EXTI4_IRQHandler
                0x0800d5d8                FSMC_IRQHandler
                0x0800d5d8                OTG_HS_EP1_OUT_IRQHandler
                0x0800d5d8                WWDG_IRQHandler
                0x0800d5d8                TIM2_IRQHandler
                0x0800d5d8                OTG_FS_WKUP_IRQHandler
                0x0800d5d8                OTG_HS_IRQHandler
                0x0800d5d8                EXTI1_IRQHandler
                0x0800d5d8                I2C2_ER_IRQHandler
                0x0800d5d8                DMA2_Stream1_IRQHandler
                0x0800d5d8                CAN1_SCE_IRQHandler
                0x0800d5d8                FLASH_IRQHandler
                0x0800d5d8                DMA2_Stream4_IRQHandler
                0x0800d5d8                USART1_IRQHandler
                0x0800d5d8                OTG_FS_IRQHandler
                0x0800d5d8                SPI3_IRQHandler
                0x0800d5d8                DMA1_Stream4_IRQHandler
                0x0800d5d8                I2C1_ER_IRQHandler
                0x0800d5d8                DMA2_Stream6_IRQHandler
                0x0800d5d8                DMA1_Stream3_IRQHandler
 *fill*         0x0800d5da        0x2 
 .text._ZNK10__cxxabiv117__class_type_info11__do_upcastEPKS0_PPv
                0x0800d5dc       0x38 c:/progra~2/gnutoo~1/92019-~1/bin/../lib/gcc/arm-none-eabi/9.2.1/../../../../arm-none-eabi/lib/thumb/v7e-m/nofp\libstdc++.a(class_type_info.o)
                0x0800d5dc                __cxxabiv1::__class_type_info::__do_upcast(__cxxabiv1::__class_type_info const*, void**) const
 .text._ZNK10__cxxabiv117__class_type_info20__do_find_public_srcEiPKvPKS0_S2_
                0x0800d614        0xc c:/progra~2/gnutoo~1/92019-~1/bin/../lib/gcc/arm-none-eabi/9.2.1/../../../../arm-none-eabi/lib/thumb/v7e-m/nofp\libstdc++.a(class_type_info.o)
                0x0800d614                __cxxabiv1::__class_type_info::__do_find_public_src(int, void const*, __cxxabiv1::__class_type_info const*, void const*) const
 .text._ZN10__cxxabiv117__class_type_infoD2Ev
                0x0800d620       0x14 c:/progra~2/gnutoo~1/92019-~1/bin/../lib/gcc/arm-none-eabi/9.2.1/../../../../arm-none-eabi/lib/thumb/v7e-m/nofp\libstdc++.a(class_type_info.o)
                0x0800d620                __cxxabiv1::__class_type_info::~__class_type_info()
                0x0800d620                __cxxabiv1::__class_type_info::~__class_type_info()
 .text._ZN10__cxxabiv117__class_type_infoD0Ev
                0x0800d634       0x1c c:/progra~2/gnutoo~1/92019-~1/bin/../lib/gcc/arm-none-eabi/9.2.1/../../../../arm-none-eabi/lib/thumb/v7e-m/nofp\libstdc++.a(class_type_info.o)
                0x0800d634                __cxxabiv1::__class_type_info::~__class_type_info()
 .text._ZNK10__cxxabiv117__class_type_info12__do_dyncastEiNS0_10__sub_kindEPKS0_PKvS3_S5_RNS0_16__dyncast_resultE
                0x0800d650       0x44 c:/progra~2/gnutoo~1/92019-~1/bin/../lib/gcc/arm-none-eabi/9.2.1/../../../../arm-none-eabi/lib/thumb/v7e-m/nofp\libstdc++.a(class_type_info.o)
                0x0800d650                __cxxabiv1::__class_type_info::__do_dyncast(int, __cxxabiv1::__class_type_info::__sub_kind, __cxxabiv1::__class_type_info const*, void const*, __cxxabiv1::__class_type_info const*, void const*, __cxxabiv1::__class_type_info::__dyncast_result&) const
 .text._ZNK10__cxxabiv117__class_type_info11__do_upcastEPKS0_PKvRNS0_15__upcast_resultE
                0x0800d694       0x1c c:/progra~2/gnutoo~1/92019-~1/bin/../lib/gcc/arm-none-eabi/9.2.1/../../../../arm-none-eabi/lib/thumb/v7e-m/nofp\libstdc++.a(class_type_info.o)
                0x0800d694                __cxxabiv1::__class_type_info::__do_upcast(__cxxabiv1::__class_type_info const*, void const*, __cxxabiv1::__class_type_info::__upcast_result&) const
 .text._ZNK10__cxxabiv117__class_type_info10__do_catchEPKSt9type_infoPPvj
                0x0800d6b0       0x2c c:/progra~2/gnutoo~1/92019-~1/bin/../lib/gcc/arm-none-eabi/9.2.1/../../../../arm-none-eabi/lib/thumb/v7e-m/nofp\libstdc++.a(class_type_info.o)
                0x0800d6b0                __cxxabiv1::__class_type_info::__do_catch(std::type_info const*, void**, unsigned int) const
 .text._ZdlPv   0x0800d6dc        0x4 c:/progra~2/gnutoo~1/92019-~1/bin/../lib/gcc/arm-none-eabi/9.2.1/../../../../arm-none-eabi/lib/thumb/v7e-m/nofp\libstdc++.a(del_op.o)
                0x0800d6dc                operator delete(void*)
 .text._ZdlPvj  0x0800d6e0        0x4 c:/progra~2/gnutoo~1/92019-~1/bin/../lib/gcc/arm-none-eabi/9.2.1/../../../../arm-none-eabi/lib/thumb/v7e-m/nofp\libstdc++.a(del_ops.o)
                0x0800d6e0                operator delete(void*, unsigned int)
 .text.__cxa_end_cleanup
                0x0800d6e4        0xc c:/progra~2/gnutoo~1/92019-~1/bin/../lib/gcc/arm-none-eabi/9.2.1/../../../../arm-none-eabi/lib/thumb/v7e-m/nofp\libstdc++.a(eh_arm.o)
                0x0800d6e4                __cxa_end_cleanup
 .text.__cxa_type_match
                0x0800d6f0       0xc0 c:/progra~2/gnutoo~1/92019-~1/bin/../lib/gcc/arm-none-eabi/9.2.1/../../../../arm-none-eabi/lib/thumb/v7e-m/nofp\libstdc++.a(eh_arm.o)
                0x0800d6f0                __cxa_type_match
 .text.__cxa_begin_cleanup
                0x0800d7b0       0x64 c:/progra~2/gnutoo~1/92019-~1/bin/../lib/gcc/arm-none-eabi/9.2.1/../../../../arm-none-eabi/lib/thumb/v7e-m/nofp\libstdc++.a(eh_arm.o)
                0x0800d7b0                __cxa_begin_cleanup
 .text.__gnu_end_cleanup
                0x0800d814       0x70 c:/progra~2/gnutoo~1/92019-~1/bin/../lib/gcc/arm-none-eabi/9.2.1/../../../../arm-none-eabi/lib/thumb/v7e-m/nofp\libstdc++.a(eh_arm.o)
                0x0800d814                __gnu_end_cleanup
 .text._ZNSt9exceptionD2Ev
                0x0800d884        0x4 c:/progra~2/gnutoo~1/92019-~1/bin/../lib/gcc/arm-none-eabi/9.2.1/../../../../arm-none-eabi/lib/thumb/v7e-m/nofp\libstdc++.a(eh_exception.o)
                0x0800d884                std::exception::~exception()
                0x0800d884                std::exception::~exception()
 .text._ZNSt13bad_exceptionD2Ev
                0x0800d888        0x4 c:/progra~2/gnutoo~1/92019-~1/bin/../lib/gcc/arm-none-eabi/9.2.1/../../../../arm-none-eabi/lib/thumb/v7e-m/nofp\libstdc++.a(eh_exception.o)
                0x0800d888                std::bad_exception::~bad_exception()
                0x0800d888                std::bad_exception::~bad_exception()
 .text._ZNKSt9exception4whatEv
                0x0800d88c        0x8 c:/progra~2/gnutoo~1/92019-~1/bin/../lib/gcc/arm-none-eabi/9.2.1/../../../../arm-none-eabi/lib/thumb/v7e-m/nofp\libstdc++.a(eh_exception.o)
                0x0800d88c                std::exception::what() const
                0x0800d88c                transaction clone for std::exception::what() const
 .text._ZNKSt13bad_exception4whatEv
                0x0800d894        0x8 c:/progra~2/gnutoo~1/92019-~1/bin/../lib/gcc/arm-none-eabi/9.2.1/../../../../arm-none-eabi/lib/thumb/v7e-m/nofp\libstdc++.a(eh_exception.o)
                0x0800d894                std::bad_exception::what() const
                0x0800d894                transaction clone for std::bad_exception::what() const
 .text._ZNSt13bad_exceptionD0Ev
                0x0800d89c       0x10 c:/progra~2/gnutoo~1/92019-~1/bin/../lib/gcc/arm-none-eabi/9.2.1/../../../../arm-none-eabi/lib/thumb/v7e-m/nofp\libstdc++.a(eh_exception.o)
                0x0800d89c                std::bad_exception::~bad_exception()
 .text.__cxa_get_globals_fast
                0x0800d8ac        0x8 c:/progra~2/gnutoo~1/92019-~1/bin/../lib/gcc/arm-none-eabi/9.2.1/../../../../arm-none-eabi/lib/thumb/v7e-m/nofp\libstdc++.a(eh_globals.o)
                0x0800d8ac                __cxa_get_globals_fast
 .text.__cxa_get_globals
                0x0800d8b4        0x8 c:/progra~2/gnutoo~1/92019-~1/bin/../lib/gcc/arm-none-eabi/9.2.1/../../../../arm-none-eabi/lib/thumb/v7e-m/nofp\libstdc++.a(eh_globals.o)
                0x0800d8b4                __cxa_get_globals
 .text._ZL28read_encoded_value_with_basehjPKhPj
                0x0800d8bc       0xc8 c:/progra~2/gnutoo~1/92019-~1/bin/../lib/gcc/arm-none-eabi/9.2.1/../../../../arm-none-eabi/lib/thumb/v7e-m/nofp\libstdc++.a(eh_personality.o)
 .text._ZL21base_of_encoded_valuehP15_Unwind_Context
                0x0800d984       0x48 c:/progra~2/gnutoo~1/92019-~1/bin/../lib/gcc/arm-none-eabi/9.2.1/../../../../arm-none-eabi/lib/thumb/v7e-m/nofp\libstdc++.a(eh_personality.o)
 .text._ZL17parse_lsda_headerP15_Unwind_ContextPKhP16lsda_header_info
                0x0800d9cc       0x94 c:/progra~2/gnutoo~1/92019-~1/bin/../lib/gcc/arm-none-eabi/9.2.1/../../../../arm-none-eabi/lib/thumb/v7e-m/nofp\libstdc++.a(eh_personality.o)
 .text.__gxx_personality_v0
                0x0800da60      0x4a0 c:/progra~2/gnutoo~1/92019-~1/bin/../lib/gcc/arm-none-eabi/9.2.1/../../../../arm-none-eabi/lib/thumb/v7e-m/nofp\libstdc++.a(eh_personality.o)
                0x0800da60                __gxx_personality_v0
 .text._ZN10__cxxabiv111__terminateEPFvvE
                0x0800df00       0x28 c:/progra~2/gnutoo~1/92019-~1/bin/../lib/gcc/arm-none-eabi/9.2.1/../../../../arm-none-eabi/lib/thumb/v7e-m/nofp\libstdc++.a(eh_terminate.o)
                0x0800df00                __cxxabiv1::__terminate(void (*)())
 .text._ZSt9terminatev
                0x0800df28       0x14 c:/progra~2/gnutoo~1/92019-~1/bin/../lib/gcc/arm-none-eabi/9.2.1/../../../../arm-none-eabi/lib/thumb/v7e-m/nofp\libstdc++.a(eh_terminate.o)
                0x0800df28                std::terminate()
 .text._ZN10__cxxabiv112__unexpectedEPFvvE
                0x0800df3c        0x8 c:/progra~2/gnutoo~1/92019-~1/bin/../lib/gcc/arm-none-eabi/9.2.1/../../../../arm-none-eabi/lib/thumb/v7e-m/nofp\libstdc++.a(eh_terminate.o)
                0x0800df3c                __cxxabiv1::__unexpected(void (*)())
 .text._ZSt10unexpectedv
                0x0800df44       0x14 c:/progra~2/gnutoo~1/92019-~1/bin/../lib/gcc/arm-none-eabi/9.2.1/../../../../arm-none-eabi/lib/thumb/v7e-m/nofp\libstdc++.a(eh_terminate.o)
                0x0800df44                std::unexpected()
 .text._ZSt13get_terminatev
                0x0800df58       0x10 c:/progra~2/gnutoo~1/92019-~1/bin/../lib/gcc/arm-none-eabi/9.2.1/../../../../arm-none-eabi/lib/thumb/v7e-m/nofp\libstdc++.a(eh_terminate.o)
                0x0800df58                std::get_terminate()
 .text._ZSt14get_unexpectedv
                0x0800df68       0x10 c:/progra~2/gnutoo~1/92019-~1/bin/../lib/gcc/arm-none-eabi/9.2.1/../../../../arm-none-eabi/lib/thumb/v7e-m/nofp\libstdc++.a(eh_terminate.o)
                0x0800df68                std::get_unexpected()
 .text.__cxa_guard_acquire
                0x0800df78       0x38 c:/progra~2/gnutoo~1/92019-~1/bin/../lib/gcc/arm-none-eabi/9.2.1/../../../../arm-none-eabi/lib/thumb/v7e-m/nofp\libstdc++.a(guard.o)
                0x0800df78                __cxa_guard_acquire
 .text.__cxa_guard_release
                0x0800dfb0        0x8 c:/progra~2/gnutoo~1/92019-~1/bin/../lib/gcc/arm-none-eabi/9.2.1/../../../../arm-none-eabi/lib/thumb/v7e-m/nofp\libstdc++.a(guard.o)
                0x0800dfb0                __cxa_guard_release
 .text._ZN9__gnu_cxx20recursive_init_errorD2Ev
                0x0800dfb8       0x14 c:/progra~2/gnutoo~1/92019-~1/bin/../lib/gcc/arm-none-eabi/9.2.1/../../../../arm-none-eabi/lib/thumb/v7e-m/nofp\libstdc++.a(guard_error.o)
                0x0800dfb8                __gnu_cxx::recursive_init_error::~recursive_init_error()
                0x0800dfb8                __gnu_cxx::recursive_init_error::~recursive_init_error()
 .text._ZN9__gnu_cxx20recursive_init_errorD0Ev
                0x0800dfcc       0x1c c:/progra~2/gnutoo~1/92019-~1/bin/../lib/gcc/arm-none-eabi/9.2.1/../../../../arm-none-eabi/lib/thumb/v7e-m/nofp\libstdc++.a(guard_error.o)
                0x0800dfcc                __gnu_cxx::recursive_init_error::~recursive_init_error()
 .text._ZN9__gnu_cxx20recursive_init_errorC2Ev
                0x0800dfe8        0xc c:/progra~2/gnutoo~1/92019-~1/bin/../lib/gcc/arm-none-eabi/9.2.1/../../../../arm-none-eabi/lib/thumb/v7e-m/nofp\libstdc++.a(guard_error.o)
                0x0800dfe8                __gnu_cxx::recursive_init_error::recursive_init_error()
                0x0800dfe8                __gnu_cxx::recursive_init_error::recursive_init_error()
 .text.__cxa_pure_virtual
                0x0800dff4       0x14 c:/progra~2/gnutoo~1/92019-~1/bin/../lib/gcc/arm-none-eabi/9.2.1/../../../../arm-none-eabi/lib/thumb/v7e-m/nofp\libstdc++.a(pure.o)
                0x0800dff4                __cxa_pure_virtual
 .text._ZN10__cxxabiv120__si_class_type_infoD2Ev
                0x0800e008       0x14 c:/progra~2/gnutoo~1/92019-~1/bin/../lib/gcc/arm-none-eabi/9.2.1/../../../../arm-none-eabi/lib/thumb/v7e-m/nofp\libstdc++.a(si_class_type_info.o)
                0x0800e008                __cxxabiv1::__si_class_type_info::~__si_class_type_info()
                0x0800e008                __cxxabiv1::__si_class_type_info::~__si_class_type_info()
 .text._ZN10__cxxabiv120__si_class_type_infoD0Ev
                0x0800e01c       0x1c c:/progra~2/gnutoo~1/92019-~1/bin/../lib/gcc/arm-none-eabi/9.2.1/../../../../arm-none-eabi/lib/thumb/v7e-m/nofp\libstdc++.a(si_class_type_info.o)
                0x0800e01c                __cxxabiv1::__si_class_type_info::~__si_class_type_info()
 .text._ZNK10__cxxabiv120__si_class_type_info20__do_find_public_srcEiPKvPKNS_17__class_type_infoES2_
                0x0800e038       0x3c c:/progra~2/gnutoo~1/92019-~1/bin/../lib/gcc/arm-none-eabi/9.2.1/../../../../arm-none-eabi/lib/thumb/v7e-m/nofp\libstdc++.a(si_class_type_info.o)
                0x0800e038                __cxxabiv1::__si_class_type_info::__do_find_public_src(int, void const*, __cxxabiv1::__class_type_info const*, void const*) const
 .text._ZNK10__cxxabiv120__si_class_type_info12__do_dyncastEiNS_17__class_type_info10__sub_kindEPKS1_PKvS4_S6_RNS1_16__dyncast_resultE
                0x0800e074       0x84 c:/progra~2/gnutoo~1/92019-~1/bin/../lib/gcc/arm-none-eabi/9.2.1/../../../../arm-none-eabi/lib/thumb/v7e-m/nofp\libstdc++.a(si_class_type_info.o)
                0x0800e074                __cxxabiv1::__si_class_type_info::__do_dyncast(int, __cxxabiv1::__class_type_info::__sub_kind, __cxxabiv1::__class_type_info const*, void const*, __cxxabiv1::__class_type_info const*, void const*, __cxxabiv1::__class_type_info::__dyncast_result&) const
 .text._ZNK10__cxxabiv120__si_class_type_info11__do_upcastEPKNS_17__class_type_infoEPKvRNS1_15__upcast_resultE
                0x0800e0f8       0x2c c:/progra~2/gnutoo~1/92019-~1/bin/../lib/gcc/arm-none-eabi/9.2.1/../../../../arm-none-eabi/lib/thumb/v7e-m/nofp\libstdc++.a(si_class_type_info.o)
                0x0800e0f8                __cxxabiv1::__si_class_type_info::__do_upcast(__cxxabiv1::__class_type_info const*, void const*, __cxxabiv1::__class_type_info::__upcast_result&) const
 .text._ZNSt9type_infoD2Ev
                0x0800e124        0x4 c:/progra~2/gnutoo~1/92019-~1/bin/../lib/gcc/arm-none-eabi/9.2.1/../../../../arm-none-eabi/lib/thumb/v7e-m/nofp\libstdc++.a(tinfo.o)
                0x0800e124                std::type_info::~type_info()
                0x0800e124                std::type_info::~type_info()
 .text._ZNKSt9type_info14__is_pointer_pEv
                0x0800e128        0x4 c:/progra~2/gnutoo~1/92019-~1/bin/../lib/gcc/arm-none-eabi/9.2.1/../../../../arm-none-eabi/lib/thumb/v7e-m/nofp\libstdc++.a(tinfo.o)
                0x0800e128                std::type_info::__is_pointer_p() const
                0x0800e128                std::type_info::__is_function_p() const
 .text._ZNKSt9type_infoeqERKS_
                0x0800e12c       0x2c c:/progra~2/gnutoo~1/92019-~1/bin/../lib/gcc/arm-none-eabi/9.2.1/../../../../arm-none-eabi/lib/thumb/v7e-m/nofp\libstdc++.a(tinfo.o)
                0x0800e12c                std::type_info::operator==(std::type_info const&) const
 .text._ZN9__gnu_cxx27__verbose_terminate_handlerEv
                0x0800e158      0x10c c:/progra~2/gnutoo~1/92019-~1/bin/../lib/gcc/arm-none-eabi/9.2.1/../../../../arm-none-eabi/lib/thumb/v7e-m/nofp\libstdc++.a(vterminate.o)
                0x0800e158                __gnu_cxx::__verbose_terminate_handler()
 .text._ZN12_GLOBAL__N_14pool4freeEPv.constprop.0
                0x0800e264       0x8c c:/progra~2/gnutoo~1/92019-~1/bin/../lib/gcc/arm-none-eabi/9.2.1/../../../../arm-none-eabi/lib/thumb/v7e-m/nofp\libstdc++.a(eh_alloc.o)
 .text._ZN12_GLOBAL__N_14pool8allocateEj.constprop.0
                0x0800e2f0       0x50 c:/progra~2/gnutoo~1/92019-~1/bin/../lib/gcc/arm-none-eabi/9.2.1/../../../../arm-none-eabi/lib/thumb/v7e-m/nofp\libstdc++.a(eh_alloc.o)
 .text.__cxa_allocate_exception
                0x0800e340       0x30 c:/progra~2/gnutoo~1/92019-~1/bin/../lib/gcc/arm-none-eabi/9.2.1/../../../../arm-none-eabi/lib/thumb/v7e-m/nofp\libstdc++.a(eh_alloc.o)
                0x0800e340                __cxa_allocate_exception
 .text.__cxa_free_exception
                0x0800e370       0x20 c:/progra~2/gnutoo~1/92019-~1/bin/../lib/gcc/arm-none-eabi/9.2.1/../../../../arm-none-eabi/lib/thumb/v7e-m/nofp\libstdc++.a(eh_alloc.o)
                0x0800e370                __cxa_free_exception
 .text.startup._GLOBAL__sub_I__ZN9__gnu_cxx9__freeresEv
                0x0800e390       0x28 c:/progra~2/gnutoo~1/92019-~1/bin/../lib/gcc/arm-none-eabi/9.2.1/../../../../arm-none-eabi/lib/thumb/v7e-m/nofp\libstdc++.a(eh_alloc.o)
 .text._ZN10__cxxabiv1L24__is_gxx_exception_classEPc
                0x0800e3b8       0x3c c:/progra~2/gnutoo~1/92019-~1/bin/../lib/gcc/arm-none-eabi/9.2.1/../../../../arm-none-eabi/lib/thumb/v7e-m/nofp\libstdc++.a(eh_call.o)
 .text.__cxa_call_terminate
                0x0800e3f4       0x20 c:/progra~2/gnutoo~1/92019-~1/bin/../lib/gcc/arm-none-eabi/9.2.1/../../../../arm-none-eabi/lib/thumb/v7e-m/nofp\libstdc++.a(eh_call.o)
                0x0800e3f4                __cxa_call_terminate
 .text.unlikely.__cxa_call_unexpected
                0x0800e414       0xe0 c:/progra~2/gnutoo~1/92019-~1/bin/../lib/gcc/arm-none-eabi/9.2.1/../../../../arm-none-eabi/lib/thumb/v7e-m/nofp\libstdc++.a(eh_call.o)
                0x0800e414                __cxa_call_unexpected
 .text.__cxa_begin_catch
                0x0800e4f4       0x7c c:/progra~2/gnutoo~1/92019-~1/bin/../lib/gcc/arm-none-eabi/9.2.1/../../../../arm-none-eabi/lib/thumb/v7e-m/nofp\libstdc++.a(eh_catch.o)
                0x0800e4f4                __cxa_begin_catch
 .text.__cxa_end_catch
                0x0800e570       0x88 c:/progra~2/gnutoo~1/92019-~1/bin/../lib/gcc/arm-none-eabi/9.2.1/../../../../arm-none-eabi/lib/thumb/v7e-m/nofp\libstdc++.a(eh_catch.o)
                0x0800e570                __cxa_end_catch
 .text._ZL23__gxx_exception_cleanup19_Unwind_Reason_CodeP21_Unwind_Control_Block
                0x0800e5f8       0x44 c:/progra~2/gnutoo~1/92019-~1/bin/../lib/gcc/arm-none-eabi/9.2.1/../../../../arm-none-eabi/lib/thumb/v7e-m/nofp\libstdc++.a(eh_throw.o)
 .text.__cxa_init_primary_exception
                0x0800e63c       0x58 c:/progra~2/gnutoo~1/92019-~1/bin/../lib/gcc/arm-none-eabi/9.2.1/../../../../arm-none-eabi/lib/thumb/v7e-m/nofp\libstdc++.a(eh_throw.o)
                0x0800e63c                __cxa_init_primary_exception
 .text.__cxa_throw
                0x0800e694       0x38 c:/progra~2/gnutoo~1/92019-~1/bin/../lib/gcc/arm-none-eabi/9.2.1/../../../../arm-none-eabi/lib/thumb/v7e-m/nofp\libstdc++.a(eh_throw.o)
                0x0800e694                __cxa_throw
 .text.__cxa_rethrow
                0x0800e6cc       0x70 c:/progra~2/gnutoo~1/92019-~1/bin/../lib/gcc/arm-none-eabi/9.2.1/../../../../arm-none-eabi/lib/thumb/v7e-m/nofp\libstdc++.a(eh_throw.o)
                0x0800e6cc                __cxa_rethrow
 .text.__cxa_current_exception_type
                0x0800e73c       0x1c c:/progra~2/gnutoo~1/92019-~1/bin/../lib/gcc/arm-none-eabi/9.2.1/../../../../arm-none-eabi/lib/thumb/v7e-m/nofp\libstdc++.a(eh_type.o)
                0x0800e73c                __cxa_current_exception_type
 .text.unlikely
                0x0800e758        0xc c:/progra~2/gnutoo~1/92019-~1/bin/../lib/gcc/arm-none-eabi/9.2.1/thumb/v7e-m/nofp\libgcc.a(pr-support.o)
                0x0800e758                _Unwind_GetDataRelBase
                0x0800e75e                _Unwind_GetTextRelBase
 .text.abort    0x0800e764       0x10 c:/progra~2/gnutoo~1/92019-~1/bin/../lib/gcc/arm-none-eabi/9.2.1/../../../../arm-none-eabi/lib/thumb/v7e-m/nofp\libc.a(lib_a-abort.o)
                0x0800e764                abort
 .text.__errno  0x0800e774        0xc c:/progra~2/gnutoo~1/92019-~1/bin/../lib/gcc/arm-none-eabi/9.2.1/../../../../arm-none-eabi/lib/thumb/v7e-m/nofp\libc.a(lib_a-errno.o)
                0x0800e774                __errno
 .text.fputc    0x0800e780       0x58 c:/progra~2/gnutoo~1/92019-~1/bin/../lib/gcc/arm-none-eabi/9.2.1/../../../../arm-none-eabi/lib/thumb/v7e-m/nofp\libc.a(lib_a-fputc.o)
                0x0800e780                fputc
 .text._fputs_r
                0x0800e7d8       0x88 c:/progra~2/gnutoo~1/92019-~1/bin/../lib/gcc/arm-none-eabi/9.2.1/../../../../arm-none-eabi/lib/thumb/v7e-m/nofp\libc.a(lib_a-fputs.o)
                0x0800e7d8                _fputs_r
 .text.fputs    0x0800e860       0x10 c:/progra~2/gnutoo~1/92019-~1/bin/../lib/gcc/arm-none-eabi/9.2.1/../../../../arm-none-eabi/lib/thumb/v7e-m/nofp\libc.a(lib_a-fputs.o)
                0x0800e860                fputs
 .text._fstat_r
                0x0800e870       0x2c c:/progra~2/gnutoo~1/92019-~1/bin/../lib/gcc/arm-none-eabi/9.2.1/../../../../arm-none-eabi/lib/thumb/v7e-m/nofp\libc.a(lib_a-fstatr.o)
                0x0800e870                _fstat_r
 .text.__sfvwrite_r
                0x0800e89c      0x2e0 c:/progra~2/gnutoo~1/92019-~1/bin/../lib/gcc/arm-none-eabi/9.2.1/../../../../arm-none-eabi/lib/thumb/v7e-m/nofp\libc.a(lib_a-fvwrite.o)
                0x0800e89c                __sfvwrite_r
 .text._fwrite_r
                0x0800eb7c       0xa8 c:/progra~2/gnutoo~1/92019-~1/bin/../lib/gcc/arm-none-eabi/9.2.1/../../../../arm-none-eabi/lib/thumb/v7e-m/nofp\libc.a(lib_a-fwrite.o)
                0x0800eb7c                _fwrite_r
 .text.fwrite   0x0800ec24       0x20 c:/progra~2/gnutoo~1/92019-~1/bin/../lib/gcc/arm-none-eabi/9.2.1/../../../../arm-none-eabi/lib/thumb/v7e-m/nofp\libc.a(lib_a-fwrite.o)
                0x0800ec24                fwrite
 .text.__libc_init_array
                0x0800ec44       0x48 c:/progra~2/gnutoo~1/92019-~1/bin/../lib/gcc/arm-none-eabi/9.2.1/../../../../arm-none-eabi/lib/thumb/v7e-m/nofp\libc.a(lib_a-init.o)
                0x0800ec44                __libc_init_array
 .text.__retarget_lock_init_recursive
                0x0800ec8c        0x4 c:/progra~2/gnutoo~1/92019-~1/bin/../lib/gcc/arm-none-eabi/9.2.1/../../../../arm-none-eabi/lib/thumb/v7e-m/nofp\libc.a(lib_a-lock.o)
                0x0800ec8c                __retarget_lock_init_recursive
 .text.__retarget_lock_close_recursive
                0x0800ec90        0x4 c:/progra~2/gnutoo~1/92019-~1/bin/../lib/gcc/arm-none-eabi/9.2.1/../../../../arm-none-eabi/lib/thumb/v7e-m/nofp\libc.a(lib_a-lock.o)
                0x0800ec90                __retarget_lock_close_recursive
 .text.__retarget_lock_acquire_recursive
                0x0800ec94        0x4 c:/progra~2/gnutoo~1/92019-~1/bin/../lib/gcc/arm-none-eabi/9.2.1/../../../../arm-none-eabi/lib/thumb/v7e-m/nofp\libc.a(lib_a-lock.o)
                0x0800ec94                __retarget_lock_acquire_recursive
 .text.__retarget_lock_release_recursive
                0x0800ec98        0x4 c:/progra~2/gnutoo~1/92019-~1/bin/../lib/gcc/arm-none-eabi/9.2.1/../../../../arm-none-eabi/lib/thumb/v7e-m/nofp\libc.a(lib_a-lock.o)
                0x0800ec98                __retarget_lock_release_recursive
 .text.__swhatbuf_r
                0x0800ec9c       0x5c c:/progra~2/gnutoo~1/92019-~1/bin/../lib/gcc/arm-none-eabi/9.2.1/../../../../arm-none-eabi/lib/thumb/v7e-m/nofp\libc.a(lib_a-makebuf.o)
                0x0800ec9c                __swhatbuf_r
 .text.__smakebuf_r
                0x0800ecf8       0x98 c:/progra~2/gnutoo~1/92019-~1/bin/../lib/gcc/arm-none-eabi/9.2.1/../../../../arm-none-eabi/lib/thumb/v7e-m/nofp\libc.a(lib_a-makebuf.o)
                0x0800ecf8                __smakebuf_r
 .text.malloc   0x0800ed90       0x10 c:/progra~2/gnutoo~1/92019-~1/bin/../lib/gcc/arm-none-eabi/9.2.1/../../../../arm-none-eabi/lib/thumb/v7e-m/nofp\libc.a(lib_a-malloc.o)
                0x0800ed90                malloc
 .text.free     0x0800eda0       0x10 c:/progra~2/gnutoo~1/92019-~1/bin/../lib/gcc/arm-none-eabi/9.2.1/../../../../arm-none-eabi/lib/thumb/v7e-m/nofp\libc.a(lib_a-malloc.o)
                0x0800eda0                free
 .text._malloc_r
                0x0800edb0      0x574 c:/progra~2/gnutoo~1/92019-~1/bin/../lib/gcc/arm-none-eabi/9.2.1/../../../../arm-none-eabi/lib/thumb/v7e-m/nofp\libc.a(lib_a-mallocr.o)
                0x0800edb0                _malloc_r
 .text.memcmp   0x0800f324       0x60 c:/progra~2/gnutoo~1/92019-~1/bin/../lib/gcc/arm-none-eabi/9.2.1/../../../../arm-none-eabi/lib/thumb/v7e-m/nofp\libc.a(lib_a-memcmp.o)
                0x0800f324                memcmp
 .text.memmove  0x0800f384       0xd8 c:/progra~2/gnutoo~1/92019-~1/bin/../lib/gcc/arm-none-eabi/9.2.1/../../../../arm-none-eabi/lib/thumb/v7e-m/nofp\libc.a(lib_a-memmove.o)
                0x0800f384                memmove
 .text.memset   0x0800f45c       0xa0 c:/progra~2/gnutoo~1/92019-~1/bin/../lib/gcc/arm-none-eabi/9.2.1/../../../../arm-none-eabi/lib/thumb/v7e-m/nofp\libc.a(lib_a-memset.o)
                0x0800f45c                memset
 .text.__malloc_lock
                0x0800f4fc        0xc c:/progra~2/gnutoo~1/92019-~1/bin/../lib/gcc/arm-none-eabi/9.2.1/../../../../arm-none-eabi/lib/thumb/v7e-m/nofp\libc.a(lib_a-mlock.o)
                0x0800f4fc                __malloc_lock
 .text.__malloc_unlock
                0x0800f508        0xc c:/progra~2/gnutoo~1/92019-~1/bin/../lib/gcc/arm-none-eabi/9.2.1/../../../../arm-none-eabi/lib/thumb/v7e-m/nofp\libc.a(lib_a-mlock.o)
                0x0800f508                __malloc_unlock
 .text.printf   0x0800f514       0x28 c:/progra~2/gnutoo~1/92019-~1/bin/../lib/gcc/arm-none-eabi/9.2.1/../../../../arm-none-eabi/lib/thumb/v7e-m/nofp\libc.a(lib_a-printf.o)
                0x0800f514                printf
 .text._putc_r  0x0800f53c       0x74 c:/progra~2/gnutoo~1/92019-~1/bin/../lib/gcc/arm-none-eabi/9.2.1/../../../../arm-none-eabi/lib/thumb/v7e-m/nofp\libc.a(lib_a-putc.o)
                0x0800f53c                _putc_r
 .text._puts_r  0x0800f5b0       0x9c c:/progra~2/gnutoo~1/92019-~1/bin/../lib/gcc/arm-none-eabi/9.2.1/../../../../arm-none-eabi/lib/thumb/v7e-m/nofp\libc.a(lib_a-puts.o)
                0x0800f5b0                _puts_r
 .text.puts     0x0800f64c       0x10 c:/progra~2/gnutoo~1/92019-~1/bin/../lib/gcc/arm-none-eabi/9.2.1/../../../../arm-none-eabi/lib/thumb/v7e-m/nofp\libc.a(lib_a-puts.o)
                0x0800f64c                puts
 .text.realloc  0x0800f65c       0x10 c:/progra~2/gnutoo~1/92019-~1/bin/../lib/gcc/arm-none-eabi/9.2.1/../../../../arm-none-eabi/lib/thumb/v7e-m/nofp\libc.a(lib_a-realloc.o)
                0x0800f65c                realloc
 .text._realloc_r
                0x0800f66c      0x3e0 c:/progra~2/gnutoo~1/92019-~1/bin/../lib/gcc/arm-none-eabi/9.2.1/../../../../arm-none-eabi/lib/thumb/v7e-m/nofp\libc.a(lib_a-reallocr.o)
                0x0800f66c                _realloc_r
 .text._sbrk_r  0x0800fa4c       0x24 c:/progra~2/gnutoo~1/92019-~1/bin/../lib/gcc/arm-none-eabi/9.2.1/../../../../arm-none-eabi/lib/thumb/v7e-m/nofp\libc.a(lib_a-sbrkr.o)
                0x0800fa4c                _sbrk_r
 .text._raise_r
                0x0800fa70       0x58 c:/progra~2/gnutoo~1/92019-~1/bin/../lib/gcc/arm-none-eabi/9.2.1/../../../../arm-none-eabi/lib/thumb/v7e-m/nofp\libc.a(lib_a-signal.o)
                0x0800fa70                _raise_r
 .text.raise    0x0800fac8       0x10 c:/progra~2/gnutoo~1/92019-~1/bin/../lib/gcc/arm-none-eabi/9.2.1/../../../../arm-none-eabi/lib/thumb/v7e-m/nofp\libc.a(lib_a-signal.o)
                0x0800fac8                raise
 .text._kill_r  0x0800fad8       0x2c c:/progra~2/gnutoo~1/92019-~1/bin/../lib/gcc/arm-none-eabi/9.2.1/../../../../arm-none-eabi/lib/thumb/v7e-m/nofp\libc.a(lib_a-signalr.o)
                0x0800fad8                _kill_r
 .text._getpid_r
                0x0800fb04        0x4 c:/progra~2/gnutoo~1/92019-~1/bin/../lib/gcc/arm-none-eabi/9.2.1/../../../../arm-none-eabi/lib/thumb/v7e-m/nofp\libc.a(lib_a-signalr.o)
                0x0800fb04                _getpid_r
 .text.sprintf  0x0800fb08       0x44 c:/progra~2/gnutoo~1/92019-~1/bin/../lib/gcc/arm-none-eabi/9.2.1/../../../../arm-none-eabi/lib/thumb/v7e-m/nofp\libc.a(lib_a-sprintf.o)
                0x0800fb08                sprintf
 .text.__sread  0x0800fb4c       0x24 c:/progra~2/gnutoo~1/92019-~1/bin/../lib/gcc/arm-none-eabi/9.2.1/../../../../arm-none-eabi/lib/thumb/v7e-m/nofp\libc.a(lib_a-stdio.o)
                0x0800fb4c                __sread
 .text.__swrite
                0x0800fb70       0x40 c:/progra~2/gnutoo~1/92019-~1/bin/../lib/gcc/arm-none-eabi/9.2.1/../../../../arm-none-eabi/lib/thumb/v7e-m/nofp\libc.a(lib_a-stdio.o)
                0x0800fb70                __swrite
 .text.__sseek  0x0800fbb0       0x20 c:/progra~2/gnutoo~1/92019-~1/bin/../lib/gcc/arm-none-eabi/9.2.1/../../../../arm-none-eabi/lib/thumb/v7e-m/nofp\libc.a(lib_a-stdio.o)
                0x0800fbb0                __sseek
 .text.__sclose
                0x0800fbd0        0x8 c:/progra~2/gnutoo~1/92019-~1/bin/../lib/gcc/arm-none-eabi/9.2.1/../../../../arm-none-eabi/lib/thumb/v7e-m/nofp\libc.a(lib_a-stdio.o)
                0x0800fbd0                __sclose
 .text.strncmp  0x0800fbd8       0x7c c:/progra~2/gnutoo~1/92019-~1/bin/../lib/gcc/arm-none-eabi/9.2.1/../../../../arm-none-eabi/lib/thumb/v7e-m/nofp\libc.a(lib_a-strncmp.o)
                0x0800fbd8                strncmp
 .text._svfprintf_r
                0x0800fc54     0x1acc c:/progra~2/gnutoo~1/92019-~1/bin/../lib/gcc/arm-none-eabi/9.2.1/../../../../arm-none-eabi/lib/thumb/v7e-m/nofp\libc.a(lib_a-svfprintf.o)
                0x0800fc54                _svfprintf_r
 .text.write    0x08011720       0x18 c:/progra~2/gnutoo~1/92019-~1/bin/../lib/gcc/arm-none-eabi/9.2.1/../../../../arm-none-eabi/lib/thumb/v7e-m/nofp\libc.a(lib_a-syswrite.o)
                0x08011720                write
 .text._vfprintf_r
                0x08011738     0x1b84 c:/progra~2/gnutoo~1/92019-~1/bin/../lib/gcc/arm-none-eabi/9.2.1/../../../../arm-none-eabi/lib/thumb/v7e-m/nofp\libc.a(lib_a-vfprintf.o)
                0x08011738                _vfprintf_r
 .text.__sbprintf
                0x080132bc       0x84 c:/progra~2/gnutoo~1/92019-~1/bin/../lib/gcc/arm-none-eabi/9.2.1/../../../../arm-none-eabi/lib/thumb/v7e-m/nofp\libc.a(lib_a-vfprintf.o)
 .text.__swbuf_r
                0x08013340       0xb0 c:/progra~2/gnutoo~1/92019-~1/bin/../lib/gcc/arm-none-eabi/9.2.1/../../../../arm-none-eabi/lib/thumb/v7e-m/nofp\libc.a(lib_a-wbuf.o)
                0x08013340                __swbuf_r
 .text._write_r
                0x080133f0       0x2c c:/progra~2/gnutoo~1/92019-~1/bin/../lib/gcc/arm-none-eabi/9.2.1/../../../../arm-none-eabi/lib/thumb/v7e-m/nofp\libc.a(lib_a-writer.o)
                0x080133f0                _write_r
 .text.__swsetup_r
                0x0801341c       0xd0 c:/progra~2/gnutoo~1/92019-~1/bin/../lib/gcc/arm-none-eabi/9.2.1/../../../../arm-none-eabi/lib/thumb/v7e-m/nofp\libc.a(lib_a-wsetup.o)
                0x0801341c                __swsetup_r
 .text.startup.register_fini
                0x080134ec       0x14 c:/progra~2/gnutoo~1/92019-~1/bin/../lib/gcc/arm-none-eabi/9.2.1/../../../../arm-none-eabi/lib/thumb/v7e-m/nofp\libc.a(lib_a-__call_atexit.o)
 .text.atexit   0x08013500        0xc c:/progra~2/gnutoo~1/92019-~1/bin/../lib/gcc/arm-none-eabi/9.2.1/../../../../arm-none-eabi/lib/thumb/v7e-m/nofp\libc.a(lib_a-atexit.o)
                0x08013500                atexit
 .text._close_r
                0x0801350c       0x24 c:/progra~2/gnutoo~1/92019-~1/bin/../lib/gcc/arm-none-eabi/9.2.1/../../../../arm-none-eabi/lib/thumb/v7e-m/nofp\libc.a(lib_a-closer.o)
                0x0801350c                _close_r
 .text.quorem   0x08013530      0x11c c:/progra~2/gnutoo~1/92019-~1/bin/../lib/gcc/arm-none-eabi/9.2.1/../../../../arm-none-eabi/lib/thumb/v7e-m/nofp\libc.a(lib_a-dtoa.o)
 *fill*         0x0801364c        0x4 
 .text._dtoa_r  0x08013650      0xeb8 c:/progra~2/gnutoo~1/92019-~1/bin/../lib/gcc/arm-none-eabi/9.2.1/../../../../arm-none-eabi/lib/thumb/v7e-m/nofp\libc.a(lib_a-dtoa.o)
                0x08013650                _dtoa_r
 .text.__sflush_r
                0x08014508      0x130 c:/progra~2/gnutoo~1/92019-~1/bin/../lib/gcc/arm-none-eabi/9.2.1/../../../../arm-none-eabi/lib/thumb/v7e-m/nofp\libc.a(lib_a-fflush.o)
                0x08014508                __sflush_r
 .text._fflush_r
                0x08014638       0x5c c:/progra~2/gnutoo~1/92019-~1/bin/../lib/gcc/arm-none-eabi/9.2.1/../../../../arm-none-eabi/lib/thumb/v7e-m/nofp\libc.a(lib_a-fflush.o)
                0x08014638                _fflush_r
 .text.std      0x08014694       0x50 c:/progra~2/gnutoo~1/92019-~1/bin/../lib/gcc/arm-none-eabi/9.2.1/../../../../arm-none-eabi/lib/thumb/v7e-m/nofp\libc.a(lib_a-findfp.o)
 .text._cleanup_r
                0x080146e4        0xc c:/progra~2/gnutoo~1/92019-~1/bin/../lib/gcc/arm-none-eabi/9.2.1/../../../../arm-none-eabi/lib/thumb/v7e-m/nofp\libc.a(lib_a-findfp.o)
                0x080146e4                _cleanup_r
 .text.__sinit  0x080146f0       0x54 c:/progra~2/gnutoo~1/92019-~1/bin/../lib/gcc/arm-none-eabi/9.2.1/../../../../arm-none-eabi/lib/thumb/v7e-m/nofp\libc.a(lib_a-findfp.o)
                0x080146f0                __sinit
 .text.__sfp_lock_acquire
                0x08014744        0xc c:/progra~2/gnutoo~1/92019-~1/bin/../lib/gcc/arm-none-eabi/9.2.1/../../../../arm-none-eabi/lib/thumb/v7e-m/nofp\libc.a(lib_a-findfp.o)
                0x08014744                __sfp_lock_acquire
 .text.__sfp_lock_release
                0x08014750        0xc c:/progra~2/gnutoo~1/92019-~1/bin/../lib/gcc/arm-none-eabi/9.2.1/../../../../arm-none-eabi/lib/thumb/v7e-m/nofp\libc.a(lib_a-findfp.o)
                0x08014750                __sfp_lock_release
 .text.__libc_fini_array
                0x0801475c       0x2c c:/progra~2/gnutoo~1/92019-~1/bin/../lib/gcc/arm-none-eabi/9.2.1/../../../../arm-none-eabi/lib/thumb/v7e-m/nofp\libc.a(lib_a-fini.o)
                0x0801475c                __libc_fini_array
 .text._malloc_trim_r
                0x08014788       0xa0 c:/progra~2/gnutoo~1/92019-~1/bin/../lib/gcc/arm-none-eabi/9.2.1/../../../../arm-none-eabi/lib/thumb/v7e-m/nofp\libc.a(lib_a-freer.o)
                0x08014788                _malloc_trim_r
 .text._free_r  0x08014828      0x208 c:/progra~2/gnutoo~1/92019-~1/bin/../lib/gcc/arm-none-eabi/9.2.1/../../../../arm-none-eabi/lib/thumb/v7e-m/nofp\libc.a(lib_a-freer.o)
                0x08014828                _free_r
 .text._fwalk_reent
                0x08014a30       0x48 c:/progra~2/gnutoo~1/92019-~1/bin/../lib/gcc/arm-none-eabi/9.2.1/../../../../arm-none-eabi/lib/thumb/v7e-m/nofp\libc.a(lib_a-fwalk.o)
                0x08014a30                _fwalk_reent
 .text._isatty_r
                0x08014a78       0x24 c:/progra~2/gnutoo~1/92019-~1/bin/../lib/gcc/arm-none-eabi/9.2.1/../../../../arm-none-eabi/lib/thumb/v7e-m/nofp\libc.a(lib_a-isattyr.o)
                0x08014a78                _isatty_r
 .text._localeconv_r
                0x08014a9c        0x8 c:/progra~2/gnutoo~1/92019-~1/bin/../lib/gcc/arm-none-eabi/9.2.1/../../../../arm-none-eabi/lib/thumb/v7e-m/nofp\libc.a(lib_a-localeconv.o)
                0x08014a9c                _localeconv_r
 .text._lseek_r
                0x08014aa4       0x2c c:/progra~2/gnutoo~1/92019-~1/bin/../lib/gcc/arm-none-eabi/9.2.1/../../../../arm-none-eabi/lib/thumb/v7e-m/nofp\libc.a(lib_a-lseekr.o)
                0x08014aa4                _lseek_r
 .text._Balloc  0x08014ad0       0x4c c:/progra~2/gnutoo~1/92019-~1/bin/../lib/gcc/arm-none-eabi/9.2.1/../../../../arm-none-eabi/lib/thumb/v7e-m/nofp\libc.a(lib_a-mprec.o)
                0x08014ad0                _Balloc
 .text._Bfree   0x08014b1c       0x14 c:/progra~2/gnutoo~1/92019-~1/bin/../lib/gcc/arm-none-eabi/9.2.1/../../../../arm-none-eabi/lib/thumb/v7e-m/nofp\libc.a(lib_a-mprec.o)
                0x08014b1c                _Bfree
 .text.__multadd
                0x08014b30       0x80 c:/progra~2/gnutoo~1/92019-~1/bin/../lib/gcc/arm-none-eabi/9.2.1/../../../../arm-none-eabi/lib/thumb/v7e-m/nofp\libc.a(lib_a-mprec.o)
                0x08014b30                __multadd
 .text.__hi0bits
                0x08014bb0       0x40 c:/progra~2/gnutoo~1/92019-~1/bin/../lib/gcc/arm-none-eabi/9.2.1/../../../../arm-none-eabi/lib/thumb/v7e-m/nofp\libc.a(lib_a-mprec.o)
                0x08014bb0                __hi0bits
 .text.__lo0bits
                0x08014bf0       0x60 c:/progra~2/gnutoo~1/92019-~1/bin/../lib/gcc/arm-none-eabi/9.2.1/../../../../arm-none-eabi/lib/thumb/v7e-m/nofp\libc.a(lib_a-mprec.o)
                0x08014bf0                __lo0bits
 .text.__i2b    0x08014c50       0x14 c:/progra~2/gnutoo~1/92019-~1/bin/../lib/gcc/arm-none-eabi/9.2.1/../../../../arm-none-eabi/lib/thumb/v7e-m/nofp\libc.a(lib_a-mprec.o)
                0x08014c50                __i2b
 .text.__multiply
                0x08014c64      0x144 c:/progra~2/gnutoo~1/92019-~1/bin/../lib/gcc/arm-none-eabi/9.2.1/../../../../arm-none-eabi/lib/thumb/v7e-m/nofp\libc.a(lib_a-mprec.o)
                0x08014c64                __multiply
 .text.__pow5mult
                0x08014da8       0xa0 c:/progra~2/gnutoo~1/92019-~1/bin/../lib/gcc/arm-none-eabi/9.2.1/../../../../arm-none-eabi/lib/thumb/v7e-m/nofp\libc.a(lib_a-mprec.o)
                0x08014da8                __pow5mult
 .text.__lshift
                0x08014e48       0xd4 c:/progra~2/gnutoo~1/92019-~1/bin/../lib/gcc/arm-none-eabi/9.2.1/../../../../arm-none-eabi/lib/thumb/v7e-m/nofp\libc.a(lib_a-mprec.o)
                0x08014e48                __lshift
 .text.__mcmp   0x08014f1c       0x3c c:/progra~2/gnutoo~1/92019-~1/bin/../lib/gcc/arm-none-eabi/9.2.1/../../../../arm-none-eabi/lib/thumb/v7e-m/nofp\libc.a(lib_a-mprec.o)
                0x08014f1c                __mcmp
 .text.__mdiff  0x08014f58      0x138 c:/progra~2/gnutoo~1/92019-~1/bin/../lib/gcc/arm-none-eabi/9.2.1/../../../../arm-none-eabi/lib/thumb/v7e-m/nofp\libc.a(lib_a-mprec.o)
                0x08014f58                __mdiff
 .text.__d2b    0x08015090       0xa8 c:/progra~2/gnutoo~1/92019-~1/bin/../lib/gcc/arm-none-eabi/9.2.1/../../../../arm-none-eabi/lib/thumb/v7e-m/nofp\libc.a(lib_a-mprec.o)
                0x08015090                __d2b
 .text._read_r  0x08015138       0x2c c:/progra~2/gnutoo~1/92019-~1/bin/../lib/gcc/arm-none-eabi/9.2.1/../../../../arm-none-eabi/lib/thumb/v7e-m/nofp\libc.a(lib_a-readr.o)
                0x08015138                _read_r
 .text.frexp    0x08015164       0x70 c:/progra~2/gnutoo~1/92019-~1/bin/../lib/gcc/arm-none-eabi/9.2.1/../../../../arm-none-eabi/lib/thumb/v7e-m/nofp\libc.a(lib_a-s_frexp.o)
                0x08015164                frexp
 .text.strncpy  0x080151d4       0x68 c:/progra~2/gnutoo~1/92019-~1/bin/../lib/gcc/arm-none-eabi/9.2.1/../../../../arm-none-eabi/lib/thumb/v7e-m/nofp\libc.a(lib_a-strncpy.o)
                0x080151d4                strncpy
 .text.__ssprint_r
                0x0801523c       0xf8 c:/progra~2/gnutoo~1/92019-~1/bin/../lib/gcc/arm-none-eabi/9.2.1/../../../../arm-none-eabi/lib/thumb/v7e-m/nofp\libc.a(lib_a-svfiprintf.o)
                0x0801523c                __ssprint_r
 .text.__sprint_r.part.0
                0x08015334       0x78 c:/progra~2/gnutoo~1/92019-~1/bin/../lib/gcc/arm-none-eabi/9.2.1/../../../../arm-none-eabi/lib/thumb/v7e-m/nofp\libc.a(lib_a-vfiprintf.o)
 .text.__sprint_r
                0x080153ac       0x14 c:/progra~2/gnutoo~1/92019-~1/bin/../lib/gcc/arm-none-eabi/9.2.1/../../../../arm-none-eabi/lib/thumb/v7e-m/nofp\libc.a(lib_a-vfiprintf.o)
                0x080153ac                __sprint_r
 .text.__register_exitproc
                0x080153c0       0x8c c:/progra~2/gnutoo~1/92019-~1/bin/../lib/gcc/arm-none-eabi/9.2.1/../../../../arm-none-eabi/lib/thumb/v7e-m/nofp\libc.a(lib_a-__atexit.o)
                0x080153c0                __register_exitproc
 .text._calloc_r
                0x0801544c       0x60 c:/progra~2/gnutoo~1/92019-~1/bin/../lib/gcc/arm-none-eabi/9.2.1/../../../../arm-none-eabi/lib/thumb/v7e-m/nofp\libc.a(lib_a-callocr.o)
                0x0801544c                _calloc_r
 .text._fclose_r
                0x080154ac       0xcc c:/progra~2/gnutoo~1/92019-~1/bin/../lib/gcc/arm-none-eabi/9.2.1/../../../../arm-none-eabi/lib/thumb/v7e-m/nofp\libc.a(lib_a-fclose.o)
                0x080154ac                _fclose_r
 .text.__fputwc
                0x08015578       0xa8 c:/progra~2/gnutoo~1/92019-~1/bin/../lib/gcc/arm-none-eabi/9.2.1/../../../../arm-none-eabi/lib/thumb/v7e-m/nofp\libc.a(lib_a-fputwc.o)
                0x08015578                __fputwc
 .text._fputwc_r
                0x08015620       0x68 c:/progra~2/gnutoo~1/92019-~1/bin/../lib/gcc/arm-none-eabi/9.2.1/../../../../arm-none-eabi/lib/thumb/v7e-m/nofp\libc.a(lib_a-fputwc.o)
                0x08015620                _fputwc_r
 .text.__locale_mb_cur_max
                0x08015688        0xc c:/progra~2/gnutoo~1/92019-~1/bin/../lib/gcc/arm-none-eabi/9.2.1/../../../../arm-none-eabi/lib/thumb/v7e-m/nofp\libc.a(lib_a-locale.o)
                0x08015688                __locale_mb_cur_max
 .text.__ascii_mbtowc
                0x08015694       0x2c c:/progra~2/gnutoo~1/92019-~1/bin/../lib/gcc/arm-none-eabi/9.2.1/../../../../arm-none-eabi/lib/thumb/v7e-m/nofp\libc.a(lib_a-mbtowc_r.o)
                0x08015694                __ascii_mbtowc
 .text._wcrtomb_r
                0x080156c0       0x3c c:/progra~2/gnutoo~1/92019-~1/bin/../lib/gcc/arm-none-eabi/9.2.1/../../../../arm-none-eabi/lib/thumb/v7e-m/nofp\libc.a(lib_a-wcrtomb.o)
                0x080156c0                _wcrtomb_r
 .text.__ascii_wctomb
                0x080156fc       0x1c c:/progra~2/gnutoo~1/92019-~1/bin/../lib/gcc/arm-none-eabi/9.2.1/../../../../arm-none-eabi/lib/thumb/v7e-m/nofp\libc.a(lib_a-wctomb_r.o)
                0x080156fc                __ascii_wctomb
 *(.glue_7)
 .glue_7        0x08015718        0x0 linker stubs
 *(.glue_7t)
 .glue_7t       0x08015718        0x0 linker stubs
 *(.eh_frame)
 .eh_frame      0x08015718        0x0 c:/progra~2/gnutoo~1/92019-~1/bin/../lib/gcc/arm-none-eabi/9.2.1/thumb/v7e-m/nofp/crtbegin.o
 *(.init)
 .init          0x08015718        0x4 c:/progra~2/gnutoo~1/92019-~1/bin/../lib/gcc/arm-none-eabi/9.2.1/thumb/v7e-m/nofp/crti.o
                0x08015718                _init
 .init          0x0801571c        0x8 c:/progra~2/gnutoo~1/92019-~1/bin/../lib/gcc/arm-none-eabi/9.2.1/thumb/v7e-m/nofp/crtn.o
 *(.fini)